Archive member included to satisfy reference by file (symbol)

d:/doaa maher/0000-iti-9m/00-arm_tourkey/tools/arm gcc/bin/../lib/gcc/arm-none-eabi/5.4.1/armv7e-m\libgcc.a(_arm_addsubsf3.o)
                              ./src/USART.o (__aeabi_fsub)
d:/doaa maher/0000-iti-9m/00-arm_tourkey/tools/arm gcc/bin/../lib/gcc/arm-none-eabi/5.4.1/armv7e-m\libgcc.a(_arm_muldivsf3.o)
                              ./src/USART.o (__aeabi_fmul)
d:/doaa maher/0000-iti-9m/00-arm_tourkey/tools/arm gcc/bin/../lib/gcc/arm-none-eabi/5.4.1/armv7e-m\libgcc.a(_arm_fixunssfsi.o)
                              ./src/USART.o (__aeabi_f2uiz)
d:/doaa maher/0000-iti-9m/00-arm_tourkey/tools/arm gcc/bin/../lib/gcc/arm-none-eabi/5.4.1/../../../../arm-none-eabi/lib/armv7e-m\libg_nano.a(lib_a-errno.o)
                              ./system/src/newlib/_sbrk.o (__errno)
d:/doaa maher/0000-iti-9m/00-arm_tourkey/tools/arm gcc/bin/../lib/gcc/arm-none-eabi/5.4.1/../../../../arm-none-eabi/lib/armv7e-m\libg_nano.a(lib_a-impure.o)
                              d:/doaa maher/0000-iti-9m/00-arm_tourkey/tools/arm gcc/bin/../lib/gcc/arm-none-eabi/5.4.1/../../../../arm-none-eabi/lib/armv7e-m\libg_nano.a(lib_a-errno.o) (_impure_ptr)
d:/doaa maher/0000-iti-9m/00-arm_tourkey/tools/arm gcc/bin/../lib/gcc/arm-none-eabi/5.4.1/../../../../arm-none-eabi/lib/armv7e-m\libg_nano.a(lib_a-strlen.o)
                              ./system/src/diag/Trace.o (strlen)
d:/doaa maher/0000-iti-9m/00-arm_tourkey/tools/arm gcc/bin/../lib/gcc/arm-none-eabi/5.4.1/../../../../arm-none-eabi/lib/armv7e-m\libg_nano.a(lib_a-vsnprintf.o)
                              ./system/src/diag/Trace.o (vsnprintf)
d:/doaa maher/0000-iti-9m/00-arm_tourkey/tools/arm gcc/bin/../lib/gcc/arm-none-eabi/5.4.1/../../../../arm-none-eabi/lib/armv7e-m\libg_nano.a(lib_a-nano-svfprintf.o)
                              d:/doaa maher/0000-iti-9m/00-arm_tourkey/tools/arm gcc/bin/../lib/gcc/arm-none-eabi/5.4.1/../../../../arm-none-eabi/lib/armv7e-m\libg_nano.a(lib_a-vsnprintf.o) (_svfprintf_r)
d:/doaa maher/0000-iti-9m/00-arm_tourkey/tools/arm gcc/bin/../lib/gcc/arm-none-eabi/5.4.1/../../../../arm-none-eabi/lib/armv7e-m\libg_nano.a(lib_a-nano-vfprintf_i.o)
                              d:/doaa maher/0000-iti-9m/00-arm_tourkey/tools/arm gcc/bin/../lib/gcc/arm-none-eabi/5.4.1/../../../../arm-none-eabi/lib/armv7e-m\libg_nano.a(lib_a-nano-svfprintf.o) (_printf_i)
d:/doaa maher/0000-iti-9m/00-arm_tourkey/tools/arm gcc/bin/../lib/gcc/arm-none-eabi/5.4.1/../../../../arm-none-eabi/lib/armv7e-m\libg_nano.a(lib_a-memchr.o)
                              d:/doaa maher/0000-iti-9m/00-arm_tourkey/tools/arm gcc/bin/../lib/gcc/arm-none-eabi/5.4.1/../../../../arm-none-eabi/lib/armv7e-m\libg_nano.a(lib_a-nano-svfprintf.o) (memchr)
d:/doaa maher/0000-iti-9m/00-arm_tourkey/tools/arm gcc/bin/../lib/gcc/arm-none-eabi/5.4.1/../../../../arm-none-eabi/lib/armv7e-m\libg_nano.a(lib_a-memcpy-stub.o)
                              d:/doaa maher/0000-iti-9m/00-arm_tourkey/tools/arm gcc/bin/../lib/gcc/arm-none-eabi/5.4.1/../../../../arm-none-eabi/lib/armv7e-m\libg_nano.a(lib_a-nano-svfprintf.o) (memcpy)
d:/doaa maher/0000-iti-9m/00-arm_tourkey/tools/arm gcc/bin/../lib/gcc/arm-none-eabi/5.4.1/../../../../arm-none-eabi/lib/armv7e-m\libg_nano.a(lib_a-memmove.o)
                              d:/doaa maher/0000-iti-9m/00-arm_tourkey/tools/arm gcc/bin/../lib/gcc/arm-none-eabi/5.4.1/../../../../arm-none-eabi/lib/armv7e-m\libg_nano.a(lib_a-nano-svfprintf.o) (memmove)
d:/doaa maher/0000-iti-9m/00-arm_tourkey/tools/arm gcc/bin/../lib/gcc/arm-none-eabi/5.4.1/../../../../arm-none-eabi/lib/armv7e-m\libg_nano.a(lib_a-nano-freer.o)
                              d:/doaa maher/0000-iti-9m/00-arm_tourkey/tools/arm gcc/bin/../lib/gcc/arm-none-eabi/5.4.1/../../../../arm-none-eabi/lib/armv7e-m\libg_nano.a(lib_a-nano-svfprintf.o) (_free_r)
d:/doaa maher/0000-iti-9m/00-arm_tourkey/tools/arm gcc/bin/../lib/gcc/arm-none-eabi/5.4.1/../../../../arm-none-eabi/lib/armv7e-m\libg_nano.a(lib_a-nano-mallocr.o)
                              d:/doaa maher/0000-iti-9m/00-arm_tourkey/tools/arm gcc/bin/../lib/gcc/arm-none-eabi/5.4.1/../../../../arm-none-eabi/lib/armv7e-m\libg_nano.a(lib_a-nano-svfprintf.o) (_malloc_r)
d:/doaa maher/0000-iti-9m/00-arm_tourkey/tools/arm gcc/bin/../lib/gcc/arm-none-eabi/5.4.1/../../../../arm-none-eabi/lib/armv7e-m\libg_nano.a(lib_a-nano-reallocr.o)
                              d:/doaa maher/0000-iti-9m/00-arm_tourkey/tools/arm gcc/bin/../lib/gcc/arm-none-eabi/5.4.1/../../../../arm-none-eabi/lib/armv7e-m\libg_nano.a(lib_a-nano-svfprintf.o) (_realloc_r)
d:/doaa maher/0000-iti-9m/00-arm_tourkey/tools/arm gcc/bin/../lib/gcc/arm-none-eabi/5.4.1/../../../../arm-none-eabi/lib/armv7e-m\libg_nano.a(lib_a-sbrkr.o)
                              d:/doaa maher/0000-iti-9m/00-arm_tourkey/tools/arm gcc/bin/../lib/gcc/arm-none-eabi/5.4.1/../../../../arm-none-eabi/lib/armv7e-m\libg_nano.a(lib_a-nano-mallocr.o) (_sbrk_r)
[...]
Memory Configuration

Name             Origin             Length             Attributes
RAM              0x20000000         0x00010000         xrw
CCMRAM           0x10000000         0x00000000         xrw
FLASH            0x08000000         0x00100000         xr
FLASHB1          0x00000000         0x00000000         xr
EXTMEMB0         0x00000000         0x00000000         xr
EXTMEMB1         0x00000000         0x00000000         xr
EXTMEMB2         0x00000000         0x00000000         xr
EXTMEMB3         0x00000000         0x00000000         xr
*default*        0x00000000         0xffffffff

Linker script and memory map

LOAD ./system/src/newlib/_cxx.o
LOAD ./system/src/newlib/_exit.o
LOAD ./system/src/newlib/_sbrk.o
LOAD ./system/src/newlib/_startup.o
LOAD ./system/src/newlib/_syscalls.o
LOAD ./system/src/newlib/assert.o
LOAD ./system/src/diag/Trace.o
LOAD ./system/src/diag/trace_impl.o
LOAD ./system/src/cortexm/_initialize_hardware.o
LOAD ./system/src/cortexm/_reset_hardware.o
LOAD ./system/src/cortexm/exception_handlers.o
LOAD ./system/src/cmsis/system_stm32f4xx.o
LOAD ./system/src/cmsis/vectors_stm32f401xc.o
LOAD ./src/GPIO.o
LOAD ./src/LED.o
LOAD ./src/LED_Cfg.o
LOAD ./src/NVIC.o
LOAD ./src/RCC_Driv.o
LOAD ./src/STK_Program.o
LOAD ./src/Scheduler.o
LOAD ./src/Scheduler_Cfg.o
LOAD ./src/USART.o
LOAD ./src/USART_Config.o
LOAD ./src/USART_Task.o
LOAD ./src/main.o
LOAD d:/doaa maher/0000-iti-9m/00-arm_tourkey/tools/arm gcc/bin/../lib/gcc/arm-none-eabi/5.4.1/../../../../arm-none-eabi/lib/armv7e-m\libstdc++_nano.a
LOAD d:/doaa maher/0000-iti-9m/00-arm_tourkey/tools/arm gcc/bin/../lib/gcc/arm-none-eabi/5.4.1/../../../../arm-none-eabi/lib/armv7e-m\libm.a
START GROUP
LOAD d:/doaa maher/0000-iti-9m/00-arm_tourkey/tools/arm gcc/bin/../lib/gcc/arm-none-eabi/5.4.1/armv7e-m\libgcc.a
LOAD d:/doaa maher/0000-iti-9m/00-arm_tourkey/tools/arm gcc/bin/../lib/gcc/arm-none-eabi/5.4.1/../../../../arm-none-eabi/lib/armv7e-m\libg_nano.a
LOAD d:/doaa maher/0000-iti-9m/00-arm_tourkey/tools/arm gcc/bin/../lib/gcc/arm-none-eabi/5.4.1/../../../../arm-none-eabi/lib/armv7e-m\libc_nano.a
END GROUP
START GROUP
LOAD d:/doaa maher/0000-iti-9m/00-arm_tourkey/tools/arm gcc/bin/../lib/gcc/arm-none-eabi/5.4.1/armv7e-m\libgcc.a
LOAD d:/doaa maher/0000-iti-9m/00-arm_tourkey/tools/arm gcc/bin/../lib/gcc/arm-none-eabi/5.4.1/../../../../arm-none-eabi/lib/armv7e-m\libc_nano.a
END GROUP
                0x20010000                __stack = (ORIGIN (RAM) + LENGTH (RAM))
                0x20010000                _estack = __stack
                0x00000400                __Main_Stack_Size = 0x400
                [!provide]                PROVIDE (_Main_Stack_Size, __Main_Stack_Size)
                0x2000fc00                __Main_Stack_Limit = (__stack - __Main_Stack_Size)
                [!provide]                PROVIDE (_Main_Stack_Limit, __Main_Stack_Limit)
                0x00000100                _Minimum_Stack_Size = 0x100
                0x20000210                PROVIDE (_Heap_Begin, _end_noinit)
                0x2000fc00                PROVIDE (_Heap_Limit, (__stack - __Main_Stack_Size))

.isr_vector     0x08000000      0x3f8
 FILL mask 0xff
                0x08000000                __vectors_start = ABSOLUTE (.)
                0x08000000                __vectors_start__ = ABSOLUTE (.)
 *(.isr_vector)
 .isr_vector    0x08000000      0x194 ./system/src/cmsis/vectors_stm32f401xc.o
                0x08000000                __isr_vectors
 *(.cfmconfig)
 *(.after_vectors .after_vectors.*)
 .after_vectors
                0x08000194      0x130 ./system/src/newlib/_startup.o
                0x08000194                _start
 .after_vectors
                0x080002c4      0x130 ./system/src/cortexm/exception_handlers.o
                0x080002c4                Reset_Handler
                0x080002cc                NMI_Handler
                0x080002d0                HardFault_Handler
                0x080002e4                HardFault_Handler_C
                0x08000344                MemManage_Handler
                0x08000348                BusFault_Handler
                0x0800035c                BusFault_Handler_C
                0x08000390                UsageFault_Handler
                0x080003a4                UsageFault_Handler_C
                0x080003d8                SVC_Handler
                0x080003dc                DebugMon_Handler
                0x080003e0                PendSV_Handler
 .after_vectors
                0x080003f4        0x4 ./system/src/cmsis/vectors_stm32f401xc.o
                0x080003f4                RTC_Alarm_IRQHandler
                0x080003f4                EXTI2_IRQHandler
                0x080003f4                SPI4_IRQHandler
                0x080003f4                TIM1_CC_IRQHandler
                0x080003f4                DMA2_Stream5_IRQHandler
                0x080003f4                DMA1_Stream5_IRQHandler
                0x080003f4                PVD_IRQHandler
                0x080003f4                SDIO_IRQHandler
                0x080003f4                TAMP_STAMP_IRQHandler
                0x080003f4                EXTI3_IRQHandler
                0x080003f4                TIM1_UP_TIM10_IRQHandler
                0x080003f4                I2C3_ER_IRQHandler
                0x080003f4                EXTI0_IRQHandler
                0x080003f4                I2C2_EV_IRQHandler
                0x080003f4                DMA1_Stream2_IRQHandler
                0x080003f4                FPU_IRQHandler
                0x080003f4                DMA2_Stream2_IRQHandler
                0x080003f4                SPI1_IRQHandler
                0x080003f4                TIM1_BRK_TIM9_IRQHandler
                0x080003f4                DMA2_Stream3_IRQHandler
                0x080003f4                DMA2_Stream0_IRQHandler
                0x080003f4                TIM4_IRQHandler
                0x080003f4                I2C1_EV_IRQHandler
                0x080003f4                DMA1_Stream6_IRQHandler
                0x080003f4                DMA1_Stream1_IRQHandler
                0x080003f4                TIM3_IRQHandler
                0x080003f4                RCC_IRQHandler
                0x080003f4                Default_Handler
                0x080003f4                EXTI15_10_IRQHandler
                0x080003f4                ADC_IRQHandler
                0x080003f4                DMA1_Stream7_IRQHandler
                0x080003f4                TIM5_IRQHandler
                0x080003f4                DMA2_Stream7_IRQHandler
                0x080003f4                I2C3_EV_IRQHandler
                0x080003f4                EXTI9_5_IRQHandler
                0x080003f4                RTC_WKUP_IRQHandler
                0x080003f4                SPI2_IRQHandler
                0x080003f4                DMA1_Stream0_IRQHandler
                0x080003f4                EXTI4_IRQHandler
                0x080003f4                WWDG_IRQHandler
                0x080003f4                TIM2_IRQHandler
                0x080003f4                OTG_FS_WKUP_IRQHandler
                0x080003f4                TIM1_TRG_COM_TIM11_IRQHandler
                0x080003f4                EXTI1_IRQHandler
                0x080003f4                I2C2_ER_IRQHandler
                0x080003f4                DMA2_Stream1_IRQHandler
                0x080003f4                FLASH_IRQHandler
                0x080003f4                DMA2_Stream4_IRQHandler
                0x080003f4                OTG_FS_IRQHandler
                0x080003f4                SPI3_IRQHandler
                0x080003f4                DMA1_Stream4_IRQHandler
                0x080003f4                I2C1_ER_IRQHandler
                0x080003f4                DMA2_Stream6_IRQHandler
                0x080003f4                DMA1_Stream3_IRQHandler

.inits          0x080003f8       0x28
                0x080003f8                __data_regions_array_start = .
                0x080003f8        0x4 LONG 0x8002414 LOADADDR (.data)
                0x080003fc        0x4 LONG 0x20000000 ADDR (.data)
                0x08000400        0x4 LONG 0x200000f4 (ADDR (.data) + SIZEOF (.data))
                0x08000404        0x4 LONG 0x8002414 LOADADDR (.data_CCMRAM)
                0x08000408        0x4 LONG 0x10000000 ADDR (.data_CCMRAM)
                0x0800040c        0x4 LONG 0x10000000 (ADDR (.data_CCMRAM) + SIZEOF (.data_CCMRAM))
                0x08000410                __data_regions_array_end = .
                0x08000410                __bss_regions_array_start = .
                0x08000410        0x4 LONG 0x200000f4 ADDR (.bss)
                0x08000414        0x4 LONG 0x20000210 (ADDR (.bss) + SIZEOF (.bss))
                0x08000418        0x4 LONG 0x10000000 ADDR (.bss_CCMRAM)
                0x0800041c        0x4 LONG 0x10000000 (ADDR (.bss_CCMRAM) + SIZEOF (.bss_CCMRAM))
                0x08000420                __bss_regions_array_end = .
 *(.init)
 *(.fini)
                0x08000420                . = ALIGN (0x4)
                0x08000420                PROVIDE (__preinit_array_start, .)
 *(.preinit_array_sysinit .preinit_array_sysinit.*)
 *(.preinit_array_platform .preinit_array_platform.*)
 *(.preinit_array .preinit_array.*)
                0x08000420                PROVIDE (__preinit_array_end, .)
                0x08000420                . = ALIGN (0x4)
                0x08000420                PROVIDE (__init_array_start, .)
 *(SORT(.init_array.*))
 *(.init_array)
                0x08000420                PROVIDE (__init_array_end, .)
                0x08000420                . = ALIGN (0x4)
                0x08000420                PROVIDE (__fini_array_start, .)
 *(SORT(.fini_array.*))
 *(.fini_array)
                0x08000420                PROVIDE (__fini_array_end, .)

.flashtext
 *(.flashtext .flashtext.*)

.text           0x08000420     0x1ff1
 *(.text .text.*)
 .text._exit    0x08000420        0x4 ./system/src/newlib/_exit.o
                0x08000420                _exit
 .text._sbrk    0x08000424       0x44 ./system/src/newlib/_sbrk.o
                0x08000424                _sbrk
 .text.__initialize_args
                0x08000468       0x10 ./system/src/newlib/_syscalls.o
                0x08000468                __initialize_args
 .text.trace_printf
                0x08000478       0x30 ./system/src/diag/Trace.o
                0x08000478                trace_printf
 .text._trace_write_semihosting_debug
                0x080004a8       0x64 ./system/src/diag/trace_impl.o
 .text.trace_write
                0x0800050c        0x8 ./system/src/diag/trace_impl.o
                0x0800050c                trace_write
 .text.__initialize_hardware_early
                0x08000514       0x18 ./system/src/cortexm/_initialize_hardware.o
                0x08000514                __initialize_hardware_early
 .text.__initialize_hardware
                0x0800052c        0x8 ./system/src/cortexm/_initialize_hardware.o
                0x0800052c                __initialize_hardware
 .text.dumpExceptionStack
                0x08000534       0xf0 ./system/src/cortexm/exception_handlers.o
                0x08000534                dumpExceptionStack
 .text.isSemihosting
                0x08000624       0x20 ./system/src/cortexm/exception_handlers.o
                0x08000624                isSemihosting
 .text.SystemInit
                0x08000644       0x40 ./system/src/cmsis/system_stm32f4xx.o
                0x08000644                SystemInit
 .text.SystemCoreClockUpdate
                0x08000684       0xa0 ./system/src/cmsis/system_stm32f4xx.o
                0x08000684                SystemCoreClockUpdate
 .text.GPIO_enuInit
                0x08000724       0x20 ./src/GPIO.o
                0x08000724                GPIO_enuInit
 .text.GPIO_enuSetPinValue_
                0x08000744      0x158 ./src/GPIO.o
                0x08000744                GPIO_enuSetPinValue_
 .text.GPIO_enuSetAlternateFunction
                0x0800089c      0x180 ./src/GPIO.o
                0x0800089c                GPIO_enuSetAlternateFunction
 .text.LED_enuLEDInit
                0x08000a1c       0x3c ./src/LED.o
                0x08000a1c                LED_enuLEDInit
 .text.LED_enuSetLEDValue
                0x08000a58       0x20 ./src/LED.o
                0x08000a58                LED_enuSetLEDValue
 .text.RCC_enuSelectSysClk
                0x08000a78       0xd8 ./src/RCC_Driv.o
                0x08000a78                RCC_enuSelectSysClk
 .text.RCC_enuEnablePeripheralClk
                0x08000b50      0x2a4 ./src/RCC_Driv.o
                0x08000b50                RCC_enuEnablePeripheralClk
 .text.STK_enuInit
                0x08000df4       0x20 ./src/STK_Program.o
                0x08000df4                STK_enuInit
 .text.STK_enuStartTimer
                0x08000e14       0x14 ./src/STK_Program.o
                0x08000e14                STK_enuStartTimer
 .text.STK_enuEnableInterrupt
                0x08000e28       0x14 ./src/STK_Program.o
                0x08000e28                STK_enuEnableInterrupt
 .text.STK_enuSetCallback
                0x08000e3c       0x14 ./src/STK_Program.o
                0x08000e3c                STK_enuSetCallback
 .text.STK_enuSetPeriodMS
                0x08000e50       0x94 ./src/STK_Program.o
                0x08000e50                STK_enuSetPeriodMS
 .text.SysTick_Handler
                0x08000ee4       0x10 ./src/STK_Program.o
                0x08000ee4                SysTick_Handler
 .text.systick_cbf
                0x08000ef4       0x14 ./src/Scheduler.o
 .text.Scheduler_Handle
                0x08000f08       0x54 ./src/Scheduler.o
 .text.Sched_enuInit
                0x08000f5c       0x4c ./src/Scheduler.o
                0x08000f5c                Sched_enuInit
 .text.Sched_enuStart
                0x08000fa8       0x20 ./src/Scheduler.o
                0x08000fa8                Sched_enuStart
 .text.USART_voidBaudRate_USART_Calculation
                0x08000fc8       0x9c ./src/USART.o
 .text.USART_voidHandler
                0x08001064       0xe8 ./src/USART.o
 .text.USART_enuInit
                0x0800114c      0x194 ./src/USART.o
                0x0800114c                USART_enuInit
 .text.USART_enuSendAsynchZeroCpy
                0x080012e0       0x64 ./src/USART.o
                0x080012e0                USART_enuSendAsynchZeroCpy
 .text.USART_enuReceiveAsynchZeroCpy
                0x08001344       0x58 ./src/USART.o
                0x08001344                USART_enuReceiveAsynchZeroCpy
 .text.USART_u8GetCurrentStatus
                0x0800139c        0xc ./src/USART.o
                0x0800139c                USART_u8GetCurrentStatus
 .text.USART1_IRQHandler
                0x080013a8        0xc ./src/USART.o
                0x080013a8                USART1_IRQHandler
 .text.USART2_IRQHandler
                0x080013b4        0xc ./src/USART.o
                0x080013b4                USART2_IRQHandler
 .text.USART6_IRQHandler
                0x080013c0        0xc ./src/USART.o
                0x080013c0                USART6_IRQHandler
 .text.USART_Task
                0x080013cc       0x20 ./src/USART_Task.o
                0x080013cc                USART_Task
 .text.TX_Finished
                0x080013ec        0xc ./src/main.o
                0x080013ec                TX_Finished
 .text.RX_Finished
                0x080013f8        0xc ./src/main.o
                0x080013f8                RX_Finished
 .text.App1_Task
                0x08001404        0x4 ./src/main.o
                0x08001404                App1_Task
 .text.main     0x08001408       0x54 ./src/main.o
                0x08001408                main
 .text          0x0800145c      0x21c d:/doaa maher/0000-iti-9m/00-arm_tourkey/tools/arm gcc/bin/../lib/gcc/arm-none-eabi/5.4.1/armv7e-m\libgcc.a(_arm_addsubsf3.o)
                0x0800145c                __aeabi_frsub
                0x08001464                __subsf3
                0x08001464                __aeabi_fsub
                0x08001468                __aeabi_fadd
                0x08001468                __addsf3
                0x080015c8                __aeabi_ui2f
                0x080015c8                __floatunsisf
                0x080015d0                __aeabi_i2f
                0x080015d0                __floatsisf
                0x080015ec                __aeabi_ul2f
                0x080015ec                __floatundisf
                0x080015fc                __aeabi_l2f
                0x080015fc                __floatdisf
 .text          0x08001678      0x2a0 d:/doaa maher/0000-iti-9m/00-arm_tourkey/tools/arm gcc/bin/../lib/gcc/arm-none-eabi/5.4.1/armv7e-m\libgcc.a(_arm_muldivsf3.o)
                0x08001678                __mulsf3
                0x08001678                __aeabi_fmul
                0x080017e0                __aeabi_fdiv
                0x080017e0                __divsf3
 .text          0x08001918       0x40 d:/doaa maher/0000-iti-9m/00-arm_tourkey/tools/arm gcc/bin/../lib/gcc/arm-none-eabi/5.4.1/armv7e-m\libgcc.a(_arm_fixunssfsi.o)
                0x08001918                __fixunssfsi
                0x08001918                __aeabi_f2uiz
 .text.__errno  0x08001958        0xc d:/doaa maher/0000-iti-9m/00-arm_tourkey/tools/arm gcc/bin/../lib/gcc/arm-none-eabi/5.4.1/../../../../arm-none-eabi/lib/armv7e-m\libg_nano.a(lib_a-errno.o)
                0x08001958                __errno
 .text._vsnprintf_r
                0x08001964       0x56 d:/doaa maher/0000-iti-9m/00-arm_tourkey/tools/arm gcc/bin/../lib/gcc/arm-none-eabi/5.4.1/../../../../arm-none-eabi/lib/armv7e-m\libg_nano.a(lib_a-vsnprintf.o)
                0x08001964                _vsniprintf_r
                0x08001964                _vsnprintf_r
 *fill*         0x080019ba        0x2 
 .text.vsnprintf
                0x080019bc       0x1c d:/doaa maher/0000-iti-9m/00-arm_tourkey/tools/arm gcc/bin/../lib/gcc/arm-none-eabi/5.4.1/../../../../arm-none-eabi/lib/armv7e-m\libg_nano.a(lib_a-vsnprintf.o)
                0x080019bc                vsniprintf
                0x080019bc                vsnprintf
 .text.__ssputs_r
                0x080019d8       0xb2 d:/doaa maher/0000-iti-9m/00-arm_tourkey/tools/arm gcc/bin/../lib/gcc/arm-none-eabi/5.4.1/../../../../arm-none-eabi/lib/armv7e-m\libg_nano.a(lib_a-nano-svfprintf.o)
                0x080019d8                __ssputs_r
 *fill*         0x08001a8a        0x2 
 .text._svfprintf_r
                0x08001a8c      0x1e8 d:/doaa maher/0000-iti-9m/00-arm_tourkey/tools/arm gcc/bin/../lib/gcc/arm-none-eabi/5.4.1/../../../../arm-none-eabi/lib/armv7e-m\libg_nano.a(lib_a-nano-svfprintf.o)
                0x08001a8c                _svfiprintf_r
                0x08001a8c                _svfprintf_r
 .text._printf_common
                0x08001c74       0xec d:/doaa maher/0000-iti-9m/00-arm_tourkey/tools/arm gcc/bin/../lib/gcc/arm-none-eabi/5.4.1/../../../../arm-none-eabi/lib/armv7e-m\libg_nano.a(lib_a-nano-vfprintf_i.o)
                0x08001c74                _printf_common
 .text._printf_i
                0x08001d60      0x24c d:/doaa maher/0000-iti-9m/00-arm_tourkey/tools/arm gcc/bin/../lib/gcc/arm-none-eabi/5.4.1/../../../../arm-none-eabi/lib/armv7e-m\libg_nano.a(lib_a-nano-vfprintf_i.o)
                0x08001d60                _printf_i
 *fill*         0x08001fac        0x4 
 .text          0x08001fb0       0xa0 d:/doaa maher/0000-iti-9m/00-arm_tourkey/tools/arm gcc/bin/../lib/gcc/arm-none-eabi/5.4.1/../../../../arm-none-eabi/lib/armv7e-m\libg_nano.a(lib_a-memchr.o)
                0x08001fb0                memchr
 .text.memcpy   0x08002050       0x16 d:/doaa maher/0000-iti-9m/00-arm_tourkey/tools/arm gcc/bin/../lib/gcc/arm-none-eabi/5.4.1/../../../../arm-none-eabi/lib/armv7e-m\libg_nano.a(lib_a-memcpy-stub.o)
                0x08002050                memcpy
 .text.memmove  0x08002066       0x36 d:/doaa maher/0000-iti-9m/00-arm_tourkey/tools/arm gcc/bin/../lib/gcc/arm-none-eabi/5.4.1/../../../../arm-none-eabi/lib/armv7e-m\libg_nano.a(lib_a-memmove.o)
                0x08002066                memmove
 .text._free_r  0x0800209c       0x9c d:/doaa maher/0000-iti-9m/00-arm_tourkey/tools/arm gcc/bin/../lib/gcc/arm-none-eabi/5.4.1/../../../../arm-none-eabi/lib/armv7e-m\libg_nano.a(lib_a-nano-freer.o)
                0x0800209c                _free_r
 .text._malloc_r
                0x08002138       0xbc d:/doaa maher/0000-iti-9m/00-arm_tourkey/tools/arm gcc/bin/../lib/gcc/arm-none-eabi/5.4.1/../../../../arm-none-eabi/lib/armv7e-m\libg_nano.a(lib_a-nano-mallocr.o)
                0x08002138                _malloc_r
 .text._realloc_r
                0x080021f4       0x4c d:/doaa maher/0000-iti-9m/00-arm_tourkey/tools/arm gcc/bin/../lib/gcc/arm-none-eabi/5.4.1/../../../../arm-none-eabi/lib/armv7e-m\libg_nano.a(lib_a-nano-reallocr.o)
                0x080021f4                _realloc_r
 .text._sbrk_r  0x08002240       0x20 d:/doaa maher/0000-iti-9m/00-arm_tourkey/tools/arm gcc/bin/../lib/gcc/arm-none-eabi/5.4.1/../../../../arm-none-eabi/lib/armv7e-m\libg_nano.a(lib_a-sbrkr.o)
                0x08002240                _sbrk_r
 .text.__malloc_lock
                0x08002260        0x2 d:/doaa maher/0000-iti-9m/00-arm_tourkey/tools/arm gcc/bin/../lib/gcc/arm-none-eabi/5.4.1/../../../../arm-none-eabi/lib/armv7e-m\libg_nano.a(lib_a-mlock.o)
                0x08002260                __malloc_lock
 .text.__malloc_unlock
                0x08002262        0x2 d:/doaa maher/0000-iti-9m/00-arm_tourkey/tools/arm gcc/bin/../lib/gcc/arm-none-eabi/5.4.1/../../../../arm-none-eabi/lib/armv7e-m\libg_nano.a(lib_a-mlock.o)
                0x08002262                __malloc_unlock
 .text._malloc_usable_size_r
                0x08002264       0x14 d:/doaa maher/0000-iti-9m/00-arm_tourkey/tools/arm gcc/bin/../lib/gcc/arm-none-eabi/5.4.1/../../../../arm-none-eabi/lib/armv7e-m\libg_nano.a(lib_a-nano-msizer.o)
                0x08002264                _malloc_usable_size_r
 *(.rodata .rodata.* .constdata .constdata.*)
 .rodata.str1.4
                0x08002278      0x148 ./system/src/cortexm/exception_handlers.o
                                0x146 (size before relaxing)
 .rodata.AHBPrescTable
                0x080023c0       0x10 ./system/src/cmsis/system_stm32f4xx.o
                0x080023c0                AHBPrescTable
 .rodata.LED_tstrConfig
                0x080023d0        0xe ./src/LED_Cfg.o
                0x080023d0                LED_tstrConfig
 .rodata.str1.1
                0x080023de       0x11 d:/doaa maher/0000-iti-9m/00-arm_tourkey/tools/arm gcc/bin/../lib/gcc/arm-none-eabi/5.4.1/../../../../arm-none-eabi/lib/armv7e-m\libg_nano.a(lib_a-nano-svfprintf.o)
 .rodata.str1.1
                0x080023ef       0x22 d:/doaa maher/0000-iti-9m/00-arm_tourkey/tools/arm gcc/bin/../lib/gcc/arm-none-eabi/5.4.1/../../../../arm-none-eabi/lib/armv7e-m\libg_nano.a(lib_a-nano-vfprintf_i.o)
 *(vtable)
 *(.eh_frame*)
 *(.glue_7)
 .glue_7        0x08002411        0x0 linker stubs
 *(.glue_7t)
 .glue_7t       0x08002411        0x0 linker stubs

.vfp11_veneer   0x08002414        0x0
 .vfp11_veneer  0x08002414        0x0 linker stubs

.v4_bx          0x08002414        0x0
 .v4_bx         0x08002414        0x0 linker stubs

.iplt           0x08002414        0x0
 .iplt          0x08002414        0x0 ./system/src/newlib/_cxx.o

.rel.dyn        0x08002414        0x0
 .rel.iplt      0x08002414        0x0 ./system/src/newlib/_cxx.o

.ARM.extab
 *(.ARM.extab* .gnu.linkonce.armextab.*)
                0x08002414                . = ALIGN (0x4)
                0x08002414                __exidx_start = .

.ARM.exidx
 *(.ARM.exidx* .gnu.linkonce.armexidx.*)
                0x08002414                __exidx_end = .
                0x08002414                . = ALIGN (0x4)
                0x08002414                _etext = .
                0x08002414                __etext = .

.data_CCMRAM    0x10000000        0x0 load address 0x08002414
 FILL mask 0xff
 *(.data.CCMRAM .data.CCMRAM.*)
                0x10000000                . = ALIGN (0x4)
                0x08002414                _sidata = LOADADDR (.data)

.data           0x20000000       0xf4 load address 0x08002414
 FILL mask 0xff
                0x20000000                _sdata = .
                0x20000000                __data_start__ = .
 *(.data_begin .data_begin.*)
 .data_begin    0x20000000        0x4 ./system/src/newlib/_startup.o
 *(.data .data.*)
 .data.argv.4290
                0x20000004        0x8 ./system/src/newlib/_syscalls.o
 .data.SystemCoreClock
                0x2000000c        0x4 ./system/src/cmsis/system_stm32f4xx.o
                0x2000000c                SystemCoreClock
 .data.GPIO     0x20000010       0x18 ./src/GPIO.o
                0x20000010                GPIO
 .data.RCC      0x20000028        0x4 ./src/RCC_Driv.o
                0x20000028                RCC
 .data.Runnable_Applications
                0x2000002c       0x20 ./src/Scheduler_Cfg.o
                0x2000002c                Runnable_Applications
 .data.TX_State
                0x2000004c        0x3 ./src/USART.o
 *fill*         0x2000004f        0x1 ff
 .data.USART    0x20000050        0xc ./src/USART.o
                0x20000050                USART
 .data.RX_State
                0x2000005c        0x3 ./src/USART.o
 *fill*         0x2000005f        0x1 ff
 .data.USART_Cfg
                0x20000060       0x2c ./src/USART_Config.o
                0x20000060                USART_Cfg
 .data.impure_data
                0x2000008c       0x60 d:/doaa maher/0000-iti-9m/00-arm_tourkey/tools/arm gcc/bin/../lib/gcc/arm-none-eabi/5.4.1/../../../../arm-none-eabi/lib/armv7e-m\libg_nano.a(lib_a-impure.o)
 .data._impure_ptr
                0x200000ec        0x4 d:/doaa maher/0000-iti-9m/00-arm_tourkey/tools/arm gcc/bin/../lib/gcc/arm-none-eabi/5.4.1/../../../../arm-none-eabi/lib/armv7e-m\libg_nano.a(lib_a-impure.o)
                0x200000ec                _impure_ptr
 *(.data_end .data_end.*)
 .data_end      0x200000f0        0x4 ./system/src/newlib/_startup.o
                0x200000f4                . = ALIGN (0x4)
                0x200000f4                _edata = .
                0x200000f4                __data_end__ = .

.igot.plt       0x200000f4        0x0 load address 0x08002508
 .igot.plt      0x200000f4        0x0 ./system/src/newlib/_cxx.o

.bss_CCMRAM     0x10000000        0x0
 *(.bss.CCMRAM .bss.CCMRAM.*)

.bss            0x200000f4      0x11c
                0x200000f4                __bss_start__ = .
                0x200000f4                _sbss = .
 *(.bss_begin .bss_begin.*)
 .bss_begin     0x200000f4        0x4 ./system/src/newlib/_startup.o
 *(.bss .bss.*)
 .bss.current_heap_end.3974
                0x200000f8        0x4 ./system/src/newlib/_sbrk.o
 .bss.name.4289
                0x200000fc        0x1 ./system/src/newlib/_syscalls.o
 *fill*         0x200000fd        0x3 
 .bss.buf.5179  0x20000100       0x80 ./system/src/diag/Trace.o
 .bss.App_cbf   0x20000180        0x4 ./src/STK_Program.o
 .bss.Sched_Flag
                0x20000184        0x4 ./src/Scheduler.o
 .bss.Runnable_Tasks
                0x20000188       0x18 ./src/Scheduler.o
                0x20000188                Runnable_Tasks
 .bss.RX_Index  0x200001a0        0xc ./src/USART.o
 .bss.RX_Cbf    0x200001ac        0xc ./src/USART.o
 .bss.TX_Size   0x200001b8        0xc ./src/USART.o
 .bss.TX_Buffer
                0x200001c4        0xc ./src/USART.o
 .bss.TX_Cbf    0x200001d0        0xc ./src/USART.o
 .bss.RX_Buffer
                0x200001dc        0xc ./src/USART.o
 .bss.RX_Size   0x200001e8        0xc ./src/USART.o
 .bss.TX_Index  0x200001f4        0xc ./src/USART.o
 .bss.__malloc_sbrk_start
                0x20000200        0x4 d:/doaa maher/0000-iti-9m/00-arm_tourkey/tools/arm gcc/bin/../lib/gcc/arm-none-eabi/5.4.1/../../../../arm-none-eabi/lib/armv7e-m\libg_nano.a(lib_a-nano-mallocr.o)
                0x20000200                __malloc_sbrk_start
 .bss.__malloc_free_list
                0x20000204        0x4 d:/doaa maher/0000-iti-9m/00-arm_tourkey/tools/arm gcc/bin/../lib/gcc/arm-none-eabi/5.4.1/../../../../arm-none-eabi/lib/armv7e-m\libg_nano.a(lib_a-nano-mallocr.o)
                0x20000204                __malloc_free_list
 *(COMMON)
 COMMON         0x20000208        0x4 ./system/src/newlib/_syscalls.o
                0x20000208                errno
 *(.bss_end .bss_end.*)
 .bss_end       0x2000020c        0x4 ./system/src/newlib/_startup.o
                0x20000210                . = ALIGN (0x4)
                0x20000210                __bss_end__ = .
                0x20000210                _ebss = .

.noinit_CCMRAM
 *(.noinit.CCMRAM .noinit.CCMRAM.*)

.noinit         0x20000210        0x0
                0x20000210                _noinit = .
 *(.noinit .noinit.*)
                0x20000210                . = ALIGN (0x4)
                0x20000210                _end_noinit = .
                [!provide]                PROVIDE (end, _end_noinit)
                [!provide]                PROVIDE (_end, _end_noinit)
                [!provide]                PROVIDE (__end, _end_noinit)
                [!provide]                PROVIDE (__end__, _end_noinit)

._check_stack   0x20000210      0x100
                0x20000310                . = (. + _Minimum_Stack_Size)
 *fill*         0x20000210      0x100 

.b1text
 *(.b1text)
 *(.b1rodata)
 *(.b1rodata.*)

.eb0text
 *(.eb0text)
 *(.eb0rodata)
 *(.eb0rodata.*)

.eb1text
 *(.eb1text)
 *(.eb1rodata)
 *(.eb1rodata.*)

.eb2text
 *(.eb2text)
 *(.eb2rodata)
 *(.eb2rodata.*)

.eb3text
 *(.eb3text)
 *(.eb3rodata)
 *(.eb3rodata.*)

.stab
 *(.stab)

.stabstr
 *(.stabstr)

.stab.excl
 *(.stab.excl)

.stab.exclstr
 *(.stab.exclstr)

.stab.index
 *(.stab.index)

.stab.indexstr
 *(.stab.indexstr)

.comment        0x00000000       0x6e
 *(.comment)
 .comment       0x00000000       0x6e ./system/src/newlib/_exit.o
                                 0x6f (size before relaxing)
 .comment       0x0000006e       0x6f ./system/src/newlib/_sbrk.o
 .comment       0x0000006e       0x6f ./system/src/newlib/_startup.o
 .comment       0x0000006e       0x6f ./system/src/newlib/_syscalls.o
 .comment       0x0000006e       0x6f ./system/src/diag/Trace.o
 .comment       0x0000006e       0x6f ./system/src/diag/trace_impl.o
 .comment       0x0000006e       0x6f ./system/src/cortexm/_initialize_hardware.o
 .comment       0x0000006e       0x6f ./system/src/cortexm/exception_handlers.o
 .comment       0x0000006e       0x6f ./system/src/cmsis/system_stm32f4xx.o
 .comment       0x0000006e       0x6f ./system/src/cmsis/vectors_stm32f401xc.o
 .comment       0x0000006e       0x6f ./src/GPIO.o
 .comment       0x0000006e       0x6f ./src/LED.o
 .comment       0x0000006e       0x6f ./src/LED_Cfg.o
 .comment       0x0000006e       0x6f ./src/RCC_Driv.o
 .comment       0x0000006e       0x6f ./src/STK_Program.o
 .comment       0x0000006e       0x6f ./src/Scheduler.o
 .comment       0x0000006e       0x6f ./src/Scheduler_Cfg.o
 .comment       0x0000006e       0x6f ./src/USART.o
 .comment       0x0000006e       0x6f ./src/USART_Config.o
 .comment       0x0000006e       0x6f ./src/USART_Task.o
 .comment       0x0000006e       0x6f ./src/main.o

.ARM.attributes
                0x00000000       0x31
 .ARM.attributes
                0x00000000       0x33 ./system/src/newlib/_exit.o
 .ARM.attributes
                0x00000033       0x33 ./system/src/newlib/_sbrk.o
 .ARM.attributes
                0x00000066       0x33 ./system/src/newlib/_startup.o
 .ARM.attributes
                0x00000099       0x33 ./system/src/newlib/_syscalls.o
 .ARM.attributes
                0x000000cc       0x33 ./system/src/diag/Trace.o
 .ARM.attributes
                0x000000ff       0x33 ./system/src/diag/trace_impl.o
 .ARM.attributes
                0x00000132       0x33 ./system/src/cortexm/_initialize_hardware.o
 .ARM.attributes
                0x00000165       0x33 ./system/src/cortexm/exception_handlers.o
 .ARM.attributes
                0x00000198       0x33 ./system/src/cmsis/system_stm32f4xx.o
 .ARM.attributes
                0x000001cb       0x33 ./system/src/cmsis/vectors_stm32f401xc.o
 .ARM.attributes
                0x000001fe       0x33 ./src/GPIO.o
 .ARM.attributes
                0x00000231       0x33 ./src/LED.o
 .ARM.attributes
                0x00000264       0x33 ./src/LED_Cfg.o
 .ARM.attributes
                0x00000297       0x33 ./src/RCC_Driv.o
 .ARM.attributes
                0x000002ca       0x33 ./src/STK_Program.o
 .ARM.attributes
                0x000002fd       0x33 ./src/Scheduler.o
 .ARM.attributes
                0x00000330       0x33 ./src/Scheduler_Cfg.o
 .ARM.attributes
                0x00000363       0x33 ./src/USART.o
 .ARM.attributes
                0x00000396       0x33 ./src/USART_Config.o
 .ARM.attributes
                0x000003c9       0x33 ./src/USART_Task.o
 .ARM.attributes
                0x000003fc       0x33 ./src/main.o
 .ARM.attributes
                0x0000042f       0x1e d:/doaa maher/0000-iti-9m/00-arm_tourkey/tools/arm gcc/bin/../lib/gcc/arm-none-eabi/5.4.1/armv7e-m\libgcc.a(_arm_addsubsf3.o)
 .ARM.attributes
                0x0000044d       0x1e d:/doaa maher/0000-iti-9m/00-arm_tourkey/tools/arm gcc/bin/../lib/gcc/arm-none-eabi/5.4.1/armv7e-m\libgcc.a(_arm_muldivsf3.o)
 .ARM.attributes
                0x0000046b       0x1e d:/doaa maher/0000-iti-9m/00-arm_tourkey/tools/arm gcc/bin/../lib/gcc/arm-none-eabi/5.4.1/armv7e-m\libgcc.a(_arm_fixunssfsi.o)
 .ARM.attributes
                0x00000489       0x2e d:/doaa maher/0000-iti-9m/00-arm_tourkey/tools/arm gcc/bin/../lib/gcc/arm-none-eabi/5.4.1/../../../../arm-none-eabi/lib/armv7e-m\libg_nano.a(lib_a-errno.o)
 .ARM.attributes
                0x000004b7       0x2e d:/doaa maher/0000-iti-9m/00-arm_tourkey/tools/arm gcc/bin/../lib/gcc/arm-none-eabi/5.4.1/../../../../arm-none-eabi/lib/armv7e-m\libg_nano.a(lib_a-impure.o)
 .ARM.attributes
                0x000004e5       0x2e d:/doaa maher/0000-iti-9m/00-arm_tourkey/tools/arm gcc/bin/../lib/gcc/arm-none-eabi/5.4.1/../../../../arm-none-eabi/lib/armv7e-m\libg_nano.a(lib_a-vsnprintf.o)
 .ARM.attributes
                0x00000513       0x2e d:/doaa maher/0000-iti-9m/00-arm_tourkey/tools/arm gcc/bin/../lib/gcc/arm-none-eabi/5.4.1/../../../../arm-none-eabi/lib/armv7e-m\libg_nano.a(lib_a-nano-svfprintf.o)
 .ARM.attributes
                0x00000541       0x2e d:/doaa maher/0000-iti-9m/00-arm_tourkey/tools/arm gcc/bin/../lib/gcc/arm-none-eabi/5.4.1/../../../../arm-none-eabi/lib/armv7e-m\libg_nano.a(lib_a-nano-vfprintf_i.o)
 .ARM.attributes
                0x0000056f       0x1c d:/doaa maher/0000-iti-9m/00-arm_tourkey/tools/arm gcc/bin/../lib/gcc/arm-none-eabi/5.4.1/../../../../arm-none-eabi/lib/armv7e-m\libg_nano.a(lib_a-memchr.o)
 .ARM.attributes
                0x0000058b       0x2e d:/doaa maher/0000-iti-9m/00-arm_tourkey/tools/arm gcc/bin/../lib/gcc/arm-none-eabi/5.4.1/../../../../arm-none-eabi/lib/armv7e-m\libg_nano.a(lib_a-memcpy-stub.o)
 .ARM.attributes
                0x000005b9       0x2e d:/doaa maher/0000-iti-9m/00-arm_tourkey/tools/arm gcc/bin/../lib/gcc/arm-none-eabi/5.4.1/../../../../arm-none-eabi/lib/armv7e-m\libg_nano.a(lib_a-memmove.o)
 .ARM.attributes
                0x000005e7       0x2e d:/doaa maher/0000-iti-9m/00-arm_tourkey/tools/arm gcc/bin/../lib/gcc/arm-none-eabi/5.4.1/../../../../arm-none-eabi/lib/armv7e-m\libg_nano.a(lib_a-nano-freer.o)
 .ARM.attributes
                0x00000615       0x2e d:/doaa maher/0000-iti-9m/00-arm_tourkey/tools/arm gcc/bin/../lib/gcc/arm-none-eabi/5.4.1/../../../../arm-none-eabi/lib/armv7e-m\libg_nano.a(lib_a-nano-mallocr.o)
 .ARM.attributes
                0x00000643       0x2e d:/doaa maher/0000-iti-9m/00-arm_tourkey/tools/arm gcc/bin/../lib/gcc/arm-none-eabi/5.4.1/../../../../arm-none-eabi/lib/armv7e-m\libg_nano.a(lib_a-nano-reallocr.o)
 .ARM.attributes
                0x00000671       0x2e d:/doaa maher/0000-iti-9m/00-arm_tourkey/tools/arm gcc/bin/../lib/gcc/arm-none-eabi/5.4.1/../../../../arm-none-eabi/lib/armv7e-m\libg_nano.a(lib_a-sbrkr.o)
 .ARM.attributes
                0x0000069f       0x2e d:/doaa maher/0000-iti-9m/00-arm_tourkey/tools/arm gcc/bin/../lib/gcc/arm-none-eabi/5.4.1/../../../../arm-none-eabi/lib/armv7e-m\libg_nano.a(lib_a-mlock.o)
 .ARM.attributes
                0x000006cd       0x2e d:/doaa maher/0000-iti-9m/00-arm_tourkey/tools/arm gcc/bin/../lib/gcc/arm-none-eabi/5.4.1/../../../../arm-none-eabi/lib/armv7e-m\libg_nano.a(lib_a-nano-msizer.o)

.debug
 *(.debug)

.line
 *(.line)

.debug_srcinfo
 *(.debug_srcinfo)

.debug_sfnames
 *(.debug_sfnames)

.debug_aranges  0x00000000      0x4e8
 *(.debug_aranges)
 .debug_aranges
                0x00000000       0x28 ./system/src/newlib/_exit.o
 .debug_aranges
                0x00000028       0x20 ./system/src/newlib/_sbrk.o
 .debug_aranges
                0x00000048       0x40 ./system/src/newlib/_startup.o
 .debug_aranges
                0x00000088       0x30 ./system/src/newlib/_syscalls.o
 .debug_aranges
                0x000000b8       0x38 ./system/src/diag/Trace.o
 .debug_aranges
                0x000000f0       0x30 ./system/src/diag/trace_impl.o
 .debug_aranges
                0x00000120       0x28 ./system/src/cortexm/_initialize_hardware.o
 .debug_aranges
                0x00000148       0x90 ./system/src/cortexm/exception_handlers.o
 .debug_aranges
                0x000001d8       0x28 ./system/src/cmsis/system_stm32f4xx.o
 .debug_aranges
                0x00000200       0x20 ./system/src/cmsis/vectors_stm32f401xc.o
 .debug_aranges
                0x00000220       0x50 ./src/GPIO.o
 .debug_aranges
                0x00000270       0x28 ./src/LED.o
 .debug_aranges
                0x00000298       0x18 ./src/LED_Cfg.o
 .debug_aranges
                0x000002b0       0x70 ./src/RCC_Driv.o
 .debug_aranges
                0x00000320       0x90 ./src/STK_Program.o
 .debug_aranges
                0x000003b0       0x50 ./src/Scheduler.o
 .debug_aranges
                0x00000400       0x18 ./src/Scheduler_Cfg.o
 .debug_aranges
                0x00000418       0x60 ./src/USART.o
 .debug_aranges
                0x00000478       0x18 ./src/USART_Config.o
 .debug_aranges
                0x00000490       0x20 ./src/USART_Task.o
 .debug_aranges
                0x000004b0       0x38 ./src/main.o

.debug_pubnames
 *(.debug_pubnames)

.debug_info     0x00000000     0x5c73
 *(.debug_info .gnu.linkonce.wi.*)
 .debug_info    0x00000000       0xef ./system/src/newlib/_exit.o
 .debug_info    0x000000ef      0x11f ./system/src/newlib/_sbrk.o
 .debug_info    0x0000020e      0x4f2 ./system/src/newlib/_startup.o
 .debug_info    0x00000700      0x1c7 ./system/src/newlib/_syscalls.o
 .debug_info    0x000008c7      0x2e7 ./system/src/diag/Trace.o
 .debug_info    0x00000bae      0x30b ./system/src/diag/trace_impl.o
 .debug_info    0x00000eb9      0x2bf ./system/src/cortexm/_initialize_hardware.o
 .debug_info    0x00001178      0x8f4 ./system/src/cortexm/exception_handlers.o
 .debug_info    0x00001a6c      0x4e3 ./system/src/cmsis/system_stm32f4xx.o
 .debug_info    0x00001f4f       0xd1 ./system/src/cmsis/vectors_stm32f401xc.o
 .debug_info    0x00002020      0x74f ./src/GPIO.o
 .debug_info    0x0000276f      0x408 ./src/LED.o
 .debug_info    0x00002b77      0x2b4 ./src/LED_Cfg.o
 .debug_info    0x00002e2b     0x10d7 ./src/RCC_Driv.o
 .debug_info    0x00003f02      0x463 ./src/STK_Program.o
 .debug_info    0x00004365      0x3c7 ./src/Scheduler.o
 .debug_info    0x0000472c      0x13e ./src/Scheduler_Cfg.o
 .debug_info    0x0000486a      0xa54 ./src/USART.o
 .debug_info    0x000052be      0x48f ./src/USART_Config.o
 .debug_info    0x0000574d      0x111 ./src/USART_Task.o
 .debug_info    0x0000585e      0x415 ./src/main.o

.debug_abbrev   0x00000000     0x197e
 *(.debug_abbrev)
 .debug_abbrev  0x00000000       0x8e ./system/src/newlib/_exit.o
 .debug_abbrev  0x0000008e       0xb9 ./system/src/newlib/_sbrk.o
 .debug_abbrev  0x00000147      0x1b6 ./system/src/newlib/_startup.o
 .debug_abbrev  0x000002fd       0xec ./system/src/newlib/_syscalls.o
 .debug_abbrev  0x000003e9      0x156 ./system/src/diag/Trace.o
 .debug_abbrev  0x0000053f      0x1c8 ./system/src/diag/trace_impl.o
 .debug_abbrev  0x00000707       0xea ./system/src/cortexm/_initialize_hardware.o
 .debug_abbrev  0x000007f1      0x247 ./system/src/cortexm/exception_handlers.o
 .debug_abbrev  0x00000a38      0x104 ./system/src/cmsis/system_stm32f4xx.o
 .debug_abbrev  0x00000b3c       0x9d ./system/src/cmsis/vectors_stm32f401xc.o
 .debug_abbrev  0x00000bd9      0x17d ./src/GPIO.o
 .debug_abbrev  0x00000d56      0x13d ./src/LED.o
 .debug_abbrev  0x00000e93       0x9f ./src/LED_Cfg.o
 .debug_abbrev  0x00000f32      0x183 ./src/RCC_Driv.o
 .debug_abbrev  0x000010b5      0x14f ./src/STK_Program.o
 .debug_abbrev  0x00001204      0x1be ./src/Scheduler.o
 .debug_abbrev  0x000013c2       0x9f ./src/Scheduler_Cfg.o
 .debug_abbrev  0x00001461      0x25e ./src/USART.o
 .debug_abbrev  0x000016bf       0xd0 ./src/USART_Config.o
 .debug_abbrev  0x0000178f       0xb5 ./src/USART_Task.o
 .debug_abbrev  0x00001844      0x13a ./src/main.o

.debug_line     0x00000000     0x4c8c
 *(.debug_line)
 .debug_line    0x00000000      0x335 ./system/src/newlib/_exit.o
 .debug_line    0x00000335      0x2e6 ./system/src/newlib/_sbrk.o
 .debug_line    0x0000061b      0x3ae ./system/src/newlib/_startup.o
 .debug_line    0x000009c9      0x3ff ./system/src/newlib/_syscalls.o
 .debug_line    0x00000dc8      0x3a3 ./system/src/diag/Trace.o
 .debug_line    0x0000116b      0xaa2 ./system/src/diag/trace_impl.o
 .debug_line    0x00001c0d      0xa0a ./system/src/cortexm/_initialize_hardware.o
 .debug_line    0x00002617      0xb40 ./system/src/cortexm/exception_handlers.o
 .debug_line    0x00003157      0xa0a ./system/src/cmsis/system_stm32f4xx.o
 .debug_line    0x00003b61      0x103 ./system/src/cmsis/vectors_stm32f401xc.o
 .debug_line    0x00003c64      0x2f3 ./src/GPIO.o
 .debug_line    0x00003f57       0xa5 ./src/LED.o
 .debug_line    0x00003ffc       0x60 ./src/LED_Cfg.o
 .debug_line    0x0000405c      0x50c ./src/RCC_Driv.o
 .debug_line    0x00004568      0x1e9 ./src/STK_Program.o
 .debug_line    0x00004751      0x12b ./src/Scheduler.o
 .debug_line    0x0000487c       0x72 ./src/Scheduler_Cfg.o
 .debug_line    0x000048ee      0x1b5 ./src/USART.o
 .debug_line    0x00004aa3       0x76 ./src/USART_Config.o
 .debug_line    0x00004b19       0x86 ./src/USART_Task.o
 .debug_line    0x00004b9f       0xed ./src/main.o

.debug_frame    0x00000000      0xbd4
 *(.debug_frame)
 .debug_frame   0x00000000       0x38 ./system/src/newlib/_exit.o
 .debug_frame   0x00000038       0x28 ./system/src/newlib/_sbrk.o
 .debug_frame   0x00000060       0x7c ./system/src/newlib/_startup.o
 .debug_frame   0x000000dc       0x50 ./system/src/newlib/_syscalls.o
 .debug_frame   0x0000012c       0x94 ./system/src/diag/Trace.o
 .debug_frame   0x000001c0       0x60 ./system/src/diag/trace_impl.o
 .debug_frame   0x00000220       0x40 ./system/src/cortexm/_initialize_hardware.o
 .debug_frame   0x00000260      0x158 ./system/src/cortexm/exception_handlers.o
 .debug_frame   0x000003b8       0x30 ./system/src/cmsis/system_stm32f4xx.o
 .debug_frame   0x000003e8       0x20 ./system/src/cmsis/vectors_stm32f401xc.o
 .debug_frame   0x00000408       0x90 ./src/GPIO.o
 .debug_frame   0x00000498       0x48 ./src/LED.o
 .debug_frame   0x000004e0       0xd8 ./src/RCC_Driv.o
 .debug_frame   0x000005b8      0x12c ./src/STK_Program.o
 .debug_frame   0x000006e4       0xa0 ./src/Scheduler.o
 .debug_frame   0x00000784       0xf8 ./src/USART.o
 .debug_frame   0x0000087c       0x2c ./src/USART_Task.o
 .debug_frame   0x000008a8       0x68 ./src/main.o
 .debug_frame   0x00000910       0x20 d:/doaa maher/0000-iti-9m/00-arm_tourkey/tools/arm gcc/bin/../lib/gcc/arm-none-eabi/5.4.1/../../../../arm-none-eabi/lib/armv7e-m\libg_nano.a(lib_a-errno.o)
 .debug_frame   0x00000930       0x48 d:/doaa maher/0000-iti-9m/00-arm_tourkey/tools/arm gcc/bin/../lib/gcc/arm-none-eabi/5.4.1/../../../../arm-none-eabi/lib/armv7e-m\libg_nano.a(lib_a-vsnprintf.o)
 .debug_frame   0x00000978       0x90 d:/doaa maher/0000-iti-9m/00-arm_tourkey/tools/arm gcc/bin/../lib/gcc/arm-none-eabi/5.4.1/../../../../arm-none-eabi/lib/armv7e-m\libg_nano.a(lib_a-nano-svfprintf.o)
 .debug_frame   0x00000a08       0x60 d:/doaa maher/0000-iti-9m/00-arm_tourkey/tools/arm gcc/bin/../lib/gcc/arm-none-eabi/5.4.1/../../../../arm-none-eabi/lib/armv7e-m\libg_nano.a(lib_a-nano-vfprintf_i.o)
 .debug_frame   0x00000a68       0x28 d:/doaa maher/0000-iti-9m/00-arm_tourkey/tools/arm gcc/bin/../lib/gcc/arm-none-eabi/5.4.1/../../../../arm-none-eabi/lib/armv7e-m\libg_nano.a(lib_a-memcpy-stub.o)
 .debug_frame   0x00000a90       0x28 d:/doaa maher/0000-iti-9m/00-arm_tourkey/tools/arm gcc/bin/../lib/gcc/arm-none-eabi/5.4.1/../../../../arm-none-eabi/lib/armv7e-m\libg_nano.a(lib_a-memmove.o)
 .debug_frame   0x00000ab8       0x38 d:/doaa maher/0000-iti-9m/00-arm_tourkey/tools/arm gcc/bin/../lib/gcc/arm-none-eabi/5.4.1/../../../../arm-none-eabi/lib/armv7e-m\libg_nano.a(lib_a-nano-freer.o)
 .debug_frame   0x00000af0       0x2c d:/doaa maher/0000-iti-9m/00-arm_tourkey/tools/arm gcc/bin/../lib/gcc/arm-none-eabi/5.4.1/../../../../arm-none-eabi/lib/armv7e-m\libg_nano.a(lib_a-nano-mallocr.o)
 .debug_frame   0x00000b1c       0x3c d:/doaa maher/0000-iti-9m/00-arm_tourkey/tools/arm gcc/bin/../lib/gcc/arm-none-eabi/5.4.1/../../../../arm-none-eabi/lib/armv7e-m\libg_nano.a(lib_a-nano-reallocr.o)
 .debug_frame   0x00000b58       0x2c d:/doaa maher/0000-iti-9m/00-arm_tourkey/tools/arm gcc/bin/../lib/gcc/arm-none-eabi/5.4.1/../../../../arm-none-eabi/lib/armv7e-m\libg_nano.a(lib_a-sbrkr.o)
 .debug_frame   0x00000b84       0x30 d:/doaa maher/0000-iti-9m/00-arm_tourkey/tools/arm gcc/bin/../lib/gcc/arm-none-eabi/5.4.1/../../../../arm-none-eabi/lib/armv7e-m\libg_nano.a(lib_a-mlock.o)
 .debug_frame   0x00000bb4       0x20 d:/doaa maher/0000-iti-9m/00-arm_tourkey/tools/arm gcc/bin/../lib/gcc/arm-none-eabi/5.4.1/../../../../arm-none-eabi/lib/armv7e-m\libg_nano.a(lib_a-nano-msizer.o)

.debug_str      0x00000000    0x7728a
 *(.debug_str)
 .debug_str     0x00000000     0x6d79 ./system/src/newlib/_exit.o
                               0x6eeb (size before relaxing)
 .debug_str     0x00006d79      0x4de ./system/src/newlib/_sbrk.o
                               0x62d6 (size before relaxing)
 .debug_str     0x00007257      0xc29 ./system/src/newlib/_startup.o
                               0x5ef1 (size before relaxing)
 .debug_str     0x00007e80      0xe18 ./system/src/newlib/_syscalls.o
                               0x7136 (size before relaxing)
 .debug_str     0x00008c98      0x890 ./system/src/diag/Trace.o
                               0x76db (size before relaxing)
 .debug_str     0x00009528    0x67a24 ./system/src/diag/trace_impl.o
                              0x6f9f1 (size before relaxing)
 .debug_str     0x00070f4c       0xc4 ./system/src/cortexm/_initialize_hardware.o
                              0x6e7d2 (size before relaxing)
 .debug_str     0x00071010      0x1a6 ./system/src/cortexm/exception_handlers.o
                              0x6fb7b (size before relaxing)
 .debug_str     0x000711b6       0xe2 ./system/src/cmsis/system_stm32f4xx.o
                              0x6e8c3 (size before relaxing)
 .debug_str     0x00071298       0x59 ./system/src/cmsis/vectors_stm32f401xc.o
                               0x30a8 (size before relaxing)
 .debug_str     0x000712f1      0xb87 ./src/GPIO.o
                               0x3157 (size before relaxing)
 .debug_str     0x00071e78      0x301 ./src/LED.o
                               0x2df8 (size before relaxing)
 .debug_str     0x00072179       0x11 ./src/LED_Cfg.o
                               0x2c9c (size before relaxing)
 .debug_str     0x0007218a     0x29c3 ./src/RCC_Driv.o
                               0x4fef (size before relaxing)
 .debug_str     0x00074b4d      0x637 ./src/STK_Program.o
                               0x321b (size before relaxing)
 .debug_str     0x00075184      0x28d ./src/Scheduler.o
                               0x2bc7 (size before relaxing)
 .debug_str     0x00075411       0x61 ./src/Scheduler_Cfg.o
                               0x2741 (size before relaxing)
 .debug_str     0x00075472     0x1dae ./src/USART.o
                               0x4a1b (size before relaxing)
 .debug_str     0x00077220       0x16 ./src/USART_Config.o
                               0x3cfe (size before relaxing)
 .debug_str     0x00077236       0x24 ./src/USART_Task.o
                               0x3695 (size before relaxing)
 .debug_str     0x0007725a       0x30 ./src/main.o
                               0x48d6 (size before relaxing)

.debug_loc      0x00000000     0x3d44
 *(.debug_loc)
 .debug_loc     0x00000000       0x82 ./system/src/newlib/_sbrk.o
 .debug_loc     0x00000082      0x36e ./system/src/newlib/_startup.o
 .debug_loc     0x000003f0       0x63 ./system/src/newlib/_syscalls.o
 .debug_loc     0x00000453      0x102 ./system/src/diag/Trace.o
 .debug_loc     0x00000555      0x17c ./system/src/diag/trace_impl.o
 .debug_loc     0x000006d1      0x2a8 ./system/src/cortexm/exception_handlers.o
 .debug_loc     0x00000979      0x132 ./system/src/cmsis/system_stm32f4xx.o
 .debug_loc     0x00000aab      0xec9 ./src/GPIO.o
 .debug_loc     0x00001974       0x6c ./src/LED.o
 .debug_loc     0x000019e0     0x1851 ./src/RCC_Driv.o
 .debug_loc     0x00003231      0x5e1 ./src/STK_Program.o
 .debug_loc     0x00003812       0xb7 ./src/Scheduler.o
 .debug_loc     0x000038c9      0x47b ./src/USART.o

.debug_macinfo
 *(.debug_macinfo)

.debug_weaknames
 *(.debug_weaknames)

.debug_funcnames
 *(.debug_funcnames)

.debug_typenames
 *(.debug_typenames)

.debug_varnames
 *(.debug_varnames)
OUTPUT(08-USART.elf elf32-littlearm)

.debug_ranges   0x00000000      0x3b0
 .debug_ranges  0x00000000       0x18 ./system/src/newlib/_exit.o
 .debug_ranges  0x00000018       0x10 ./system/src/newlib/_sbrk.o
 .debug_ranges  0x00000028       0x30 ./system/src/newlib/_startup.o
 .debug_ranges  0x00000058       0x20 ./system/src/newlib/_syscalls.o
 .debug_ranges  0x00000078       0x28 ./system/src/diag/Trace.o
 .debug_ranges  0x000000a0       0x38 ./system/src/diag/trace_impl.o
 .debug_ranges  0x000000d8       0x18 ./system/src/cortexm/_initialize_hardware.o
 .debug_ranges  0x000000f0       0x98 ./system/src/cortexm/exception_handlers.o
 .debug_ranges  0x00000188       0x18 ./system/src/cmsis/system_stm32f4xx.o
 .debug_ranges  0x000001a0       0x10 ./system/src/cmsis/vectors_stm32f401xc.o
 .debug_ranges  0x000001b0       0x40 ./src/GPIO.o
 .debug_ranges  0x000001f0       0x18 ./src/LED.o
 .debug_ranges  0x00000208       0x60 ./src/RCC_Driv.o
 .debug_ranges  0x00000268       0x80 ./src/STK_Program.o
 .debug_ranges  0x000002e8       0x40 ./src/Scheduler.o
 .debug_ranges  0x00000328       0x50 ./src/USART.o
 .debug_ranges  0x00000378       0x10 ./src/USART_Task.o
 .debug_ranges  0x00000388       0x28 ./src/main.o

.debug_macro    0x00000000    0x135a8
 .debug_macro   0x00000000      0x19c ./system/src/newlib/_exit.o
 .debug_macro   0x0000019c      0x898 ./system/src/newlib/_exit.o
 .debug_macro   0x00000a34       0x9c ./system/src/newlib/_exit.o
 .debug_macro   0x00000ad0      0x10e ./system/src/newlib/_exit.o
 .debug_macro   0x00000bde       0x8d ./system/src/newlib/_exit.o
 .debug_macro   0x00000c6b       0x43 ./system/src/newlib/_exit.o
 .debug_macro   0x00000cae      0x30d ./system/src/newlib/_exit.o
 .debug_macro   0x00000fbb       0x35 ./system/src/newlib/_exit.o
 .debug_macro   0x00000ff0      0x151 ./system/src/newlib/_sbrk.o
 .debug_macro   0x00001141      0x174 ./system/src/newlib/_sbrk.o
 .debug_macro   0x000012b5       0x10 ./system/src/newlib/_sbrk.o
 .debug_macro   0x000012c5      0x23b ./system/src/newlib/_sbrk.o
 .debug_macro   0x00001500      0x15b ./system/src/newlib/_startup.o
 .debug_macro   0x0000165b      0x89e ./system/src/newlib/_startup.o
 .debug_macro   0x00001ef9      0x34e ./system/src/newlib/_startup.o
 .debug_macro   0x00002247      0x1ff ./system/src/newlib/_syscalls.o
 .debug_macro   0x00002446       0x1c ./system/src/newlib/_syscalls.o
 .debug_macro   0x00002462       0x10 ./system/src/newlib/_syscalls.o
 .debug_macro   0x00002472       0x10 ./system/src/newlib/_syscalls.o
 .debug_macro   0x00002482       0x10 ./system/src/newlib/_syscalls.o
 .debug_macro   0x00002492       0x35 ./system/src/newlib/_syscalls.o
 .debug_macro   0x000024c7      0x122 ./system/src/newlib/_syscalls.o
 .debug_macro   0x000025e9       0x88 ./system/src/newlib/_syscalls.o
 .debug_macro   0x00002671       0x2b ./system/src/newlib/_syscalls.o
 .debug_macro   0x0000269c      0x118 ./system/src/newlib/_syscalls.o
 .debug_macro   0x000027b4      0x159 ./system/src/newlib/_syscalls.o
 .debug_macro   0x0000290d       0x16 ./system/src/newlib/_syscalls.o
 .debug_macro   0x00002923      0x1d9 ./system/src/diag/Trace.o
 .debug_macro   0x00002afc       0x16 ./system/src/diag/Trace.o
 .debug_macro   0x00002b12       0x97 ./system/src/diag/Trace.o
 .debug_macro   0x00002ba9       0xfd ./system/src/diag/Trace.o
 .debug_macro   0x00002ca6       0x10 ./system/src/diag/Trace.o
 .debug_macro   0x00002cb6       0x16 ./system/src/diag/Trace.o
 .debug_macro   0x00002ccc      0x18b ./system/src/diag/Trace.o
 .debug_macro   0x00002e57       0x4c ./system/src/diag/Trace.o
 .debug_macro   0x00002ea3       0x16 ./system/src/diag/Trace.o
 .debug_macro   0x00002eb9      0x512 ./system/src/diag/trace_impl.o
 .debug_macro   0x000033cb       0x31 ./system/src/diag/trace_impl.o
 .debug_macro   0x000033fc       0x28 ./system/src/diag/trace_impl.o
 .debug_macro   0x00003424       0x35 ./system/src/diag/trace_impl.o
 .debug_macro   0x00003459       0x50 ./system/src/diag/trace_impl.o
 .debug_macro   0x000034a9      0xe66 ./system/src/diag/trace_impl.o
 .debug_macro   0x0000430f     0x5099 ./system/src/diag/trace_impl.o
 .debug_macro   0x000093a8       0x43 ./system/src/diag/trace_impl.o
 .debug_macro   0x000093eb      0x289 ./system/src/diag/trace_impl.o
 .debug_macro   0x00009674     0x347f ./system/src/diag/trace_impl.o
 .debug_macro   0x0000caf3       0x57 ./system/src/diag/trace_impl.o
 .debug_macro   0x0000cb4a      0x424 ./system/src/diag/trace_impl.o
 .debug_macro   0x0000cf6e      0x9e1 ./system/src/diag/trace_impl.o
 .debug_macro   0x0000d94f      0x11e ./system/src/diag/trace_impl.o
 .debug_macro   0x0000da6d       0xf8 ./system/src/diag/trace_impl.o
 .debug_macro   0x0000db65       0x27 ./system/src/diag/trace_impl.o
 .debug_macro   0x0000db8c      0x287 ./system/src/diag/trace_impl.o
 .debug_macro   0x0000de13       0x5f ./system/src/diag/trace_impl.o
 .debug_macro   0x0000de72      0x23a ./system/src/diag/trace_impl.o
 .debug_macro   0x0000e0ac      0x391 ./system/src/diag/trace_impl.o
 .debug_macro   0x0000e43d      0x16f ./system/src/diag/trace_impl.o
 .debug_macro   0x0000e5ac       0xf9 ./system/src/diag/trace_impl.o
 .debug_macro   0x0000e6a5       0x23 ./system/src/diag/trace_impl.o
 .debug_macro   0x0000e6c8      0x13a ./system/src/diag/trace_impl.o
 .debug_macro   0x0000e802      0x23a ./system/src/diag/trace_impl.o
 .debug_macro   0x0000ea3c       0x2e ./system/src/diag/trace_impl.o
 .debug_macro   0x0000ea6a      0x1a7 ./system/src/diag/trace_impl.o
 .debug_macro   0x0000ec11       0x22 ./system/src/diag/trace_impl.o
 .debug_macro   0x0000ec33       0xa5 ./system/src/diag/trace_impl.o
 .debug_macro   0x0000ecd8      0x18b ./system/src/diag/trace_impl.o
 .debug_macro   0x0000ee63       0x24 ./system/src/diag/trace_impl.o
 .debug_macro   0x0000ee87       0x35 ./system/src/diag/trace_impl.o
 .debug_macro   0x0000eebc       0x79 ./system/src/diag/trace_impl.o
 .debug_macro   0x0000ef35      0x11e ./system/src/diag/trace_impl.o
 .debug_macro   0x0000f053       0x85 ./system/src/diag/trace_impl.o
 .debug_macro   0x0000f0d8       0x89 ./system/src/diag/trace_impl.o
 .debug_macro   0x0000f161      0x31a ./system/src/diag/trace_impl.o
 .debug_macro   0x0000f47b      0x409 ./system/src/diag/trace_impl.o
 .debug_macro   0x0000f884       0xe4 ./system/src/diag/trace_impl.o
 .debug_macro   0x0000f968      0x48d ./system/src/diag/trace_impl.o
 .debug_macro   0x0000fdf5      0x22b ./system/src/diag/trace_impl.o
 .debug_macro   0x00010020      0x202 ./system/src/diag/trace_impl.o
 .debug_macro   0x00010222      0x6d9 ./system/src/diag/trace_impl.o
 .debug_macro   0x000108fb       0x5b ./system/src/diag/trace_impl.o
 .debug_macro   0x00010956      0x14d ./system/src/diag/trace_impl.o
 .debug_macro   0x00010aa3      0x287 ./system/src/diag/trace_impl.o
 .debug_macro   0x00010d2a      0x225 ./system/src/diag/trace_impl.o
 .debug_macro   0x00010f4f      0x1b5 ./system/src/diag/trace_impl.o
 .debug_macro   0x00011104      0x2db ./system/src/diag/trace_impl.o
 .debug_macro   0x000113df       0x89 ./system/src/diag/trace_impl.o
 .debug_macro   0x00011468      0x1df ./system/src/diag/trace_impl.o
 .debug_macro   0x00011647      0x115 ./system/src/diag/trace_impl.o
 .debug_macro   0x0001175c       0x6e ./system/src/diag/trace_impl.o
 .debug_macro   0x000117ca      0x11e ./system/src/diag/trace_impl.o
 .debug_macro   0x000118e8       0x22 ./system/src/diag/trace_impl.o
 .debug_macro   0x0001190a      0x4d6 ./system/src/cortexm/_initialize_hardware.o
 .debug_macro   0x00011de0      0x535 ./system/src/cortexm/exception_handlers.o
 .debug_macro   0x00012315       0x3b ./system/src/cortexm/exception_handlers.o
 .debug_macro   0x00012350      0x4d2 ./system/src/cmsis/system_stm32f4xx.o
 .debug_macro   0x00012822       0x34 ./system/src/cmsis/vectors_stm32f401xc.o
 .debug_macro   0x00012856       0x2f ./src/GPIO.o
 .debug_macro   0x00012885       0x1c ./src/GPIO.o
 .debug_macro   0x000128a1       0x9a ./src/GPIO.o
 .debug_macro   0x0001293b       0x3d ./src/LED.o
 .debug_macro   0x00012978       0x3d ./src/LED_Cfg.o
 .debug_macro   0x000129b5       0x29 ./src/RCC_Driv.o
 .debug_macro   0x000129de      0x14a ./src/RCC_Driv.o
 .debug_macro   0x00012b28       0x44 ./src/STK_Program.o
 .debug_macro   0x00012b6c       0x94 ./src/STK_Program.o
 .debug_macro   0x00012c00      0x150 ./src/STK_Program.o
 .debug_macro   0x00012d50       0x10 ./src/STK_Program.o
 .debug_macro   0x00012d60       0x22 ./src/STK_Program.o
 .debug_macro   0x00012d82       0x3c ./src/Scheduler.o
 .debug_macro   0x00012dbe       0x8e ./src/Scheduler.o
 .debug_macro   0x00012e4c       0x16 ./src/Scheduler.o
 .debug_macro   0x00012e62       0x2d ./src/Scheduler_Cfg.o
 .debug_macro   0x00012e8f       0x51 ./src/USART.o
 .debug_macro   0x00012ee0       0x10 ./src/USART.o
 .debug_macro   0x00012ef0       0xa0 ./src/USART.o
 .debug_macro   0x00012f90      0x2d5 ./src/USART.o
 .debug_macro   0x00013265       0x3c ./src/USART_Config.o
 .debug_macro   0x000132a1       0x3c ./src/USART_Task.o
 .debug_macro   0x000132dd       0x67 ./src/main.o
 .debug_macro   0x00013344      0x264 ./src/main.o
