Archive member included to satisfy reference by file (symbol)

d:/doaa maher/0000-iti-9m/00-arm_tourkey/tools/arm gcc/bin/../lib/gcc/arm-none-eabi/5.4.1/../../../../arm-none-eabi/lib/armv7e-m\libg_nano.a(lib_a-errno.o)
                              ./system/src/newlib/_sbrk.o (__errno)
d:/doaa maher/0000-iti-9m/00-arm_tourkey/tools/arm gcc/bin/../lib/gcc/arm-none-eabi/5.4.1/../../../../arm-none-eabi/lib/armv7e-m\libg_nano.a(lib_a-impure.o)
                              d:/doaa maher/0000-iti-9m/00-arm_tourkey/tools/arm gcc/bin/../lib/gcc/arm-none-eabi/5.4.1/../../../../arm-none-eabi/lib/armv7e-m\libg_nano.a(lib_a-errno.o) (_impure_ptr)
d:/doaa maher/0000-iti-9m/00-arm_tourkey/tools/arm gcc/bin/../lib/gcc/arm-none-eabi/5.4.1/../../../../arm-none-eabi/lib/armv7e-m\libg_nano.a(lib_a-strlen.o)
                              ./system/src/diag/Trace.o (strlen)
d:/doaa maher/0000-iti-9m/00-arm_tourkey/tools/arm gcc/bin/../lib/gcc/arm-none-eabi/5.4.1/../../../../arm-none-eabi/lib/armv7e-m\libg_nano.a(lib_a-vsnprintf.o)
                              ./system/src/diag/Trace.o (vsnprintf)
d:/doaa maher/0000-iti-9m/00-arm_tourkey/tools/arm gcc/bin/../lib/gcc/arm-none-eabi/5.4.1/../../../../arm-none-eabi/lib/armv7e-m\libg_nano.a(lib_a-nano-svfprintf.o)
                              d:/doaa maher/0000-iti-9m/00-arm_tourkey/tools/arm gcc/bin/../lib/gcc/arm-none-eabi/5.4.1/../../../../arm-none-eabi/lib/armv7e-m\libg_nano.a(lib_a-vsnprintf.o) (_svfprintf_r)
d:/doaa maher/0000-iti-9m/00-arm_tourkey/tools/arm gcc/bin/../lib/gcc/arm-none-eabi/5.4.1/../../../../arm-none-eabi/lib/armv7e-m\libg_nano.a(lib_a-nano-vfprintf_i.o)
                              d:/doaa maher/0000-iti-9m/00-arm_tourkey/tools/arm gcc/bin/../lib/gcc/arm-none-eabi/5.4.1/../../../../arm-none-eabi/lib/armv7e-m\libg_nano.a(lib_a-nano-svfprintf.o) (_printf_i)
d:/doaa maher/0000-iti-9m/00-arm_tourkey/tools/arm gcc/bin/../lib/gcc/arm-none-eabi/5.4.1/../../../../arm-none-eabi/lib/armv7e-m\libg_nano.a(lib_a-memchr.o)
                              d:/doaa maher/0000-iti-9m/00-arm_tourkey/tools/arm gcc/bin/../lib/gcc/arm-none-eabi/5.4.1/../../../../arm-none-eabi/lib/armv7e-m\libg_nano.a(lib_a-nano-svfprintf.o) (memchr)
d:/doaa maher/0000-iti-9m/00-arm_tourkey/tools/arm gcc/bin/../lib/gcc/arm-none-eabi/5.4.1/../../../../arm-none-eabi/lib/armv7e-m\libg_nano.a(lib_a-memcpy-stub.o)
                              d:/doaa maher/0000-iti-9m/00-arm_tourkey/tools/arm gcc/bin/../lib/gcc/arm-none-eabi/5.4.1/../../../../arm-none-eabi/lib/armv7e-m\libg_nano.a(lib_a-nano-svfprintf.o) (memcpy)
d:/doaa maher/0000-iti-9m/00-arm_tourkey/tools/arm gcc/bin/../lib/gcc/arm-none-eabi/5.4.1/../../../../arm-none-eabi/lib/armv7e-m\libg_nano.a(lib_a-memmove.o)
                              d:/doaa maher/0000-iti-9m/00-arm_tourkey/tools/arm gcc/bin/../lib/gcc/arm-none-eabi/5.4.1/../../../../arm-none-eabi/lib/armv7e-m\libg_nano.a(lib_a-nano-svfprintf.o) (memmove)
d:/doaa maher/0000-iti-9m/00-arm_tourkey/tools/arm gcc/bin/../lib/gcc/arm-none-eabi/5.4.1/../../../../arm-none-eabi/lib/armv7e-m\libg_nano.a(lib_a-nano-freer.o)
                              d:/doaa maher/0000-iti-9m/00-arm_tourkey/tools/arm gcc/bin/../lib/gcc/arm-none-eabi/5.4.1/../../../../arm-none-eabi/lib/armv7e-m\libg_nano.a(lib_a-nano-svfprintf.o) (_free_r)
d:/doaa maher/0000-iti-9m/00-arm_tourkey/tools/arm gcc/bin/../lib/gcc/arm-none-eabi/5.4.1/../../../../arm-none-eabi/lib/armv7e-m\libg_nano.a(lib_a-nano-mallocr.o)
                              d:/doaa maher/0000-iti-9m/00-arm_tourkey/tools/arm gcc/bin/../lib/gcc/arm-none-eabi/5.4.1/../../../../arm-none-eabi/lib/armv7e-m\libg_nano.a(lib_a-nano-svfprintf.o) (_malloc_r)
d:/doaa maher/0000-iti-9m/00-arm_tourkey/tools/arm gcc/bin/../lib/gcc/arm-none-eabi/5.4.1/../../../../arm-none-eabi/lib/armv7e-m\libg_nano.a(lib_a-nano-reallocr.o)
                              d:/doaa maher/0000-iti-9m/00-arm_tourkey/tools/arm gcc/bin/../lib/gcc/arm-none-eabi/5.4.1/../../../../arm-none-eabi/lib/armv7e-m\libg_nano.a(lib_a-nano-svfprintf.o) (_realloc_r)
d:/doaa maher/0000-iti-9m/00-arm_tourkey/tools/arm gcc/bin/../lib/gcc/arm-none-eabi/5.4.1/../../../../arm-none-eabi/lib/armv7e-m\libg_nano.a(lib_a-sbrkr.o)
                              d:/doaa maher/0000-iti-9m/00-arm_tourkey/tools/arm gcc/bin/../lib/gcc/arm-none-eabi/5.4.1/../../../../arm-none-eabi/lib/armv7e-m\libg_nano.a(lib_a-nano-mallocr.o) (_sbrk_r)
d:/doaa maher/0000-iti-9m/00-arm_tourkey/tools/arm gcc/bin/../lib/gcc/arm-none-eabi/5.4.1/../../../../arm-none-eabi/lib/armv7e-m\libg_nano.a(lib_a-mlock.o)
                              d:/doaa maher/0000-iti-9m/00-arm_tourkey/tools/arm gcc/bin/../lib/gcc/arm-none-eabi/5.4.1/../../../../arm-none-eabi/lib/armv7e-m\libg_nano.a(lib_a-nano-freer.o) (__malloc_lock)
d:/doaa maher/0000-iti-9m/00-arm_tourkey/tools/arm gcc/bin/../lib/gcc/arm-none-eabi/5.4.1/../../../../arm-none-eabi/lib/armv7e-m\libg_nano.a(lib_a-nano-msizer.o)
[...]
Memory Configuration

Name             Origin             Length             Attributes
RAM              0x20000000         0x00010000         xrw
CCMRAM           0x10000000         0x00000000         xrw
FLASH            0x08000000         0x00100000         xr
FLASHB1          0x00000000         0x00000000         xr
EXTMEMB0         0x00000000         0x00000000         xr
EXTMEMB1         0x00000000         0x00000000         xr
EXTMEMB2         0x00000000         0x00000000         xr
EXTMEMB3         0x00000000         0x00000000         xr
*default*        0x00000000         0xffffffff

Linker script and memory map

LOAD ./system/src/newlib/_cxx.o
LOAD ./system/src/newlib/_exit.o
LOAD ./system/src/newlib/_sbrk.o
LOAD ./system/src/newlib/_startup.o
LOAD ./system/src/newlib/_syscalls.o
LOAD ./system/src/newlib/assert.o
LOAD ./system/src/diag/Trace.o
LOAD ./system/src/diag/trace_impl.o
LOAD ./system/src/cortexm/_initialize_hardware.o
LOAD ./system/src/cortexm/_reset_hardware.o
LOAD ./system/src/cortexm/exception_handlers.o
LOAD ./system/src/cmsis/system_stm32f4xx.o
LOAD ./system/src/cmsis/vectors_stm32f401xc.o
LOAD ./src/APP1.o
LOAD ./src/APP2.o
LOAD ./src/APP3.o
LOAD ./src/GPIO.o
LOAD ./src/LCD_2.o
LOAD ./src/LCD_2_Cfg.o
LOAD ./src/LCD_2_TASK.o
LOAD ./src/LED.o
LOAD ./src/LED_Cfg.o
LOAD ./src/RCC.o
LOAD ./src/SWITCH.o
LOAD ./src/SWITCH_APP.o
LOAD ./src/SWITCH_Cfg.o
LOAD ./src/SYSTICK.o
LOAD ./src/main.o
LOAD ./src/scheduler.o
LOAD ./src/scheduler_Cfg.o
LOAD d:/doaa maher/0000-iti-9m/00-arm_tourkey/tools/arm gcc/bin/../lib/gcc/arm-none-eabi/5.4.1/../../../../arm-none-eabi/lib/armv7e-m\libstdc++_nano.a
LOAD d:/doaa maher/0000-iti-9m/00-arm_tourkey/tools/arm gcc/bin/../lib/gcc/arm-none-eabi/5.4.1/../../../../arm-none-eabi/lib/armv7e-m\libm.a
START GROUP
LOAD d:/doaa maher/0000-iti-9m/00-arm_tourkey/tools/arm gcc/bin/../lib/gcc/arm-none-eabi/5.4.1/armv7e-m\libgcc.a
LOAD d:/doaa maher/0000-iti-9m/00-arm_tourkey/tools/arm gcc/bin/../lib/gcc/arm-none-eabi/5.4.1/../../../../arm-none-eabi/lib/armv7e-m\libg_nano.a
LOAD d:/doaa maher/0000-iti-9m/00-arm_tourkey/tools/arm gcc/bin/../lib/gcc/arm-none-eabi/5.4.1/../../../../arm-none-eabi/lib/armv7e-m\libc_nano.a
END GROUP
START GROUP
LOAD d:/doaa maher/0000-iti-9m/00-arm_tourkey/tools/arm gcc/bin/../lib/gcc/arm-none-eabi/5.4.1/armv7e-m\libgcc.a
LOAD d:/doaa maher/0000-iti-9m/00-arm_tourkey/tools/arm gcc/bin/../lib/gcc/arm-none-eabi/5.4.1/../../../../arm-none-eabi/lib/armv7e-m\libc_nano.a
END GROUP
                0x20010000                __stack = (ORIGIN (RAM) + LENGTH (RAM))
                0x20010000                _estack = __stack
                0x00000400                __Main_Stack_Size = 0x400
                [!provide]                PROVIDE (_Main_Stack_Size, __Main_Stack_Size)
                0x2000fc00                __Main_Stack_Limit = (__stack - __Main_Stack_Size)
                [!provide]                PROVIDE (_Main_Stack_Limit, __Main_Stack_Limit)
                0x00000100                _Minimum_Stack_Size = 0x100
                0x200001d4                PROVIDE (_Heap_Begin, _end_noinit)
                0x2000fc00                PROVIDE (_Heap_Limit, (__stack - __Main_Stack_Size))

.isr_vector     0x08000000      0x3f8
 FILL mask 0xff
                0x08000000                __vectors_start = ABSOLUTE (.)
                0x08000000                __vectors_start__ = ABSOLUTE (.)
 *(.isr_vector)
 .isr_vector    0x08000000      0x194 ./system/src/cmsis/vectors_stm32f401xc.o
                0x08000000                __isr_vectors
 *(.cfmconfig)
 *(.after_vectors .after_vectors.*)
 .after_vectors
                0x08000194      0x130 ./system/src/newlib/_startup.o
                0x08000194                _start
 .after_vectors
                0x080002c4      0x130 ./system/src/cortexm/exception_handlers.o
                0x080002c4                Reset_Handler
                0x080002cc                NMI_Handler
                0x080002d0                HardFault_Handler
                0x080002e4                HardFault_Handler_C
                0x08000344                MemManage_Handler
                0x08000348                BusFault_Handler
                0x0800035c                BusFault_Handler_C
                0x08000390                UsageFault_Handler
                0x080003a4                UsageFault_Handler_C
                0x080003d8                SVC_Handler
                0x080003dc                DebugMon_Handler
                0x080003e0                PendSV_Handler
 .after_vectors
                0x080003f4        0x4 ./system/src/cmsis/vectors_stm32f401xc.o
                0x080003f4                RTC_Alarm_IRQHandler
                0x080003f4                EXTI2_IRQHandler
                0x080003f4                SPI4_IRQHandler
                0x080003f4                TIM1_CC_IRQHandler
                0x080003f4                DMA2_Stream5_IRQHandler
                0x080003f4                DMA1_Stream5_IRQHandler
                0x080003f4                PVD_IRQHandler
                0x080003f4                SDIO_IRQHandler
                0x080003f4                TAMP_STAMP_IRQHandler
                0x080003f4                EXTI3_IRQHandler
                0x080003f4                TIM1_UP_TIM10_IRQHandler
                0x080003f4                I2C3_ER_IRQHandler
                0x080003f4                EXTI0_IRQHandler
                0x080003f4                I2C2_EV_IRQHandler
                0x080003f4                DMA1_Stream2_IRQHandler
                0x080003f4                FPU_IRQHandler
                0x080003f4                DMA2_Stream2_IRQHandler
                0x080003f4                SPI1_IRQHandler
                0x080003f4                TIM1_BRK_TIM9_IRQHandler
                0x080003f4                DMA2_Stream3_IRQHandler
                0x080003f4                USART6_IRQHandler
                0x080003f4                DMA2_Stream0_IRQHandler
                0x080003f4                TIM4_IRQHandler
                0x080003f4                I2C1_EV_IRQHandler
                0x080003f4                DMA1_Stream6_IRQHandler
                0x080003f4                DMA1_Stream1_IRQHandler
                0x080003f4                TIM3_IRQHandler
                0x080003f4                RCC_IRQHandler
                0x080003f4                Default_Handler
                0x080003f4                EXTI15_10_IRQHandler
                0x080003f4                ADC_IRQHandler
                0x080003f4                DMA1_Stream7_IRQHandler
                0x080003f4                TIM5_IRQHandler
                0x080003f4                DMA2_Stream7_IRQHandler
                0x080003f4                I2C3_EV_IRQHandler
                0x080003f4                EXTI9_5_IRQHandler
                0x080003f4                RTC_WKUP_IRQHandler
                0x080003f4                SPI2_IRQHandler
                0x080003f4                DMA1_Stream0_IRQHandler
                0x080003f4                EXTI4_IRQHandler
                0x080003f4                WWDG_IRQHandler
                0x080003f4                TIM2_IRQHandler
                0x080003f4                OTG_FS_WKUP_IRQHandler
                0x080003f4                TIM1_TRG_COM_TIM11_IRQHandler
                0x080003f4                EXTI1_IRQHandler
                0x080003f4                USART2_IRQHandler
                0x080003f4                I2C2_ER_IRQHandler
                0x080003f4                DMA2_Stream1_IRQHandler
                0x080003f4                FLASH_IRQHandler
                0x080003f4                DMA2_Stream4_IRQHandler
                0x080003f4                USART1_IRQHandler
                0x080003f4                OTG_FS_IRQHandler
                0x080003f4                SPI3_IRQHandler
                0x080003f4                DMA1_Stream4_IRQHandler
                0x080003f4                I2C1_ER_IRQHandler
                0x080003f4                DMA2_Stream6_IRQHandler
                0x080003f4                DMA1_Stream3_IRQHandler

.inits          0x080003f8       0x28
                0x080003f8                __data_regions_array_start = .
                0x080003f8        0x4 LONG 0x8001acc LOADADDR (.data)
                0x080003fc        0x4 LONG 0x20000000 ADDR (.data)
                0x08000400        0x4 LONG 0x20000108 (ADDR (.data) + SIZEOF (.data))
                0x08000404        0x4 LONG 0x8001acc LOADADDR (.data_CCMRAM)
                0x08000408        0x4 LONG 0x10000000 ADDR (.data_CCMRAM)
                0x0800040c        0x4 LONG 0x10000000 (ADDR (.data_CCMRAM) + SIZEOF (.data_CCMRAM))
                0x08000410                __data_regions_array_end = .
                0x08000410                __bss_regions_array_start = .
                0x08000410        0x4 LONG 0x20000108 ADDR (.bss)
                0x08000414        0x4 LONG 0x200001d4 (ADDR (.bss) + SIZEOF (.bss))
                0x08000418        0x4 LONG 0x10000000 ADDR (.bss_CCMRAM)
                0x0800041c        0x4 LONG 0x10000000 (ADDR (.bss_CCMRAM) + SIZEOF (.bss_CCMRAM))
                0x08000420                __bss_regions_array_end = .
 *(.init)
 *(.fini)
                0x08000420                . = ALIGN (0x4)
                0x08000420                PROVIDE (__preinit_array_start, .)
 *(.preinit_array_sysinit .preinit_array_sysinit.*)
 *(.preinit_array_platform .preinit_array_platform.*)
 *(.preinit_array .preinit_array.*)
                0x08000420                PROVIDE (__preinit_array_end, .)
                0x08000420                . = ALIGN (0x4)
                0x08000420                PROVIDE (__init_array_start, .)
 *(SORT(.init_array.*))
 *(.init_array)
                0x08000420                PROVIDE (__init_array_end, .)
                0x08000420                . = ALIGN (0x4)
                0x08000420                PROVIDE (__fini_array_start, .)
 *(SORT(.fini_array.*))
 *(.fini_array)
                0x08000420                PROVIDE (__fini_array_end, .)

.flashtext
 *(.flashtext .flashtext.*)

.text           0x08000420     0x16ab
 *(.text .text.*)
 .text._exit    0x08000420        0x4 ./system/src/newlib/_exit.o
                0x08000420                _exit
 .text._sbrk    0x08000424       0x44 ./system/src/newlib/_sbrk.o
                0x08000424                _sbrk
 .text.__initialize_args
                0x08000468       0x10 ./system/src/newlib/_syscalls.o
                0x08000468                __initialize_args
 .text.trace_printf
                0x08000478       0x30 ./system/src/diag/Trace.o
                0x08000478                trace_printf
 .text._trace_write_semihosting_debug
                0x080004a8       0x64 ./system/src/diag/trace_impl.o
 .text.trace_write
                0x0800050c        0x8 ./system/src/diag/trace_impl.o
                0x0800050c                trace_write
 .text.__initialize_hardware_early
                0x08000514       0x18 ./system/src/cortexm/_initialize_hardware.o
                0x08000514                __initialize_hardware_early
 .text.__initialize_hardware
                0x0800052c        0x8 ./system/src/cortexm/_initialize_hardware.o
                0x0800052c                __initialize_hardware
 .text.dumpExceptionStack
                0x08000534       0xf0 ./system/src/cortexm/exception_handlers.o
                0x08000534                dumpExceptionStack
 .text.isSemihosting
                0x08000624       0x20 ./system/src/cortexm/exception_handlers.o
                0x08000624                isSemihosting
 .text.SystemInit
                0x08000644       0x40 ./system/src/cmsis/system_stm32f4xx.o
                0x08000644                SystemInit
 .text.SystemCoreClockUpdate
                0x08000684       0xa0 ./system/src/cmsis/system_stm32f4xx.o
                0x08000684                SystemCoreClockUpdate
 .text.APP1_runnable
                0x08000724       0x30 ./src/APP1.o
                0x08000724                APP1_runnable
 .text.GPIO_Init
                0x08000754       0xa4 ./src/GPIO.o
                0x08000754                GPIO_Init
 .text.GPIO_SetPins
                0x080007f8       0x54 ./src/GPIO.o
                0x080007f8                GPIO_SetPins
 .text.LCD_pins_Init
                0x0800084c       0x74 ./src/LCD_2.o
 .text.WriteCommand
                0x080008c0       0x5c ./src/LCD_2.o
 .text.LCD_GoToXY
                0x0800091c       0x1c ./src/LCD_2.o
 .text.LCD_Clear
                0x08000938       0x10 ./src/LCD_2.o
 .text.clearing_sequence
                0x08000948       0x28 ./src/LCD_2.o
 .text.Writedata
                0x08000970       0x5c ./src/LCD_2.o
 .text.writing_sequence
                0x080009cc       0x50 ./src/LCD_2.o
 .text.LCD_Init
                0x08000a1c       0x90 ./src/LCD_2.o
                0x08000a1c                LCD_Init
 .text.LCD_WriteAsync
                0x08000aac       0x40 ./src/LCD_2.o
                0x08000aac                LCD_WriteAsync
 .text.LCD_Task
                0x08000aec       0x30 ./src/LCD_2.o
                0x08000aec                LCD_Task
 .text.LCD_Runnable
                0x08000b1c       0x14 ./src/LCD_2_TASK.o
                0x08000b1c                LCD_Runnable
 .text.LED_Init
                0x08000b30       0x40 ./src/LED.o
                0x08000b30                LED_Init
 .text.LED_Set_State
                0x08000b70       0x3c ./src/LED.o
                0x08000b70                LED_Set_State
 .text.RCC_Set_HSI_ON
                0x08000bac       0x38 ./src/RCC.o
                0x08000bac                RCC_Set_HSI_ON
 .text.RCC_SelectSystemClock
                0x08000be4       0x68 ./src/RCC.o
                0x08000be4                RCC_SelectSystemClock
 .text.RCC_EnablePeri
                0x08000c4c      0x24c ./src/RCC.o
                0x08000c4c                RCC_EnablePeri
 .text.SYSTICK_Init
                0x08000e98       0x18 ./src/SYSTICK.o
                0x08000e98                SYSTICK_Init
 .text.SYSTICK_Start
                0x08000eb0       0x1c ./src/SYSTICK.o
                0x08000eb0                SYSTICK_Start
 .text.SYSTICK_SetTickTimeMS
                0x08000ecc       0x18 ./src/SYSTICK.o
                0x08000ecc                SYSTICK_SetTickTimeMS
 .text.SYSTICK_SetCBF
                0x08000ee4       0x14 ./src/SYSTICK.o
                0x08000ee4                SYSTICK_SetCBF
 .text.SysTick_Handler
                0x08000ef8       0x10 ./src/SYSTICK.o
                0x08000ef8                SysTick_Handler
 .text.main     0x08000f08       0x34 ./src/main.o
                0x08000f08                main
 .text.tick_cbf
                0x08000f3c       0x14 ./src/scheduler.o
 .text.sched    0x08000f50       0x44 ./src/scheduler.o
 .text.sched_init
                0x08000f94       0x40 ./src/scheduler.o
                0x08000f94                sched_init
 .text.sched_start
                0x08000fd4       0x20 ./src/scheduler.o
                0x08000fd4                sched_start
 .text.__errno  0x08000ff4        0xc d:/doaa maher/0000-iti-9m/00-arm_tourkey/tools/arm gcc/bin/../lib/gcc/arm-none-eabi/5.4.1/../../../../arm-none-eabi/lib/armv7e-m\libg_nano.a(lib_a-errno.o)
                0x08000ff4                __errno
 .text._vsnprintf_r
                0x08001000       0x56 d:/doaa maher/0000-iti-9m/00-arm_tourkey/tools/arm gcc/bin/../lib/gcc/arm-none-eabi/5.4.1/../../../../arm-none-eabi/lib/armv7e-m\libg_nano.a(lib_a-vsnprintf.o)
                0x08001000                _vsniprintf_r
                0x08001000                _vsnprintf_r
 *fill*         0x08001056        0x2 
 .text.vsnprintf
                0x08001058       0x1c d:/doaa maher/0000-iti-9m/00-arm_tourkey/tools/arm gcc/bin/../lib/gcc/arm-none-eabi/5.4.1/../../../../arm-none-eabi/lib/armv7e-m\libg_nano.a(lib_a-vsnprintf.o)
                0x08001058                vsniprintf
                0x08001058                vsnprintf
 .text.__ssputs_r
                0x08001074       0xb2 d:/doaa maher/0000-iti-9m/00-arm_tourkey/tools/arm gcc/bin/../lib/gcc/arm-none-eabi/5.4.1/../../../../arm-none-eabi/lib/armv7e-m\libg_nano.a(lib_a-nano-svfprintf.o)
                0x08001074                __ssputs_r
 *fill*         0x08001126        0x2 
 .text._svfprintf_r
                0x08001128      0x1e8 d:/doaa maher/0000-iti-9m/00-arm_tourkey/tools/arm gcc/bin/../lib/gcc/arm-none-eabi/5.4.1/../../../../arm-none-eabi/lib/armv7e-m\libg_nano.a(lib_a-nano-svfprintf.o)
                0x08001128                _svfiprintf_r
                0x08001128                _svfprintf_r
 .text._printf_common
                0x08001310       0xec d:/doaa maher/0000-iti-9m/00-arm_tourkey/tools/arm gcc/bin/../lib/gcc/arm-none-eabi/5.4.1/../../../../arm-none-eabi/lib/armv7e-m\libg_nano.a(lib_a-nano-vfprintf_i.o)
                0x08001310                _printf_common
 .text._printf_i
                0x080013fc      0x24c d:/doaa maher/0000-iti-9m/00-arm_tourkey/tools/arm gcc/bin/../lib/gcc/arm-none-eabi/5.4.1/../../../../arm-none-eabi/lib/armv7e-m\libg_nano.a(lib_a-nano-vfprintf_i.o)
                0x080013fc                _printf_i
 *fill*         0x08001648        0x8 
 .text          0x08001650       0xa0 d:/doaa maher/0000-iti-9m/00-arm_tourkey/tools/arm gcc/bin/../lib/gcc/arm-none-eabi/5.4.1/../../../../arm-none-eabi/lib/armv7e-m\libg_nano.a(lib_a-memchr.o)
                0x08001650                memchr
 .text.memcpy   0x080016f0       0x16 d:/doaa maher/0000-iti-9m/00-arm_tourkey/tools/arm gcc/bin/../lib/gcc/arm-none-eabi/5.4.1/../../../../arm-none-eabi/lib/armv7e-m\libg_nano.a(lib_a-memcpy-stub.o)
                0x080016f0                memcpy
 .text.memmove  0x08001706       0x36 d:/doaa maher/0000-iti-9m/00-arm_tourkey/tools/arm gcc/bin/../lib/gcc/arm-none-eabi/5.4.1/../../../../arm-none-eabi/lib/armv7e-m\libg_nano.a(lib_a-memmove.o)
                0x08001706                memmove
 .text._free_r  0x0800173c       0x9c d:/doaa maher/0000-iti-9m/00-arm_tourkey/tools/arm gcc/bin/../lib/gcc/arm-none-eabi/5.4.1/../../../../arm-none-eabi/lib/armv7e-m\libg_nano.a(lib_a-nano-freer.o)
                0x0800173c                _free_r
 .text._malloc_r
                0x080017d8       0xbc d:/doaa maher/0000-iti-9m/00-arm_tourkey/tools/arm gcc/bin/../lib/gcc/arm-none-eabi/5.4.1/../../../../arm-none-eabi/lib/armv7e-m\libg_nano.a(lib_a-nano-mallocr.o)
                0x080017d8                _malloc_r
 .text._realloc_r
                0x08001894       0x4c d:/doaa maher/0000-iti-9m/00-arm_tourkey/tools/arm gcc/bin/../lib/gcc/arm-none-eabi/5.4.1/../../../../arm-none-eabi/lib/armv7e-m\libg_nano.a(lib_a-nano-reallocr.o)
                0x08001894                _realloc_r
 .text._sbrk_r  0x080018e0       0x20 d:/doaa maher/0000-iti-9m/00-arm_tourkey/tools/arm gcc/bin/../lib/gcc/arm-none-eabi/5.4.1/../../../../arm-none-eabi/lib/armv7e-m\libg_nano.a(lib_a-sbrkr.o)
                0x080018e0                _sbrk_r
 .text.__malloc_lock
                0x08001900        0x2 d:/doaa maher/0000-iti-9m/00-arm_tourkey/tools/arm gcc/bin/../lib/gcc/arm-none-eabi/5.4.1/../../../../arm-none-eabi/lib/armv7e-m\libg_nano.a(lib_a-mlock.o)
                0x08001900                __malloc_lock
 .text.__malloc_unlock
                0x08001902        0x2 d:/doaa maher/0000-iti-9m/00-arm_tourkey/tools/arm gcc/bin/../lib/gcc/arm-none-eabi/5.4.1/../../../../arm-none-eabi/lib/armv7e-m\libg_nano.a(lib_a-mlock.o)
                0x08001902                __malloc_unlock
 .text._malloc_usable_size_r
                0x08001904       0x14 d:/doaa maher/0000-iti-9m/00-arm_tourkey/tools/arm gcc/bin/../lib/gcc/arm-none-eabi/5.4.1/../../../../arm-none-eabi/lib/armv7e-m\libg_nano.a(lib_a-nano-msizer.o)
                0x08001904                _malloc_usable_size_r
 *(.rodata .rodata.* .constdata .constdata.*)
 .rodata.str1.4
                0x08001918      0x146 ./system/src/cortexm/exception_handlers.o
 *fill*         0x08001a5e        0x2 
 .rodata.AHBPrescTable
                0x08001a60       0x10 ./system/src/cmsis/system_stm32f4xx.o
                0x08001a60                AHBPrescTable
 .rodata.str1.4
                0x08001a70        0x6 ./src/LCD_2_TASK.o
 *fill*         0x08001a76        0x2 
 .rodata.ledcfg
                0x08001a78        0x8 ./src/LED_Cfg.o
                0x08001a78                ledcfg
 .rodata.str1.4
                0x08001a80       0x18 ./src/scheduler_Cfg.o
                                 0x15 (size before relaxing)
 .rodata.str1.1
                0x08001a98       0x11 d:/doaa maher/0000-iti-9m/00-arm_tourkey/tools/arm gcc/bin/../lib/gcc/arm-none-eabi/5.4.1/../../../../arm-none-eabi/lib/armv7e-m\libg_nano.a(lib_a-nano-svfprintf.o)
 .rodata.str1.1
                0x08001aa9       0x22 d:/doaa maher/0000-iti-9m/00-arm_tourkey/tools/arm gcc/bin/../lib/gcc/arm-none-eabi/5.4.1/../../../../arm-none-eabi/lib/armv7e-m\libg_nano.a(lib_a-nano-vfprintf_i.o)
 *(vtable)
 *(.eh_frame*)
 *(.glue_7)
 .glue_7        0x08001acb        0x0 linker stubs
 *(.glue_7t)
 .glue_7t       0x08001acb        0x0 linker stubs

.vfp11_veneer   0x08001acc        0x0
 .vfp11_veneer  0x08001acc        0x0 linker stubs

.v4_bx          0x08001acc        0x0
 .v4_bx         0x08001acc        0x0 linker stubs

.iplt           0x08001acc        0x0
 .iplt          0x08001acc        0x0 ./system/src/newlib/_cxx.o

.rel.dyn        0x08001acc        0x0
 .rel.iplt      0x08001acc        0x0 ./system/src/newlib/_cxx.o

.ARM.extab
 *(.ARM.extab* .gnu.linkonce.armextab.*)
                0x08001acc                . = ALIGN (0x4)
                0x08001acc                __exidx_start = .

.ARM.exidx
 *(.ARM.exidx* .gnu.linkonce.armexidx.*)
                0x08001acc                __exidx_end = .
                0x08001acc                . = ALIGN (0x4)
                0x08001acc                _etext = .
                0x08001acc                __etext = .

.data_CCMRAM    0x10000000        0x0 load address 0x08001acc
 FILL mask 0xff
 *(.data.CCMRAM .data.CCMRAM.*)
                0x10000000                . = ALIGN (0x4)
                0x08001acc                _sidata = LOADADDR (.data)

.data           0x20000000      0x108 load address 0x08001acc
 FILL mask 0xff
                0x20000000                _sdata = .
                0x20000000                __data_start__ = .
 *(.data_begin .data_begin.*)
 .data_begin    0x20000000        0x4 ./system/src/newlib/_startup.o
 *(.data .data.*)
 .data.argv.4290
                0x20000004        0x8 ./system/src/newlib/_syscalls.o
 .data.SystemCoreClock
                0x2000000c        0x4 ./system/src/cmsis/system_stm32f4xx.o
                0x2000000c                SystemCoreClock
 .data.request_type
                0x20000010        0x1 ./src/LCD_2.o
                0x20000010                request_type
 *fill*         0x20000011        0x3 ff
 .data.pins     0x20000014       0x58 ./src/LCD_2_Cfg.o
                0x20000014                pins
 .data.SYSTICK  0x2000006c        0x4 ./src/SYSTICK.o
                0x2000006c                SYSTICK
 .data.Apps     0x20000070       0x30 ./src/scheduler_Cfg.o
                0x20000070                Apps
 .data.impure_data
                0x200000a0       0x60 d:/doaa maher/0000-iti-9m/00-arm_tourkey/tools/arm gcc/bin/../lib/gcc/arm-none-eabi/5.4.1/../../../../arm-none-eabi/lib/armv7e-m\libg_nano.a(lib_a-impure.o)
 .data._impure_ptr
                0x20000100        0x4 d:/doaa maher/0000-iti-9m/00-arm_tourkey/tools/arm gcc/bin/../lib/gcc/arm-none-eabi/5.4.1/../../../../arm-none-eabi/lib/armv7e-m\libg_nano.a(lib_a-impure.o)
                0x20000100                _impure_ptr
 *(.data_end .data_end.*)
 .data_end      0x20000104        0x4 ./system/src/newlib/_startup.o
                0x20000108                . = ALIGN (0x4)
                0x20000108                _edata = .
                0x20000108                __data_end__ = .

.igot.plt       0x20000108        0x0 load address 0x08001bd4
 .igot.plt      0x20000108        0x0 ./system/src/newlib/_cxx.o

.bss_CCMRAM     0x10000000        0x0
 *(.bss.CCMRAM .bss.CCMRAM.*)

.bss            0x20000108       0xcc
                0x20000108                __bss_start__ = .
                0x20000108                _sbss = .
 *(.bss_begin .bss_begin.*)
 .bss_begin     0x20000108        0x4 ./system/src/newlib/_startup.o
 *(.bss .bss.*)
 .bss.current_heap_end.3974
                0x2000010c        0x4 ./system/src/newlib/_sbrk.o
 .bss.name.4289
                0x20000110        0x1 ./system/src/newlib/_syscalls.o
 *fill*         0x20000111        0x3 
 .bss.buf.5179  0x20000114       0x80 ./system/src/diag/Trace.o
 .bss.flag.3751
                0x20000194        0x1 ./src/APP1.o
 .bss.state     0x20000195        0x1 ./src/LCD_2.o
 .bss.init_flag
                0x20000196        0x1 ./src/LCD_2.o
                0x20000196                init_flag
 .bss.pin_init  0x20000197        0x1 ./src/LCD_2.o
                0x20000197                pin_init
 .bss.counter.3810
                0x20000198        0x1 ./src/LCD_2.o
 *fill*         0x20000199        0x3 
 .bss.SYSTICK_CBF
                0x2000019c        0x4 ./src/SYSTICK.o
 .bss.sched_flag
                0x200001a0        0x1 ./src/scheduler.o
 *fill*         0x200001a1        0x3 
 .bss.__malloc_sbrk_start
                0x200001a4        0x4 d:/doaa maher/0000-iti-9m/00-arm_tourkey/tools/arm gcc/bin/../lib/gcc/arm-none-eabi/5.4.1/../../../../arm-none-eabi/lib/armv7e-m\libg_nano.a(lib_a-nano-mallocr.o)
                0x200001a4                __malloc_sbrk_start
 .bss.__malloc_free_list
                0x200001a8        0x4 d:/doaa maher/0000-iti-9m/00-arm_tourkey/tools/arm gcc/bin/../lib/gcc/arm-none-eabi/5.4.1/../../../../arm-none-eabi/lib/armv7e-m\libg_nano.a(lib_a-nano-mallocr.o)
                0x200001a8                __malloc_free_list
 *(COMMON)
 COMMON         0x200001ac        0x4 ./system/src/newlib/_syscalls.o
                0x200001ac                errno
 COMMON         0x200001b0        0x8 ./src/LCD_2.o
                0x200001b0                req
 COMMON         0x200001b8       0x18 ./src/scheduler.o
                0x200001b8                tasks
 *(.bss_end .bss_end.*)
 .bss_end       0x200001d0        0x4 ./system/src/newlib/_startup.o
                0x200001d4                . = ALIGN (0x4)
                0x200001d4                __bss_end__ = .
                0x200001d4                _ebss = .

.noinit_CCMRAM
 *(.noinit.CCMRAM .noinit.CCMRAM.*)

.noinit         0x200001d4        0x0
                0x200001d4                _noinit = .
 *(.noinit .noinit.*)
                0x200001d4                . = ALIGN (0x4)
                0x200001d4                _end_noinit = .
                [!provide]                PROVIDE (end, _end_noinit)
                [!provide]                PROVIDE (_end, _end_noinit)
                [!provide]                PROVIDE (__end, _end_noinit)
                [!provide]                PROVIDE (__end__, _end_noinit)

._check_stack   0x200001d4      0x100
                0x200002d4                . = (. + _Minimum_Stack_Size)
 *fill*         0x200001d4      0x100 

.b1text
 *(.b1text)
 *(.b1rodata)
 *(.b1rodata.*)

.eb0text
 *(.eb0text)
 *(.eb0rodata)
 *(.eb0rodata.*)

.eb1text
 *(.eb1text)
 *(.eb1rodata)
 *(.eb1rodata.*)

.eb2text
 *(.eb2text)
 *(.eb2rodata)
 *(.eb2rodata.*)

.eb3text
 *(.eb3text)
 *(.eb3rodata)
 *(.eb3rodata.*)

.stab
 *(.stab)

.stabstr
 *(.stabstr)

.stab.excl
 *(.stab.excl)

.stab.exclstr
 *(.stab.exclstr)

.stab.index
 *(.stab.index)

.stab.indexstr
 *(.stab.indexstr)

.comment        0x00000000       0x6e
 *(.comment)
 .comment       0x00000000       0x6e ./system/src/newlib/_exit.o
                                 0x6f (size before relaxing)
 .comment       0x0000006e       0x6f ./system/src/newlib/_sbrk.o
 .comment       0x0000006e       0x6f ./system/src/newlib/_startup.o
 .comment       0x0000006e       0x6f ./system/src/newlib/_syscalls.o
 .comment       0x0000006e       0x6f ./system/src/diag/Trace.o
 .comment       0x0000006e       0x6f ./system/src/diag/trace_impl.o
 .comment       0x0000006e       0x6f ./system/src/cortexm/_initialize_hardware.o
 .comment       0x0000006e       0x6f ./system/src/cortexm/exception_handlers.o
 .comment       0x0000006e       0x6f ./system/src/cmsis/system_stm32f4xx.o
 .comment       0x0000006e       0x6f ./system/src/cmsis/vectors_stm32f401xc.o
 .comment       0x0000006e       0x6f ./src/APP1.o
 .comment       0x0000006e       0x6f ./src/GPIO.o
 .comment       0x0000006e       0x6f ./src/LCD_2.o
 .comment       0x0000006e       0x6f ./src/LCD_2_Cfg.o
 .comment       0x0000006e       0x6f ./src/LCD_2_TASK.o
 .comment       0x0000006e       0x6f ./src/LED.o
 .comment       0x0000006e       0x6f ./src/LED_Cfg.o
 .comment       0x0000006e       0x6f ./src/RCC.o
 .comment       0x0000006e       0x6f ./src/SYSTICK.o
 .comment       0x0000006e       0x6f ./src/main.o
 .comment       0x0000006e       0x6f ./src/scheduler.o
 .comment       0x0000006e       0x6f ./src/scheduler_Cfg.o

.ARM.attributes
                0x00000000       0x31
 .ARM.attributes
                0x00000000       0x33 ./system/src/newlib/_exit.o
 .ARM.attributes
                0x00000033       0x33 ./system/src/newlib/_sbrk.o
 .ARM.attributes
                0x00000066       0x33 ./system/src/newlib/_startup.o
 .ARM.attributes
                0x00000099       0x33 ./system/src/newlib/_syscalls.o
 .ARM.attributes
                0x000000cc       0x33 ./system/src/diag/Trace.o
 .ARM.attributes
                0x000000ff       0x33 ./system/src/diag/trace_impl.o
 .ARM.attributes
                0x00000132       0x33 ./system/src/cortexm/_initialize_hardware.o
 .ARM.attributes
                0x00000165       0x33 ./system/src/cortexm/exception_handlers.o
 .ARM.attributes
                0x00000198       0x33 ./system/src/cmsis/system_stm32f4xx.o
 .ARM.attributes
                0x000001cb       0x33 ./system/src/cmsis/vectors_stm32f401xc.o
 .ARM.attributes
                0x000001fe       0x33 ./src/APP1.o
 .ARM.attributes
                0x00000231       0x33 ./src/GPIO.o
 .ARM.attributes
                0x00000264       0x33 ./src/LCD_2.o
 .ARM.attributes
                0x00000297       0x33 ./src/LCD_2_Cfg.o
 .ARM.attributes
                0x000002ca       0x33 ./src/LCD_2_TASK.o
 .ARM.attributes
                0x000002fd       0x33 ./src/LED.o
 .ARM.attributes
                0x00000330       0x33 ./src/LED_Cfg.o
 .ARM.attributes
                0x00000363       0x33 ./src/RCC.o
 .ARM.attributes
                0x00000396       0x33 ./src/SYSTICK.o
 .ARM.attributes
                0x000003c9       0x33 ./src/main.o
 .ARM.attributes
                0x000003fc       0x33 ./src/scheduler.o
 .ARM.attributes
                0x0000042f       0x33 ./src/scheduler_Cfg.o
 .ARM.attributes
                0x00000462       0x2e d:/doaa maher/0000-iti-9m/00-arm_tourkey/tools/arm gcc/bin/../lib/gcc/arm-none-eabi/5.4.1/../../../../arm-none-eabi/lib/armv7e-m\libg_nano.a(lib_a-errno.o)
 .ARM.attributes
                0x00000490       0x2e d:/doaa maher/0000-iti-9m/00-arm_tourkey/tools/arm gcc/bin/../lib/gcc/arm-none-eabi/5.4.1/../../../../arm-none-eabi/lib/armv7e-m\libg_nano.a(lib_a-impure.o)
 .ARM.attributes
                0x000004be       0x2e d:/doaa maher/0000-iti-9m/00-arm_tourkey/tools/arm gcc/bin/../lib/gcc/arm-none-eabi/5.4.1/../../../../arm-none-eabi/lib/armv7e-m\libg_nano.a(lib_a-vsnprintf.o)
 .ARM.attributes
                0x000004ec       0x2e d:/doaa maher/0000-iti-9m/00-arm_tourkey/tools/arm gcc/bin/../lib/gcc/arm-none-eabi/5.4.1/../../../../arm-none-eabi/lib/armv7e-m\libg_nano.a(lib_a-nano-svfprintf.o)
 .ARM.attributes
                0x0000051a       0x2e d:/doaa maher/0000-iti-9m/00-arm_tourkey/tools/arm gcc/bin/../lib/gcc/arm-none-eabi/5.4.1/../../../../arm-none-eabi/lib/armv7e-m\libg_nano.a(lib_a-nano-vfprintf_i.o)
 .ARM.attributes
                0x00000548       0x1c d:/doaa maher/0000-iti-9m/00-arm_tourkey/tools/arm gcc/bin/../lib/gcc/arm-none-eabi/5.4.1/../../../../arm-none-eabi/lib/armv7e-m\libg_nano.a(lib_a-memchr.o)
 .ARM.attributes
                0x00000564       0x2e d:/doaa maher/0000-iti-9m/00-arm_tourkey/tools/arm gcc/bin/../lib/gcc/arm-none-eabi/5.4.1/../../../../arm-none-eabi/lib/armv7e-m\libg_nano.a(lib_a-memcpy-stub.o)
 .ARM.attributes
                0x00000592       0x2e d:/doaa maher/0000-iti-9m/00-arm_tourkey/tools/arm gcc/bin/../lib/gcc/arm-none-eabi/5.4.1/../../../../arm-none-eabi/lib/armv7e-m\libg_nano.a(lib_a-memmove.o)
 .ARM.attributes
                0x000005c0       0x2e d:/doaa maher/0000-iti-9m/00-arm_tourkey/tools/arm gcc/bin/../lib/gcc/arm-none-eabi/5.4.1/../../../../arm-none-eabi/lib/armv7e-m\libg_nano.a(lib_a-nano-freer.o)
 .ARM.attributes
                0x000005ee       0x2e d:/doaa maher/0000-iti-9m/00-arm_tourkey/tools/arm gcc/bin/../lib/gcc/arm-none-eabi/5.4.1/../../../../arm-none-eabi/lib/armv7e-m\libg_nano.a(lib_a-nano-mallocr.o)
 .ARM.attributes
                0x0000061c       0x2e d:/doaa maher/0000-iti-9m/00-arm_tourkey/tools/arm gcc/bin/../lib/gcc/arm-none-eabi/5.4.1/../../../../arm-none-eabi/lib/armv7e-m\libg_nano.a(lib_a-nano-reallocr.o)
 .ARM.attributes
                0x0000064a       0x2e d:/doaa maher/0000-iti-9m/00-arm_tourkey/tools/arm gcc/bin/../lib/gcc/arm-none-eabi/5.4.1/../../../../arm-none-eabi/lib/armv7e-m\libg_nano.a(lib_a-sbrkr.o)
 .ARM.attributes
                0x00000678       0x2e d:/doaa maher/0000-iti-9m/00-arm_tourkey/tools/arm gcc/bin/../lib/gcc/arm-none-eabi/5.4.1/../../../../arm-none-eabi/lib/armv7e-m\libg_nano.a(lib_a-mlock.o)
 .ARM.attributes
                0x000006a6       0x2e d:/doaa maher/0000-iti-9m/00-arm_tourkey/tools/arm gcc/bin/../lib/gcc/arm-none-eabi/5.4.1/../../../../arm-none-eabi/lib/armv7e-m\libg_nano.a(lib_a-nano-msizer.o)

.debug
 *(.debug)

.line
 *(.line)

.debug_srcinfo
 *(.debug_srcinfo)

.debug_sfnames
 *(.debug_sfnames)

.debug_aranges  0x00000000      0x4a8
 *(.debug_aranges)
 .debug_aranges
                0x00000000       0x28 ./system/src/newlib/_exit.o
 .debug_aranges
                0x00000028       0x20 ./system/src/newlib/_sbrk.o
 .debug_aranges
                0x00000048       0x40 ./system/src/newlib/_startup.o
 .debug_aranges
                0x00000088       0x30 ./system/src/newlib/_syscalls.o
 .debug_aranges
                0x000000b8       0x38 ./system/src/diag/Trace.o
 .debug_aranges
                0x000000f0       0x30 ./system/src/diag/trace_impl.o
 .debug_aranges
                0x00000120       0x28 ./system/src/cortexm/_initialize_hardware.o
 .debug_aranges
                0x00000148       0x90 ./system/src/cortexm/exception_handlers.o
 .debug_aranges
                0x000001d8       0x28 ./system/src/cmsis/system_stm32f4xx.o
 .debug_aranges
                0x00000200       0x20 ./system/src/cmsis/vectors_stm32f401xc.o
 .debug_aranges
                0x00000220       0x20 ./src/APP1.o
 .debug_aranges
                0x00000240       0x48 ./src/GPIO.o
 .debug_aranges
                0x00000288       0x70 ./src/LCD_2.o
 .debug_aranges
                0x000002f8       0x18 ./src/LCD_2_Cfg.o
 .debug_aranges
                0x00000310       0x20 ./src/LCD_2_TASK.o
 .debug_aranges
                0x00000330       0x28 ./src/LED.o
 .debug_aranges
                0x00000358       0x18 ./src/LED_Cfg.o
 .debug_aranges
                0x00000370       0x80 ./src/RCC.o
 .debug_aranges
                0x000003f0       0x48 ./src/SYSTICK.o
 .debug_aranges
                0x00000438       0x20 ./src/main.o
 .debug_aranges
                0x00000458       0x38 ./src/scheduler.o
 .debug_aranges
                0x00000490       0x18 ./src/scheduler_Cfg.o

.debug_pubnames
 *(.debug_pubnames)

.debug_info     0x00000000     0x4756
 *(.debug_info .gnu.linkonce.wi.*)
 .debug_info    0x00000000       0xef ./system/src/newlib/_exit.o
 .debug_info    0x000000ef      0x11f ./system/src/newlib/_sbrk.o
 .debug_info    0x0000020e      0x4f2 ./system/src/newlib/_startup.o
 .debug_info    0x00000700      0x1c7 ./system/src/newlib/_syscalls.o
 .debug_info    0x000008c7      0x2e7 ./system/src/diag/Trace.o
 .debug_info    0x00000bae      0x30b ./system/src/diag/trace_impl.o
 .debug_info    0x00000eb9      0x2bf ./system/src/cortexm/_initialize_hardware.o
 .debug_info    0x00001178      0x8f4 ./system/src/cortexm/exception_handlers.o
 .debug_info    0x00001a6c      0x4e3 ./system/src/cmsis/system_stm32f4xx.o
 .debug_info    0x00001f4f       0xd1 ./system/src/cmsis/vectors_stm32f401xc.o
 .debug_info    0x00002020       0xca ./src/APP1.o
 .debug_info    0x000020ea      0x3ee ./src/GPIO.o
 .debug_info    0x000024d8      0x712 ./src/LCD_2.o
 .debug_info    0x00002bea      0x124 ./src/LCD_2_Cfg.o
 .debug_info    0x00002d0e       0xb3 ./src/LCD_2_TASK.o
 .debug_info    0x00002dc1      0x247 ./src/LED.o
 .debug_info    0x00003008      0x112 ./src/LED_Cfg.o
 .debug_info    0x0000311a      0xf43 ./src/RCC.o
 .debug_info    0x0000405d      0x248 ./src/SYSTICK.o
 .debug_info    0x000042a5      0x171 ./src/main.o
 .debug_info    0x00004416      0x250 ./src/scheduler.o
 .debug_info    0x00004666       0xf0 ./src/scheduler_Cfg.o

.debug_abbrev   0x00000000     0x1724
 *(.debug_abbrev)
 .debug_abbrev  0x00000000       0x8e ./system/src/newlib/_exit.o
 .debug_abbrev  0x0000008e       0xb9 ./system/src/newlib/_sbrk.o
 .debug_abbrev  0x00000147      0x1b6 ./system/src/newlib/_startup.o
 .debug_abbrev  0x000002fd       0xec ./system/src/newlib/_syscalls.o
 .debug_abbrev  0x000003e9      0x156 ./system/src/diag/Trace.o
 .debug_abbrev  0x0000053f      0x1c8 ./system/src/diag/trace_impl.o
 .debug_abbrev  0x00000707       0xea ./system/src/cortexm/_initialize_hardware.o
 .debug_abbrev  0x000007f1      0x247 ./system/src/cortexm/exception_handlers.o
 .debug_abbrev  0x00000a38      0x104 ./system/src/cmsis/system_stm32f4xx.o
 .debug_abbrev  0x00000b3c       0x9d ./system/src/cmsis/vectors_stm32f401xc.o
 .debug_abbrev  0x00000bd9       0x8d ./src/APP1.o
 .debug_abbrev  0x00000c66       0xf9 ./src/GPIO.o
 .debug_abbrev  0x00000d5f      0x1ca ./src/LCD_2.o
 .debug_abbrev  0x00000f29       0x8d ./src/LCD_2_Cfg.o
 .debug_abbrev  0x00000fb6       0x64 ./src/LCD_2_TASK.o
 .debug_abbrev  0x0000101a      0x121 ./src/LED.o
 .debug_abbrev  0x0000113b       0x9d ./src/LED_Cfg.o
 .debug_abbrev  0x000011d8      0x193 ./src/RCC.o
 .debug_abbrev  0x0000136b      0x11e ./src/SYSTICK.o
 .debug_abbrev  0x00001489       0x90 ./src/main.o
 .debug_abbrev  0x00001519      0x175 ./src/scheduler.o
 .debug_abbrev  0x0000168e       0x96 ./src/scheduler_Cfg.o

.debug_line     0x00000000     0x4bfb
 *(.debug_line)
 .debug_line    0x00000000      0x335 ./system/src/newlib/_exit.o
 .debug_line    0x00000335      0x2e6 ./system/src/newlib/_sbrk.o
 .debug_line    0x0000061b      0x3ae ./system/src/newlib/_startup.o
 .debug_line    0x000009c9      0x3ff ./system/src/newlib/_syscalls.o
 .debug_line    0x00000dc8      0x3a3 ./system/src/diag/Trace.o
 .debug_line    0x0000116b      0xaa2 ./system/src/diag/trace_impl.o
 .debug_line    0x00001c0d      0xa0a ./system/src/cortexm/_initialize_hardware.o
 .debug_line    0x00002617      0xb40 ./system/src/cortexm/exception_handlers.o
 .debug_line    0x00003157      0xa0a ./system/src/cmsis/system_stm32f4xx.o
 .debug_line    0x00003b61      0x103 ./system/src/cmsis/vectors_stm32f401xc.o
 .debug_line    0x00003c64       0x7a ./src/APP1.o
 .debug_line    0x00003cde      0x19f ./src/GPIO.o
 .debug_line    0x00003e7d      0x18a ./src/LCD_2.o
 .debug_line    0x00004007       0x57 ./src/LCD_2_Cfg.o
 .debug_line    0x0000405e       0x68 ./src/LCD_2_TASK.o
 .debug_line    0x000040c6       0xa9 ./src/LED.o
 .debug_line    0x0000416f       0x60 ./src/LED_Cfg.o
 .debug_line    0x000041cf      0x499 ./src/RCC.o
 .debug_line    0x00004668       0xd2 ./src/SYSTICK.o
 .debug_line    0x0000473a      0x357 ./src/main.o
 .debug_line    0x00004a91       0xd2 ./src/scheduler.o
 .debug_line    0x00004b63       0x98 ./src/scheduler_Cfg.o

.debug_frame    0x00000000      0xb4c
 *(.debug_frame)
 .debug_frame   0x00000000       0x38 ./system/src/newlib/_exit.o
 .debug_frame   0x00000038       0x28 ./system/src/newlib/_sbrk.o
 .debug_frame   0x00000060       0x7c ./system/src/newlib/_startup.o
 .debug_frame   0x000000dc       0x50 ./system/src/newlib/_syscalls.o
 .debug_frame   0x0000012c       0x94 ./system/src/diag/Trace.o
 .debug_frame   0x000001c0       0x60 ./system/src/diag/trace_impl.o
 .debug_frame   0x00000220       0x40 ./system/src/cortexm/_initialize_hardware.o
 .debug_frame   0x00000260      0x158 ./system/src/cortexm/exception_handlers.o
 .debug_frame   0x000003b8       0x30 ./system/src/cmsis/system_stm32f4xx.o
 .debug_frame   0x000003e8       0x20 ./system/src/cmsis/vectors_stm32f401xc.o
 .debug_frame   0x00000408       0x28 ./src/APP1.o
 .debug_frame   0x00000430       0xa8 ./src/GPIO.o
 .debug_frame   0x000004d8      0x11c ./src/LCD_2.o
 .debug_frame   0x000005f4       0x28 ./src/LCD_2_TASK.o
 .debug_frame   0x0000061c       0x4c ./src/LED.o
 .debug_frame   0x00000668      0x114 ./src/RCC.o
 .debug_frame   0x0000077c       0x78 ./src/SYSTICK.o
 .debug_frame   0x000007f4       0x28 ./src/main.o
 .debug_frame   0x0000081c       0x6c ./src/scheduler.o
 .debug_frame   0x00000888       0x20 d:/doaa maher/0000-iti-9m/00-arm_tourkey/tools/arm gcc/bin/../lib/gcc/arm-none-eabi/5.4.1/../../../../arm-none-eabi/lib/armv7e-m\libg_nano.a(lib_a-errno.o)
 .debug_frame   0x000008a8       0x48 d:/doaa maher/0000-iti-9m/00-arm_tourkey/tools/arm gcc/bin/../lib/gcc/arm-none-eabi/5.4.1/../../../../arm-none-eabi/lib/armv7e-m\libg_nano.a(lib_a-vsnprintf.o)
 .debug_frame   0x000008f0       0x90 d:/doaa maher/0000-iti-9m/00-arm_tourkey/tools/arm gcc/bin/../lib/gcc/arm-none-eabi/5.4.1/../../../../arm-none-eabi/lib/armv7e-m\libg_nano.a(lib_a-nano-svfprintf.o)
 .debug_frame   0x00000980       0x60 d:/doaa maher/0000-iti-9m/00-arm_tourkey/tools/arm gcc/bin/../lib/gcc/arm-none-eabi/5.4.1/../../../../arm-none-eabi/lib/armv7e-m\libg_nano.a(lib_a-nano-vfprintf_i.o)
 .debug_frame   0x000009e0       0x28 d:/doaa maher/0000-iti-9m/00-arm_tourkey/tools/arm gcc/bin/../lib/gcc/arm-none-eabi/5.4.1/../../../../arm-none-eabi/lib/armv7e-m\libg_nano.a(lib_a-memcpy-stub.o)
 .debug_frame   0x00000a08       0x28 d:/doaa maher/0000-iti-9m/00-arm_tourkey/tools/arm gcc/bin/../lib/gcc/arm-none-eabi/5.4.1/../../../../arm-none-eabi/lib/armv7e-m\libg_nano.a(lib_a-memmove.o)
 .debug_frame   0x00000a30       0x38 d:/doaa maher/0000-iti-9m/00-arm_tourkey/tools/arm gcc/bin/../lib/gcc/arm-none-eabi/5.4.1/../../../../arm-none-eabi/lib/armv7e-m\libg_nano.a(lib_a-nano-freer.o)
 .debug_frame   0x00000a68       0x2c d:/doaa maher/0000-iti-9m/00-arm_tourkey/tools/arm gcc/bin/../lib/gcc/arm-none-eabi/5.4.1/../../../../arm-none-eabi/lib/armv7e-m\libg_nano.a(lib_a-nano-mallocr.o)
 .debug_frame   0x00000a94       0x3c d:/doaa maher/0000-iti-9m/00-arm_tourkey/tools/arm gcc/bin/../lib/gcc/arm-none-eabi/5.4.1/../../../../arm-none-eabi/lib/armv7e-m\libg_nano.a(lib_a-nano-reallocr.o)
 .debug_frame   0x00000ad0       0x2c d:/doaa maher/0000-iti-9m/00-arm_tourkey/tools/arm gcc/bin/../lib/gcc/arm-none-eabi/5.4.1/../../../../arm-none-eabi/lib/armv7e-m\libg_nano.a(lib_a-sbrkr.o)
 .debug_frame   0x00000afc       0x30 d:/doaa maher/0000-iti-9m/00-arm_tourkey/tools/arm gcc/bin/../lib/gcc/arm-none-eabi/5.4.1/../../../../arm-none-eabi/lib/armv7e-m\libg_nano.a(lib_a-mlock.o)
 .debug_frame   0x00000b2c       0x20 d:/doaa maher/0000-iti-9m/00-arm_tourkey/tools/arm gcc/bin/../lib/gcc/arm-none-eabi/5.4.1/../../../../arm-none-eabi/lib/armv7e-m\libg_nano.a(lib_a-nano-msizer.o)

.debug_str      0x00000000    0x74895
 *(.debug_str)
 .debug_str     0x00000000     0x6d79 ./system/src/newlib/_exit.o
                               0x6eeb (size before relaxing)
 .debug_str     0x00006d79      0x4de ./system/src/newlib/_sbrk.o
                               0x62d6 (size before relaxing)
 .debug_str     0x00007257      0xc1e ./system/src/newlib/_startup.o
                               0x5ef1 (size before relaxing)
 .debug_str     0x00007e75      0xe18 ./system/src/newlib/_syscalls.o
                               0x7136 (size before relaxing)
 .debug_str     0x00008c8d      0x890 ./system/src/diag/Trace.o
                               0x76db (size before relaxing)
 .debug_str     0x0000951d    0x67a24 ./system/src/diag/trace_impl.o
                              0x6f9f1 (size before relaxing)
 .debug_str     0x00070f41       0xc4 ./system/src/cortexm/_initialize_hardware.o
                              0x6e7d2 (size before relaxing)
 .debug_str     0x00071005      0x1a6 ./system/src/cortexm/exception_handlers.o
                              0x6fb7b (size before relaxing)
 .debug_str     0x000711ab      0x174 ./system/src/cmsis/system_stm32f4xx.o
                              0x6e8c3 (size before relaxing)
 .debug_str     0x0007131f       0x59 ./system/src/cmsis/vectors_stm32f401xc.o
                               0x30a8 (size before relaxing)
 .debug_str     0x00071378      0x807 ./src/APP1.o
                               0x2db3 (size before relaxing)
 .debug_str     0x00071b7f      0x1de ./src/GPIO.o
                               0x2ca5 (size before relaxing)
 .debug_str     0x00071d5d      0x215 ./src/LCD_2.o
                               0x2d44 (size before relaxing)
 .debug_str     0x00071f72       0x13 ./src/LCD_2_Cfg.o
                               0x2b36 (size before relaxing)
 .debug_str     0x00071f85       0x21 ./src/LCD_2_TASK.o
                               0x2b0f (size before relaxing)
 .debug_str     0x00071fa6       0xb5 ./src/LED.o
                               0x2eab (size before relaxing)
 .debug_str     0x0007205b       0x11 ./src/LED_Cfg.o
                               0x2dec (size before relaxing)
 .debug_str     0x0007206c     0x24e3 ./src/RCC.o
                               0x4b74 (size before relaxing)
 .debug_str     0x0007454f      0x24d ./src/SYSTICK.o
                               0x283b (size before relaxing)
 .debug_str     0x0007479c       0x39 ./src/main.o
                               0x770b (size before relaxing)
 .debug_str     0x000747d5       0x88 ./src/scheduler.o
                               0x27ce (size before relaxing)
 .debug_str     0x0007485d       0x38 ./src/scheduler_Cfg.o
                               0x2b71 (size before relaxing)

.debug_loc      0x00000000     0x2882
 *(.debug_loc)
 .debug_loc     0x00000000       0x82 ./system/src/newlib/_sbrk.o
 .debug_loc     0x00000082      0x36e ./system/src/newlib/_startup.o
 .debug_loc     0x000003f0       0x63 ./system/src/newlib/_syscalls.o
 .debug_loc     0x00000453      0x102 ./system/src/diag/Trace.o
 .debug_loc     0x00000555      0x17c ./system/src/diag/trace_impl.o
 .debug_loc     0x000006d1      0x2a8 ./system/src/cortexm/exception_handlers.o
 .debug_loc     0x00000979      0x132 ./system/src/cmsis/system_stm32f4xx.o
 .debug_loc     0x00000aab      0x5a3 ./src/GPIO.o
 .debug_loc     0x0000104e      0x2c5 ./src/LCD_2.o
 .debug_loc     0x00001313       0x6c ./src/LED.o
 .debug_loc     0x0000137f     0x140f ./src/RCC.o
 .debug_loc     0x0000278e       0xa0 ./src/SYSTICK.o
 .debug_loc     0x0000282e       0x54 ./src/scheduler.o

.debug_macinfo
 *(.debug_macinfo)

.debug_weaknames
 *(.debug_weaknames)

.debug_funcnames
 *(.debug_funcnames)

.debug_typenames
 *(.debug_typenames)

.debug_varnames
 *(.debug_varnames)
OUTPUT(LCD_Kimz.elf elf32-littlearm)

.debug_ranges   0x00000000      0x378
 .debug_ranges  0x00000000       0x18 ./system/src/newlib/_exit.o
 .debug_ranges  0x00000018       0x10 ./system/src/newlib/_sbrk.o
 .debug_ranges  0x00000028       0x30 ./system/src/newlib/_startup.o
 .debug_ranges  0x00000058       0x20 ./system/src/newlib/_syscalls.o
 .debug_ranges  0x00000078       0x28 ./system/src/diag/Trace.o
 .debug_ranges  0x000000a0       0x38 ./system/src/diag/trace_impl.o
 .debug_ranges  0x000000d8       0x18 ./system/src/cortexm/_initialize_hardware.o
 .debug_ranges  0x000000f0       0x98 ./system/src/cortexm/exception_handlers.o
 .debug_ranges  0x00000188       0x18 ./system/src/cmsis/system_stm32f4xx.o
 .debug_ranges  0x000001a0       0x10 ./system/src/cmsis/vectors_stm32f401xc.o
 .debug_ranges  0x000001b0       0x10 ./src/APP1.o
 .debug_ranges  0x000001c0       0x50 ./src/GPIO.o
 .debug_ranges  0x00000210       0x60 ./src/LCD_2.o
 .debug_ranges  0x00000270       0x10 ./src/LCD_2_TASK.o
 .debug_ranges  0x00000280       0x18 ./src/LED.o
 .debug_ranges  0x00000298       0x70 ./src/RCC.o
 .debug_ranges  0x00000308       0x38 ./src/SYSTICK.o
 .debug_ranges  0x00000340       0x10 ./src/main.o
 .debug_ranges  0x00000350       0x28 ./src/scheduler.o

.debug_macro    0x00000000    0x1343e
 .debug_macro   0x00000000      0x19c ./system/src/newlib/_exit.o
 .debug_macro   0x0000019c      0x898 ./system/src/newlib/_exit.o
 .debug_macro   0x00000a34       0x9c ./system/src/newlib/_exit.o
 .debug_macro   0x00000ad0      0x10e ./system/src/newlib/_exit.o
 .debug_macro   0x00000bde       0x8d ./system/src/newlib/_exit.o
 .debug_macro   0x00000c6b       0x43 ./system/src/newlib/_exit.o
 .debug_macro   0x00000cae      0x30d ./system/src/newlib/_exit.o
 .debug_macro   0x00000fbb       0x35 ./system/src/newlib/_exit.o
 .debug_macro   0x00000ff0      0x151 ./system/src/newlib/_sbrk.o
 .debug_macro   0x00001141      0x174 ./system/src/newlib/_sbrk.o
 .debug_macro   0x000012b5       0x10 ./system/src/newlib/_sbrk.o
 .debug_macro   0x000012c5      0x23b ./system/src/newlib/_sbrk.o
 .debug_macro   0x00001500      0x15b ./system/src/newlib/_startup.o
 .debug_macro   0x0000165b      0x89e ./system/src/newlib/_startup.o
 .debug_macro   0x00001ef9      0x34e ./system/src/newlib/_startup.o
 .debug_macro   0x00002247      0x1ff ./system/src/newlib/_syscalls.o
 .debug_macro   0x00002446       0x1c ./system/src/newlib/_syscalls.o
 .debug_macro   0x00002462       0x10 ./system/src/newlib/_syscalls.o
 .debug_macro   0x00002472       0x10 ./system/src/newlib/_syscalls.o
 .debug_macro   0x00002482       0x10 ./system/src/newlib/_syscalls.o
 .debug_macro   0x00002492       0x35 ./system/src/newlib/_syscalls.o
 .debug_macro   0x000024c7      0x122 ./system/src/newlib/_syscalls.o
 .debug_macro   0x000025e9       0x88 ./system/src/newlib/_syscalls.o
 .debug_macro   0x00002671       0x2b ./system/src/newlib/_syscalls.o
 .debug_macro   0x0000269c      0x118 ./system/src/newlib/_syscalls.o
 .debug_macro   0x000027b4      0x159 ./system/src/newlib/_syscalls.o
 .debug_macro   0x0000290d       0x16 ./system/src/newlib/_syscalls.o
 .debug_macro   0x00002923      0x1d9 ./system/src/diag/Trace.o
 .debug_macro   0x00002afc       0x16 ./system/src/diag/Trace.o
 .debug_macro   0x00002b12       0x97 ./system/src/diag/Trace.o
 .debug_macro   0x00002ba9       0xfd ./system/src/diag/Trace.o
 .debug_macro   0x00002ca6       0x10 ./system/src/diag/Trace.o
 .debug_macro   0x00002cb6       0x16 ./system/src/diag/Trace.o
 .debug_macro   0x00002ccc      0x18b ./system/src/diag/Trace.o
 .debug_macro   0x00002e57       0x4c ./system/src/diag/Trace.o
 .debug_macro   0x00002ea3       0x16 ./system/src/diag/Trace.o
 .debug_macro   0x00002eb9      0x512 ./system/src/diag/trace_impl.o
 .debug_macro   0x000033cb       0x31 ./system/src/diag/trace_impl.o
 .debug_macro   0x000033fc       0x28 ./system/src/diag/trace_impl.o
 .debug_macro   0x00003424       0x35 ./system/src/diag/trace_impl.o
 .debug_macro   0x00003459       0x50 ./system/src/diag/trace_impl.o
 .debug_macro   0x000034a9      0xe66 ./system/src/diag/trace_impl.o
 .debug_macro   0x0000430f     0x5099 ./system/src/diag/trace_impl.o
 .debug_macro   0x000093a8       0x43 ./system/src/diag/trace_impl.o
 .debug_macro   0x000093eb      0x289 ./system/src/diag/trace_impl.o
 .debug_macro   0x00009674     0x347f ./system/src/diag/trace_impl.o
 .debug_macro   0x0000caf3       0x57 ./system/src/diag/trace_impl.o
 .debug_macro   0x0000cb4a      0x424 ./system/src/diag/trace_impl.o
 .debug_macro   0x0000cf6e      0x9e1 ./system/src/diag/trace_impl.o
 .debug_macro   0x0000d94f      0x11e ./system/src/diag/trace_impl.o
 .debug_macro   0x0000da6d       0xf8 ./system/src/diag/trace_impl.o
 .debug_macro   0x0000db65       0x27 ./system/src/diag/trace_impl.o
 .debug_macro   0x0000db8c      0x287 ./system/src/diag/trace_impl.o
 .debug_macro   0x0000de13       0x5f ./system/src/diag/trace_impl.o
 .debug_macro   0x0000de72      0x23a ./system/src/diag/trace_impl.o
 .debug_macro   0x0000e0ac      0x391 ./system/src/diag/trace_impl.o
 .debug_macro   0x0000e43d      0x16f ./system/src/diag/trace_impl.o
 .debug_macro   0x0000e5ac       0xf9 ./system/src/diag/trace_impl.o
 .debug_macro   0x0000e6a5       0x23 ./system/src/diag/trace_impl.o
 .debug_macro   0x0000e6c8      0x13a ./system/src/diag/trace_impl.o
 .debug_macro   0x0000e802      0x23a ./system/src/diag/trace_impl.o
 .debug_macro   0x0000ea3c       0x2e ./system/src/diag/trace_impl.o
 .debug_macro   0x0000ea6a      0x1a7 ./system/src/diag/trace_impl.o
 .debug_macro   0x0000ec11       0x22 ./system/src/diag/trace_impl.o
 .debug_macro   0x0000ec33       0xa5 ./system/src/diag/trace_impl.o
 .debug_macro   0x0000ecd8      0x18b ./system/src/diag/trace_impl.o
 .debug_macro   0x0000ee63       0x24 ./system/src/diag/trace_impl.o
 .debug_macro   0x0000ee87       0x35 ./system/src/diag/trace_impl.o
 .debug_macro   0x0000eebc       0x79 ./system/src/diag/trace_impl.o
 .debug_macro   0x0000ef35      0x11e ./system/src/diag/trace_impl.o
 .debug_macro   0x0000f053       0x85 ./system/src/diag/trace_impl.o
 .debug_macro   0x0000f0d8       0x89 ./system/src/diag/trace_impl.o
 .debug_macro   0x0000f161      0x31a ./system/src/diag/trace_impl.o
 .debug_macro   0x0000f47b      0x409 ./system/src/diag/trace_impl.o
 .debug_macro   0x0000f884       0xe4 ./system/src/diag/trace_impl.o
 .debug_macro   0x0000f968      0x48d ./system/src/diag/trace_impl.o
 .debug_macro   0x0000fdf5      0x22b ./system/src/diag/trace_impl.o
 .debug_macro   0x00010020      0x202 ./system/src/diag/trace_impl.o
 .debug_macro   0x00010222      0x6d9 ./system/src/diag/trace_impl.o
 .debug_macro   0x000108fb       0x5b ./system/src/diag/trace_impl.o
 .debug_macro   0x00010956      0x14d ./system/src/diag/trace_impl.o
 .debug_macro   0x00010aa3      0x287 ./system/src/diag/trace_impl.o
 .debug_macro   0x00010d2a      0x225 ./system/src/diag/trace_impl.o
 .debug_macro   0x00010f4f      0x1b5 ./system/src/diag/trace_impl.o
 .debug_macro   0x00011104      0x2db ./system/src/diag/trace_impl.o
 .debug_macro   0x000113df       0x89 ./system/src/diag/trace_impl.o
 .debug_macro   0x00011468      0x1df ./system/src/diag/trace_impl.o
 .debug_macro   0x00011647      0x115 ./system/src/diag/trace_impl.o
 .debug_macro   0x0001175c       0x6e ./system/src/diag/trace_impl.o
 .debug_macro   0x000117ca      0x11e ./system/src/diag/trace_impl.o
 .debug_macro   0x000118e8       0x22 ./system/src/diag/trace_impl.o
 .debug_macro   0x0001190a      0x4d6 ./system/src/cortexm/_initialize_hardware.o
 .debug_macro   0x00011de0      0x535 ./system/src/cortexm/exception_handlers.o
 .debug_macro   0x00012315       0x3b ./system/src/cortexm/exception_handlers.o
 .debug_macro   0x00012350      0x4d2 ./system/src/cmsis/system_stm32f4xx.o
 .debug_macro   0x00012822       0x34 ./system/src/cmsis/vectors_stm32f401xc.o
 .debug_macro   0x00012856       0x46 ./src/APP1.o
 .debug_macro   0x0001289c       0x1c ./src/APP1.o
 .debug_macro   0x000128b8      0x130 ./src/APP1.o
 .debug_macro   0x000129e8       0xb8 ./src/APP1.o
 .debug_macro   0x00012aa0       0x23 ./src/GPIO.o
 .debug_macro   0x00012ac3       0x33 ./src/LCD_2.o
 .debug_macro   0x00012af6       0x2d ./src/LCD_2_Cfg.o
 .debug_macro   0x00012b23       0x2d ./src/LCD_2_TASK.o
 .debug_macro   0x00012b50       0x3c ./src/LED.o
 .debug_macro   0x00012b8c       0x3c ./src/LED_Cfg.o
 .debug_macro   0x00012bc8       0x29 ./src/RCC.o
 .debug_macro   0x00012bf1      0x293 ./src/RCC.o
 .debug_macro   0x00012e84       0x32 ./src/SYSTICK.o
 .debug_macro   0x00012eb6       0x2e ./src/SYSTICK.o
 .debug_macro   0x00012ee4       0x1c ./src/SYSTICK.o
 .debug_macro   0x00012f00      0x1fe ./src/main.o
 .debug_macro   0x000130fe      0x299 ./src/main.o
 .debug_macro   0x00013397       0x10 ./src/main.o
 .debug_macro   0x000133a7       0x32 ./src/scheduler.o
 .debug_macro   0x000133d9       0x65 ./src/scheduler_Cfg.o
