04:39:44 **** Incremental Build of configuration Debug for project 7-My_LCD ****
make all 
Building file: ../src/LCD_Application.c
Invoking: GNU Arm Cross C Compiler
arm-none-eabi-gcc -mcpu=cortex-m4 -mthumb -mfloat-abi=soft -Og -fmessage-length=0 -fsigned-char -ffunction-sections -fdata-sections -ffreestanding -fno-move-loop-invariants -Wall -Wextra  -g3 -DDEBUG -DUSE_FULL_ASSERT -DTRACE -DOS_USE_TRACE_SEMIHOSTING_DEBUG -DSTM32F401xC -DUSE_HAL_DRIVER -DHSE_VALUE=25000000 -I"../include" -I"../system/include" -I"../system/include/cmsis" -I"../system/include/stm32f4-hal" -std=gnu11 -MMD -MP -MF"src/LCD_Application.d" -MT"src/LCD_Application.o" -c -o "src/LCD_Application.o" "../src/LCD_Application.c"
Finished building: ../src/LCD_Application.c
 
Building target: 7-My_LCD.elf
Invoking: GNU Arm Cross C++ Linker
arm-none-eabi-g++ -mcpu=cortex-m4 -mthumb -mfloat-abi=soft -Og -fmessage-length=0 -fsigned-char -ffunction-sections -fdata-sections -ffreestanding -fno-move-loop-invariants -Wall -Wextra  -g3 -T mem.ld -T libs.ld -T sections.ld -nostartfiles -Xlinker --gc-sections -L"../ldscripts" -Wl,-Map,"7-My_LCD.map" --specs=nano.specs -o "7-My_LCD.elf"  ./system/src/newlib/_cxx.o ./system/src/newlib/_exit.o ./system/src/newlib/_sbrk.o ./system/src/newlib/_startup.o ./system/src/newlib/_syscalls.o ./system/src/newlib/assert.o  ./system/src/diag/Trace.o ./system/src/diag/trace_impl.o  ./system/src/cortexm/_initialize_hardware.o ./system/src/cortexm/_reset_hardware.o ./system/src/cortexm/exception_handlers.o  ./system/src/cmsis/system_stm32f4xx.o ./system/src/cmsis/vectors_stm32f401xc.o  ./src/GPIO.o ./src/LCD.o ./src/LCD_Application.o ./src/LCD_Cfg.o ./src/LED.o ./src/LED_Application.o ./src/LED_Cfg.o ./src/RCC_Driv.o ./src/STK_Program.o ./src/SW.o ./src/SW_Cfg.o ./src/Scheduler.o ./src/Scheduler_Cfg.o ./src/main.o   
Finished building target: 7-My_LCD.elf
 
Invoking: GNU Arm Cross Create Flash Image
arm-none-eabi-objcopy -O ihex "7-My_LCD.elf"  "7-My_LCD.hex"
Finished building: 7-My_LCD.hex
 
Invoking: GNU Arm Cross Print Size
arm-none-eabi-size --format=berkeley "7-My_LCD.elf"
   text	   data	    bss	    dec	    hex	filename
   8257	    372	    468	   9097	   2389	7-My_LCD.elf
Finished building: 7-My_LCD.siz
 

04:39:46 Build Finished (took 1s.643ms)

