09:27:05 **** Incremental Build of configuration Debug for project Sched_Raouf ****
make all 
Building file: ../src/Sched_APP.c
Invoking: GNU Arm Cross C Compiler
arm-none-eabi-gcc -mcpu=cortex-m4 -mthumb -mfloat-abi=soft -Og -fmessage-length=0 -fsigned-char -ffunction-sections -fdata-sections -ffreestanding -fno-move-loop-invariants -Wall -Wextra  -g3 -DDEBUG -DUSE_FULL_ASSERT -DTRACE -DOS_USE_TRACE_SEMIHOSTING_DEBUG -DSTM32F401xC -DUSE_HAL_DRIVER -DHSE_VALUE=25000000 -I"../include" -I"../system/include" -I"../system/include/cmsis" -I"../system/include/stm32f4-hal" -std=gnu11 -MMD -MP -MF"src/Sched_APP.d" -MT"src/Sched_APP.o" -c -o "src/Sched_APP.o" "../src/Sched_APP.c"
Finished building: ../src/Sched_APP.c
 
Building file: ../src/Schedular_Config.c
Invoking: GNU Arm Cross C Compiler
arm-none-eabi-gcc -mcpu=cortex-m4 -mthumb -mfloat-abi=soft -Og -fmessage-length=0 -fsigned-char -ffunction-sections -fdata-sections -ffreestanding -fno-move-loop-invariants -Wall -Wextra  -g3 -DDEBUG -DUSE_FULL_ASSERT -DTRACE -DOS_USE_TRACE_SEMIHOSTING_DEBUG -DSTM32F401xC -DUSE_HAL_DRIVER -DHSE_VALUE=25000000 -I"../include" -I"../system/include" -I"../system/include/cmsis" -I"../system/include/stm32f4-hal" -std=gnu11 -MMD -MP -MF"src/Schedular_Config.d" -MT"src/Schedular_Config.o" -c -o "src/Schedular_Config.o" "../src/Schedular_Config.c"
Finished building: ../src/Schedular_Config.c
 
Building file: ../src/Schedular_Program.c
Invoking: GNU Arm Cross C Compiler
arm-none-eabi-gcc -mcpu=cortex-m4 -mthumb -mfloat-abi=soft -Og -fmessage-length=0 -fsigned-char -ffunction-sections -fdata-sections -ffreestanding -fno-move-loop-invariants -Wall -Wextra  -g3 -DDEBUG -DUSE_FULL_ASSERT -DTRACE -DOS_USE_TRACE_SEMIHOSTING_DEBUG -DSTM32F401xC -DUSE_HAL_DRIVER -DHSE_VALUE=25000000 -I"../include" -I"../system/include" -I"../system/include/cmsis" -I"../system/include/stm32f4-hal" -std=gnu11 -MMD -MP -MF"src/Schedular_Program.d" -MT"src/Schedular_Program.o" -c -o "src/Schedular_Program.o" "../src/Schedular_Program.c"
Finished building: ../src/Schedular_Program.c
 
Building file: ../src/main.c
Invoking: GNU Arm Cross C Compiler
arm-none-eabi-gcc -mcpu=cortex-m4 -mthumb -mfloat-abi=soft -Og -fmessage-length=0 -fsigned-char -ffunction-sections -fdata-sections -ffreestanding -fno-move-loop-invariants -Wall -Wextra  -g3 -DDEBUG -DUSE_FULL_ASSERT -DTRACE -DOS_USE_TRACE_SEMIHOSTING_DEBUG -DSTM32F401xC -DUSE_HAL_DRIVER -DHSE_VALUE=25000000 -I"../include" -I"../system/include" -I"../system/include/cmsis" -I"../system/include/stm32f4-hal" -std=gnu11 -MMD -MP -MF"src/main.d" -MT"src/main.o" -c -o "src/main.o" "../src/main.c"
In file included from ../src/main.c:4:0:
../src/SYSTICK_Interface.h:40:0: warning: "HSI" redefined
  #define HSI 0x55  //16MHz
 ^
In file included from ../src/main.c:1:0:
../src/RCC_Interface.h:45:0: note: this is the location of the previous definition
  #define HSI  10
 ^
In file included from ../src/main.c:4:0:
../src/SYSTICK_Interface.h:41:0: warning: "HSE" redefined
  #define HSE 0xAA  //25MHz 
 ^
In file included from ../src/main.c:1:0:
../src/RCC_Interface.h:46:0: note: this is the location of the previous definition
  #define HSE  11
 ^
../src/main.c: In function 'main':
../src/main.c:27:1: warning: control reaches end of non-void function [-Wreturn-type]
 }
 ^
Finished building: ../src/main.c
 
Building target: Sched_Raouf.elf
Invoking: GNU Arm Cross C++ Linker
arm-none-eabi-g++ -mcpu=cortex-m4 -mthumb -mfloat-abi=soft -Og -fmessage-length=0 -fsigned-char -ffunction-sections -fdata-sections -ffreestanding -fno-move-loop-invariants -Wall -Wextra  -g3 -T mem.ld -T libs.ld -T sections.ld -nostartfiles -Xlinker --gc-sections -L"../ldscripts" -Wl,-Map,"Sched_Raouf.map" --specs=nano.specs -o "Sched_Raouf.elf"  ./system/src/newlib/_cxx.o ./system/src/newlib/_exit.o ./system/src/newlib/_sbrk.o ./system/src/newlib/_startup.o ./system/src/newlib/_syscalls.o ./system/src/newlib/assert.o  ./system/src/diag/Trace.o ./system/src/diag/trace_impl.o  ./system/src/cortexm/_initialize_hardware.o ./system/src/cortexm/_reset_hardware.o ./system/src/cortexm/exception_handlers.o  ./system/src/cmsis/system_stm32f4xx.o ./system/src/cmsis/vectors_stm32f401xc.o  ./src/GPIO_Program.o ./src/Led_Config.o ./src/Led_Program.o ./src/NVIC_Program.o ./src/RCC_Program.o ./src/SYSTICK_Program.o ./src/Sched_APP.o ./src/Schedular_Config.o ./src/Schedular_Program.o ./src/main.o   
Finished building target: Sched_Raouf.elf
 
Invoking: GNU Arm Cross Create Flash Image
arm-none-eabi-objcopy -O ihex "Sched_Raouf.elf"  "Sched_Raouf.hex"
Finished building: Sched_Raouf.hex
 
Invoking: GNU Arm Cross Print Size
arm-none-eabi-size --format=berkeley "Sched_Raouf.elf"
   text	   data	    bss	    dec	    hex	filename
   6087	    288	    456	   6831	   1aaf	Sched_Raouf.elf
Finished building: Sched_Raouf.siz
 
09:28:43 **** Incremental Build of configuration Debug for project 06-Schedular ****
make all 
Invoking: GNU Arm Cross Print Size
arm-none-eabi-size --format=berkeley "06-Schedular.elf"
   text	   data	    bss	    dec	    hex	filename
   7257	    220	    444	   7921	   1ef1	06-Schedular.elf
Finished building: 06-Schedular.siz
 
09:28:45 **** Incremental Build of configuration Debug for project Sched_Raouf ****
make all 
Building file: ../src/Schedular_Program.c
Invoking: GNU Arm Cross C Compiler
arm-none-eabi-gcc -mcpu=cortex-m4 -mthumb -mfloat-abi=soft -Og -fmessage-length=0 -fsigned-char -ffunction-sections -fdata-sections -ffreestanding -fno-move-loop-invariants -Wall -Wextra  -g3 -DDEBUG -DUSE_FULL_ASSERT -DTRACE -DOS_USE_TRACE_SEMIHOSTING_DEBUG -DSTM32F401xC -DUSE_HAL_DRIVER -DHSE_VALUE=25000000 -I"../include" -I"../system/include" -I"../system/include/cmsis" -I"../system/include/stm32f4-hal" -std=gnu11 -MMD -MP -MF"src/Schedular_Program.d" -MT"src/Schedular_Program.o" -c -o "src/Schedular_Program.o" "../src/Schedular_Program.c"
Finished building: ../src/Schedular_Program.c
 
Building target: Sched_Raouf.elf
Invoking: GNU Arm Cross C++ Linker
arm-none-eabi-g++ -mcpu=cortex-m4 -mthumb -mfloat-abi=soft -Og -fmessage-length=0 -fsigned-char -ffunction-sections -fdata-sections -ffreestanding -fno-move-loop-invariants -Wall -Wextra  -g3 -T mem.ld -T libs.ld -T sections.ld -nostartfiles -Xlinker --gc-sections -L"../ldscripts" -Wl,-Map,"Sched_Raouf.map" --specs=nano.specs -o "Sched_Raouf.elf"  ./system/src/newlib/_cxx.o ./system/src/newlib/_exit.o ./system/src/newlib/_sbrk.o ./system/src/newlib/_startup.o ./system/src/newlib/_syscalls.o ./system/src/newlib/assert.o  ./system/src/diag/Trace.o ./system/src/diag/trace_impl.o  ./system/src/cortexm/_initialize_hardware.o ./system/src/cortexm/_reset_hardware.o ./system/src/cortexm/exception_handlers.o  ./system/src/cmsis/system_stm32f4xx.o ./system/src/cmsis/vectors_stm32f401xc.o  ./src/GPIO_Program.o ./src/Led_Config.o ./src/Led_Program.o ./src/NVIC_Program.o ./src/RCC_Program.o ./src/SYSTICK_Program.o ./src/Sched_APP.o ./src/Schedular_Config.o ./src/Schedular_Program.o ./src/main.o   
Finished building target: Sched_Raouf.elf
 
Invoking: GNU Arm Cross Create Flash Image
arm-none-eabi-objcopy -O ihex "Sched_Raouf.elf"  "Sched_Raouf.hex"
Finished building: Sched_Raouf.hex
 
Invoking: GNU Arm Cross Print Size
arm-none-eabi-size --format=berkeley "Sched_Raouf.elf"
   text	   data	    bss	    dec	    hex	filename
   6087	    288	    456	   6831	   1aaf	Sched_Raouf.elf
Finished building: Sched_Raouf.siz
 
01:15:00 **** Incremental Build of configuration Debug for project 08-USART ****
make all 
Building file: ../src/USART.c
Invoking: GNU Arm Cross C Compiler
arm-none-eabi-gcc -mcpu=cortex-m4 -mthumb -mfloat-abi=soft -Og -fmessage-length=0 -fsigned-char -ffunction-sections -fdata-sections -ffreestanding -fno-move-loop-invariants -Wall -Wextra  -g3 -DDEBUG -DUSE_FULL_ASSERT -DTRACE -DOS_USE_TRACE_SEMIHOSTING_DEBUG -DSTM32F401xC -DUSE_HAL_DRIVER -DHSE_VALUE=25000000 -I"../include" -I"../system/include" -I"../system/include/cmsis" -I"../system/include/stm32f4-hal" -std=gnu11 -MMD -MP -MF"src/USART.d" -MT"src/USART.o" -c -o "src/USART.o" "../src/USART.c"
In file included from ../src/USART.c:8:0:
../src/USART_Interface.h:460:1: warning: unnamed struct/union that defines no instances
 };
 ^
../src/USART.c:35:16: warning: braces around scalar initializer
   /* USART1 */ {0x40011400},
                ^
../src/USART.c:35:16: note: (near initialization for 'USART[0]')
../src/USART.c:35:17: warning: initialization makes pointer from integer without a cast [-Wint-conversion]
   /* USART1 */ {0x40011400},
                 ^
../src/USART.c:35:17: note: (near initialization for 'USART[0]')
../src/USART.c:36:16: warning: braces around scalar initializer
   /* USART2 */ {0x40011000},
                ^
../src/USART.c:36:16: note: (near initialization for 'USART[1]')
../src/USART.c:36:17: warning: initialization makes pointer from integer without a cast [-Wint-conversion]
   /* USART2 */ {0x40011000},
                 ^
../src/USART.c:36:17: note: (near initialization for 'USART[1]')
../src/USART.c:37:16: warning: braces around scalar initializer
   /* USART6 */ {0x40004400},
                ^
../src/USART.c:37:16: note: (near initialization for 'USART[2]')
../src/USART.c:37:17: warning: initialization makes pointer from integer without a cast [-Wint-conversion]
   /* USART6 */ {0x40004400},
                 ^
../src/USART.c:37:17: note: (near initialization for 'USART[2]')
Finished building: ../src/USART.c
 
Building target: 08-USART.elf
Invoking: GNU Arm Cross C++ Linker
arm-none-eabi-g++ -mcpu=cortex-m4 -mthumb -mfloat-abi=soft -Og -fmessage-length=0 -fsigned-char -ffunction-sections -fdata-sections -ffreestanding -fno-move-loop-invariants -Wall -Wextra  -g3 -T mem.ld -T libs.ld -T sections.ld -nostartfiles -Xlinker --gc-sections -L"../ldscripts" -Wl,-Map,"08-USART.map" --specs=nano.specs -o "08-USART.elf"  ./system/src/newlib/_cxx.o ./system/src/newlib/_exit.o ./system/src/newlib/_sbrk.o ./system/src/newlib/_startup.o ./system/src/newlib/_syscalls.o ./system/src/newlib/assert.o  ./system/src/diag/Trace.o ./system/src/diag/trace_impl.o  ./system/src/cortexm/_initialize_hardware.o ./system/src/cortexm/_reset_hardware.o ./system/src/cortexm/exception_handlers.o  ./system/src/cmsis/system_stm32f4xx.o ./system/src/cmsis/vectors_stm32f401xc.o  ./src/GPIO.o ./src/USART.o ./src/main.o   
Finished building target: 08-USART.elf
 
Invoking: GNU Arm Cross Create Flash Image
arm-none-eabi-objcopy -O ihex "08-USART.elf"  "08-USART.hex"
Finished building: 08-USART.hex
 
Invoking: GNU Arm Cross Print Size
arm-none-eabi-size --format=berkeley "08-USART.elf"
   text	   data	    bss	    dec	    hex	filename
   4523	    160	    412	   5095	   13e7	08-USART.elf
Finished building: 08-USART.siz
 
05:03:31 **** Incremental Build of configuration Debug for project 08-USART ****
make all 
Building file: ../src/GPIO.c
Invoking: GNU Arm Cross C Compiler
arm-none-eabi-gcc -mcpu=cortex-m4 -mthumb -mfloat-abi=soft -Og -fmessage-length=0 -fsigned-char -ffunction-sections -fdata-sections -ffreestanding -fno-move-loop-invariants -Wall -Wextra  -g3 -DDEBUG -DUSE_FULL_ASSERT -DTRACE -DOS_USE_TRACE_SEMIHOSTING_DEBUG -DSTM32F401xC -DUSE_HAL_DRIVER -DHSE_VALUE=25000000 -I"../include" -I"../system/include" -I"../system/include/cmsis" -I"../system/include/stm32f4-hal" -std=gnu11 -MMD -MP -MF"src/GPIO.d" -MT"src/GPIO.o" -c -o "src/GPIO.o" "../src/GPIO.c"
../src/GPIO.c:7:12: warning: braces around scalar initializer
   /*GPIOA*/{ 0x40020000 },
            ^
../src/GPIO.c:7:12: note: (near initialization for 'GPIO[0]')
../src/GPIO.c:7:14: warning: initialization makes pointer from integer without a cast [-Wint-conversion]
   /*GPIOA*/{ 0x40020000 },
              ^
../src/GPIO.c:7:14: note: (near initialization for 'GPIO[0]')
../src/GPIO.c:8:12: warning: braces around scalar initializer
   /*GPIOB*/{ 0x40020400 },
            ^
../src/GPIO.c:8:12: note: (near initialization for 'GPIO[1]')
../src/GPIO.c:8:14: warning: initialization makes pointer from integer without a cast [-Wint-conversion]
   /*GPIOB*/{ 0x40020400 },
              ^
../src/GPIO.c:8:14: note: (near initialization for 'GPIO[1]')
../src/GPIO.c:9:12: warning: braces around scalar initializer
   /*GPIOC*/{ 0x40020800 },
            ^
../src/GPIO.c:9:12: note: (near initialization for 'GPIO[2]')
../src/GPIO.c:9:14: warning: initialization makes pointer from integer without a cast [-Wint-conversion]
   /*GPIOC*/{ 0x40020800 },
              ^
../src/GPIO.c:9:14: note: (near initialization for 'GPIO[2]')
../src/GPIO.c:10:12: warning: braces around scalar initializer
   /*GPIOD*/{ 0x40020C00 },
            ^
../src/GPIO.c:10:12: note: (near initialization for 'GPIO[3]')
../src/GPIO.c:10:14: warning: initialization makes pointer from integer without a cast [-Wint-conversion]
   /*GPIOD*/{ 0x40020C00 },
              ^
../src/GPIO.c:10:14: note: (near initialization for 'GPIO[3]')
../src/GPIO.c:11:12: warning: braces around scalar initializer
   /*GPIOE*/{ 0x40021000 },
            ^
../src/GPIO.c:11:12: note: (near initialization for 'GPIO[4]')
../src/GPIO.c:11:14: warning: initialization makes pointer from integer without a cast [-Wint-conversion]
   /*GPIOE*/{ 0x40021000 },
              ^
../src/GPIO.c:11:14: note: (near initialization for 'GPIO[4]')
../src/GPIO.c:12:12: warning: braces around scalar initializer
   /*GPIOH*/{ 0x40021C00 } };
            ^
../src/GPIO.c:12:12: note: (near initialization for 'GPIO[5]')
../src/GPIO.c:12:14: warning: initialization makes pointer from integer without a cast [-Wint-conversion]
   /*GPIOH*/{ 0x40021C00 } };
              ^
../src/GPIO.c:12:14: note: (near initialization for 'GPIO[5]')
../src/GPIO.c: In function 'GPIO_enuSetPinValue_':
../src/GPIO.c:251:6: warning: unused variable 'LocalTemp' [-Wunused-variable]
  u32 LocalTemp;
      ^
../src/GPIO.c: In function 'GPIO_enuGetPinValue':
../src/GPIO.c:378:5: warning: enumeration value 'GPIO_enuNumberOfPorts' not handled in switch [-Wswitch]
     switch (Cpy_u8Port)
     ^
../src/GPIO.c:364:6: warning: unused variable 'CurrentPinNumber' [-Wunused-variable]
  u16 CurrentPinNumber = 0;
      ^
../src/GPIO.c:363:6: warning: unused variable 'LocalMode' [-Wunused-variable]
  u32 LocalMode;
      ^
../src/GPIO.c: In function 'GPIO_enuSetPortValue':
../src/GPIO.c:411:6: warning: unused variable 'LocalTemp' [-Wunused-variable]
  u32 LocalTemp;
      ^
../src/GPIO.c: In function 'GPIO_enuSetAlternateFunctionLow':
../src/GPIO.c:529:17: warning: comparison is always true due to limited range of data type [-Wtype-limits]
  if (Cpy_u8Port >= GPIO_enuPort_A && Cpy_u8Port < GPIO_enuNumberOfPorts) {
                 ^
../src/GPIO.c:531:17: warning: comparison is always true due to limited range of data type [-Wtype-limits]
    if (Cpy_u8AF >= GPIO_enu_AF_LOW_0
                 ^
../src/GPIO.c:535:39: warning: suggest parentheses around comparison in operand of '&' [-Wparentheses]
      if ((Cpy_u8Pin >> LocalIterator) & 1 == GPIO_enuPin_HIGH) {
                                       ^
../src/GPIO.c:536:7: warning: enumeration value 'GPIO_enuNumberOfPorts' not handled in switch [-Wswitch]
       switch (Cpy_u8Port) {
       ^
../src/GPIO.c:527:6: warning: unused variable 'LocalAFLow' [-Wunused-variable]
  u32 LocalAFLow;
      ^
../src/GPIO.c: In function 'GPIO_enuSetAlternateFunctionHigh':
../src/GPIO.c:590:17: warning: comparison is always true due to limited range of data type [-Wtype-limits]
  if (Cpy_u8Port >= GPIO_enuPort_A && Cpy_u8Port < GPIO_enuNumberOfPorts) {
                 ^
../src/GPIO.c:592:17: warning: comparison is always true due to limited range of data type [-Wtype-limits]
    if (Cpy_u8AF >= GPIO_enu_AF_HIGH_0
                 ^
../src/GPIO.c:596:39: warning: suggest parentheses around comparison in operand of '&' [-Wparentheses]
      if ((Cpy_u8Pin >> LocalIterator) & 1 == GPIO_enuPin_HIGH) {
                                       ^
../src/GPIO.c:597:7: warning: enumeration value 'GPIO_enuNumberOfPorts' not handled in switch [-Wswitch]
       switch (Cpy_u8Port) {
       ^
../src/GPIO.c:588:6: warning: unused variable 'LocalAFHigh' [-Wunused-variable]
  u32 LocalAFHigh;
      ^
../src/GPIO.c: In function 'GPIO_enuSetMultiplePins':
../src/GPIO.c:652:17: warning: comparison is always true due to limited range of data type [-Wtype-limits]
  if (Cpy_u8Port >= GPIO_enuPort_A && Cpy_u8Port <= GPIO_enuNumberOfPorts) {
                 ^
../src/GPIO.c:654:4: warning: enumeration value 'GPIO_enuNumberOfPorts' not handled in switch [-Wswitch]
    switch (Cpy_u8Port) {
    ^
../src/GPIO.c:650:6: warning: unused variable 'CurrentLocation' [-Wunused-variable]
  u16 CurrentLocation = 0;
      ^
../src/GPIO.c:649:5: warning: unused variable 'LocalIterator2' [-Wunused-variable]
  u8 LocalIterator2;
     ^
../src/GPIO.c:648:5: warning: unused variable 'LocalIterator' [-Wunused-variable]
  u8 LocalIterator;
     ^
../src/GPIO.c:646:6: warning: unused variable 'LocalBuffer' [-Wunused-variable]
  u32 LocalBuffer = 0;
      ^
../src/GPIO.c: In function 'GPIO_enuSetPinValue_':
../src/GPIO.c:356:1: warning: control reaches end of non-void function [-Wreturn-type]
 }
 ^
Finished building: ../src/GPIO.c
 
Building file: ../src/NVIC.c
Invoking: GNU Arm Cross C Compiler
arm-none-eabi-gcc -mcpu=cortex-m4 -mthumb -mfloat-abi=soft -Og -fmessage-length=0 -fsigned-char -ffunction-sections -fdata-sections -ffreestanding -fno-move-loop-invariants -Wall -Wextra  -g3 -DDEBUG -DUSE_FULL_ASSERT -DTRACE -DOS_USE_TRACE_SEMIHOSTING_DEBUG -DSTM32F401xC -DUSE_HAL_DRIVER -DHSE_VALUE=25000000 -I"../include" -I"../system/include" -I"../system/include/cmsis" -I"../system/include/stm32f4-hal" -std=gnu11 -MMD -MP -MF"src/NVIC.d" -MT"src/NVIC.o" -c -o "src/NVIC.o" "../src/NVIC.c"
../src/NVIC.c: In function 'NVIC_u32ReadPendingIRQ':
../src/NVIC.c:523:9: warning: 'LocalErrorStatus' may be used uninitialized in this function [-Wmaybe-uninitialized]
  return LocalErrorStatus;
         ^
../src/NVIC.c: In function 'NVIC_u32ReadActiveStatus':
../src/NVIC.c:646:9: warning: 'LocalErrorStatus' may be used uninitialized in this function [-Wmaybe-uninitialized]
  return LocalErrorStatus;
         ^
Finished building: ../src/NVIC.c
 
Building file: ../src/RCC_Driv.c
Invoking: GNU Arm Cross C Compiler
arm-none-eabi-gcc -mcpu=cortex-m4 -mthumb -mfloat-abi=soft -Og -fmessage-length=0 -fsigned-char -ffunction-sections -fdata-sections -ffreestanding -fno-move-loop-invariants -Wall -Wextra  -g3 -DDEBUG -DUSE_FULL_ASSERT -DTRACE -DOS_USE_TRACE_SEMIHOSTING_DEBUG -DSTM32F401xC -DUSE_HAL_DRIVER -DHSE_VALUE=25000000 -I"../include" -I"../system/include" -I"../system/include/cmsis" -I"../system/include/stm32f4-hal" -std=gnu11 -MMD -MP -MF"src/RCC_Driv.d" -MT"src/RCC_Driv.o" -c -o "src/RCC_Driv.o" "../src/RCC_Driv.c"
../src/RCC_Driv.c: In function 'RCC_enuSelectSysClk':
../src/RCC_Driv.c:23:17: warning: comparison is always true due to limited range of data type [-Wtype-limits]
  if (Cpy_SysClk >= RCC_enu_HSI && Cpy_SysClk < RCC_enu_NumerOfClkSources) {
                 ^
../src/RCC_Driv.c: In function 'RCC_enuEnableSysClk':
../src/RCC_Driv.c:95:17: warning: comparison is always true due to limited range of data type [-Wtype-limits]
  if (Cpy_SysClk >= RCC_enu_HSI && Cpy_SysClk < RCC_enu_NumerOfClkSources) {
                 ^
../src/RCC_Driv.c: In function 'RCC_enuDisableSysClk':
../src/RCC_Driv.c:134:17: warning: comparison is always true due to limited range of data type [-Wtype-limits]
  if (Cpy_SysClk >= RCC_enu_HSI && Cpy_SysClk < RCC_enu_NumerOfClkSources) {
                 ^
../src/RCC_Driv.c: In function 'RCC_enuCheckClkReady':
../src/RCC_Driv.c:172:17: warning: comparison is always true due to limited range of data type [-Wtype-limits]
  if (Cpy_SysClk >= RCC_enu_HSI && Cpy_SysClk < RCC_enu_NumerOfClkSources) {
                 ^
../src/RCC_Driv.c:169:6: warning: unused variable 'LocalTIMEOUT' [-Wunused-variable]
  u16 LocalTIMEOUT = 0;
      ^
../src/RCC_Driv.c:167:6: warning: parameter 'Cpy_u8ClkStatus' set but not used [-Wunused-but-set-parameter]
   u8 Cpy_u8ClkStatus) {
      ^
../src/RCC_Driv.c: In function 'RCC_enuControlPrescaler_AHB':
../src/RCC_Driv.c:253:27: warning: comparison is always true due to limited range of data type [-Wtype-limits]
  if (Cpy_u32AHB_Prescaler >= RCC_enuAHB_Prescaler_2
                           ^
../src/RCC_Driv.c: In function 'RCC_enuControlPrescaler_APB2':
../src/RCC_Driv.c:367:28: warning: comparison between 'RCC_tenuAPB2_Prescalers {aka enum <anonymous>}' and 'enum <anonymous>' [-Wenum-compare]
  if (Cpy_u32APB2_Prescaler >= RCC_enuAPB1_Prescaler_2
                            ^
../src/RCC_Driv.c:368:29: warning: comparison between 'RCC_tenuAPB2_Prescalers {aka enum <anonymous>}' and 'enum <anonymous>' [-Wenum-compare]
    && Cpy_u32APB2_Prescaler < RCC_enuAPB1_NumberOfPrescalers) {
                             ^
../src/RCC_Driv.c: In function 'RCC_enuEnablePeripheralClk':
../src/RCC_Driv.c:413:2: warning: enumeration value 'RCC_enuNumberOfSystemBuses' not handled in switch [-Wswitch]
  switch (Cpy_u32PeripheralBus) {
  ^
../src/RCC_Driv.c: In function 'RCC_enuDisablePeripheralClk':
../src/RCC_Driv.c:645:2: warning: enumeration value 'RCC_enuNumberOfSystemBuses' not handled in switch [-Wswitch]
  switch (Cpy_u32PeripheralBus) {
  ^
../src/RCC_Driv.c: In function 'RCC_enuConfigurePLL':
../src/RCC_Driv.c:892:19: warning: comparison is always true due to limited range of data type [-Wtype-limits]
  if (LocalPLL_Src >= RCC_enuPLL_HSI
                   ^
../src/RCC_Driv.c:900:20: warning: comparison is always true due to limited range of data type [-Wtype-limits]
     if (LocalPLL_P >= 0 && LocalPLL_P < 4) {
                    ^
../src/RCC_Driv.c:882:6: warning: unused variable 'LocalPLL' [-Wunused-variable]
  u32 LocalPLL = RCC->RCC_PLLCFGR;
      ^
Finished building: ../src/RCC_Driv.c
 
Building file: ../src/USART.c
Invoking: GNU Arm Cross C Compiler
arm-none-eabi-gcc -mcpu=cortex-m4 -mthumb -mfloat-abi=soft -Og -fmessage-length=0 -fsigned-char -ffunction-sections -fdata-sections -ffreestanding -fno-move-loop-invariants -Wall -Wextra  -g3 -DDEBUG -DUSE_FULL_ASSERT -DTRACE -DOS_USE_TRACE_SEMIHOSTING_DEBUG -DSTM32F401xC -DUSE_HAL_DRIVER -DHSE_VALUE=25000000 -I"../include" -I"../system/include" -I"../system/include/cmsis" -I"../system/include/stm32f4-hal" -std=gnu11 -MMD -MP -MF"src/USART.d" -MT"src/USART.o" -c -o "src/USART.o" "../src/USART.c"
In file included from ../src/USART.c:8:0:
../src/USART_Interface.h:330:24: warning: ISO C99 requires whitespace after the macro name
 #define     USART_CR2_0.5_STOP_BITS   0x00001000
                        ^
../src/USART_Interface.h:332:24: warning: ISO C99 requires whitespace after the macro name
 #define     USART_CR2_1.5_STOP_BITS   0x00003000
                        ^
In file included from ../src/USART_Interface.h:222:0,
                 from ../src/USART.c:8:
../src/USART_Private.h:15:23: error: array index in initializer not of integer type
 #define    USART_1    ((volatile u32*)0x40011000)
                       ^
../src/USART.c:35:17: note: in expansion of macro 'USART_1'
   /* USART1 */ [USART_1] = {0x40011400},
                 ^
../src/USART_Private.h:15:23: note: (near initialization for 'USART')
 #define    USART_1    ((volatile u32*)0x40011000)
                       ^
../src/USART.c:35:17: note: in expansion of macro 'USART_1'
   /* USART1 */ [USART_1] = {0x40011400},
                 ^
../src/USART.c:35:16: warning: braces around scalar initializer
   /* USART1 */ [USART_1] = {0x40011400},
                ^
../src/USART.c:35:16: note: (near initialization for 'USART[0]')
../src/USART.c:35:29: warning: initialization makes pointer from integer without a cast [-Wint-conversion]
   /* USART1 */ [USART_1] = {0x40011400},
                             ^
../src/USART.c:35:29: note: (near initialization for 'USART[0]')
In file included from ../src/USART_Interface.h:222:0,
                 from ../src/USART.c:8:
../src/USART_Private.h:16:23: error: array index in initializer not of integer type
 #define    USART_2    ((volatile u32*)0x40004400)
                       ^
../src/USART.c:36:17: note: in expansion of macro 'USART_2'
   /* USART2 */ [USART_2] = {0x40011000},
                 ^
../src/USART_Private.h:16:23: note: (near initialization for 'USART')
 #define    USART_2    ((volatile u32*)0x40004400)
                       ^
../src/USART.c:36:17: note: in expansion of macro 'USART_2'
   /* USART2 */ [USART_2] = {0x40011000},
                 ^
../src/USART.c:36:16: warning: braces around scalar initializer
   /* USART2 */ [USART_2] = {0x40011000},
                ^
../src/USART.c:36:16: note: (near initialization for 'USART[1]')
../src/USART.c:36:29: warning: initialization makes pointer from integer without a cast [-Wint-conversion]
   /* USART2 */ [USART_2] = {0x40011000},
                             ^
../src/USART.c:36:29: note: (near initialization for 'USART[1]')
In file included from ../src/USART_Interface.h:222:0,
                 from ../src/USART.c:8:
../src/USART_Private.h:14:23: error: array index in initializer not of integer type
 #define    USART_6    ((volatile u32*)0x40011400)
                       ^
../src/USART.c:37:17: note: in expansion of macro 'USART_6'
   /* USART6 */ [USART_6] = {0x40004400},
                 ^
../src/USART_Private.h:14:23: note: (near initialization for 'USART')
 #define    USART_6    ((volatile u32*)0x40011400)
                       ^
../src/USART.c:37:17: note: in expansion of macro 'USART_6'
   /* USART6 */ [USART_6] = {0x40004400},
                 ^
../src/USART.c:37:16: warning: braces around scalar initializer
   /* USART6 */ [USART_6] = {0x40004400},
                ^
../src/USART.c:37:16: note: (near initialization for 'USART[2]')
../src/USART.c:37:29: warning: initialization makes pointer from integer without a cast [-Wint-conversion]
   /* USART6 */ [USART_6] = {0x40004400},
                             ^
../src/USART.c:37:29: note: (near initialization for 'USART[2]')
../src/USART.c:48:11: warning: 'TX_State' defined but not used [-Wunused-variable]
 static u8 TX_State[3] = {NOT_INIT,NOT_INIT,NOT_INIT};
           ^
make: *** [src/subdir.mk:35: src/USART.o] Error 1
05:26:13 **** Incremental Build of configuration Debug for project 08-USART ****
make all 
Building file: ../src/GPIO.c
Invoking: GNU Arm Cross C Compiler
arm-none-eabi-gcc -mcpu=cortex-m4 -mthumb -mfloat-abi=soft -Og -fmessage-length=0 -fsigned-char -ffunction-sections -fdata-sections -ffreestanding -fno-move-loop-invariants -Wall -Wextra  -g3 -DDEBUG -DUSE_FULL_ASSERT -DTRACE -DOS_USE_TRACE_SEMIHOSTING_DEBUG -DSTM32F401xC -DUSE_HAL_DRIVER -DHSE_VALUE=25000000 -I"../include" -I"../system/include" -I"../system/include/cmsis" -I"../system/include/stm32f4-hal" -std=gnu11 -MMD -MP -MF"src/GPIO.d" -MT"src/GPIO.o" -c -o "src/GPIO.o" "../src/GPIO.c"
../src/GPIO.c:7:12: warning: braces around scalar initializer
   /*GPIOA*/{ 0x40020000 },
            ^
../src/GPIO.c:7:12: note: (near initialization for 'GPIO[0]')
../src/GPIO.c:7:14: warning: initialization makes pointer from integer without a cast [-Wint-conversion]
   /*GPIOA*/{ 0x40020000 },
              ^
../src/GPIO.c:7:14: note: (near initialization for 'GPIO[0]')
../src/GPIO.c:8:12: warning: braces around scalar initializer
   /*GPIOB*/{ 0x40020400 },
            ^
../src/GPIO.c:8:12: note: (near initialization for 'GPIO[1]')
../src/GPIO.c:8:14: warning: initialization makes pointer from integer without a cast [-Wint-conversion]
   /*GPIOB*/{ 0x40020400 },
              ^
../src/GPIO.c:8:14: note: (near initialization for 'GPIO[1]')
../src/GPIO.c:9:12: warning: braces around scalar initializer
   /*GPIOC*/{ 0x40020800 },
            ^
../src/GPIO.c:9:12: note: (near initialization for 'GPIO[2]')
../src/GPIO.c:9:14: warning: initialization makes pointer from integer without a cast [-Wint-conversion]
   /*GPIOC*/{ 0x40020800 },
              ^
../src/GPIO.c:9:14: note: (near initialization for 'GPIO[2]')
../src/GPIO.c:10:12: warning: braces around scalar initializer
   /*GPIOD*/{ 0x40020C00 },
            ^
../src/GPIO.c:10:12: note: (near initialization for 'GPIO[3]')
../src/GPIO.c:10:14: warning: initialization makes pointer from integer without a cast [-Wint-conversion]
   /*GPIOD*/{ 0x40020C00 },
              ^
../src/GPIO.c:10:14: note: (near initialization for 'GPIO[3]')
../src/GPIO.c:11:12: warning: braces around scalar initializer
   /*GPIOE*/{ 0x40021000 },
            ^
../src/GPIO.c:11:12: note: (near initialization for 'GPIO[4]')
../src/GPIO.c:11:14: warning: initialization makes pointer from integer without a cast [-Wint-conversion]
   /*GPIOE*/{ 0x40021000 },
              ^
../src/GPIO.c:11:14: note: (near initialization for 'GPIO[4]')
../src/GPIO.c:12:12: warning: braces around scalar initializer
   /*GPIOH*/{ 0x40021C00 } };
            ^
../src/GPIO.c:12:12: note: (near initialization for 'GPIO[5]')
../src/GPIO.c:12:14: warning: initialization makes pointer from integer without a cast [-Wint-conversion]
   /*GPIOH*/{ 0x40021C00 } };
              ^
../src/GPIO.c:12:14: note: (near initialization for 'GPIO[5]')
../src/GPIO.c: In function 'GPIO_enuSetPinValue_':
../src/GPIO.c:251:6: warning: unused variable 'LocalTemp' [-Wunused-variable]
  u32 LocalTemp;
      ^
../src/GPIO.c: In function 'GPIO_enuGetPinValue':
../src/GPIO.c:378:5: warning: enumeration value 'GPIO_enuNumberOfPorts' not handled in switch [-Wswitch]
     switch (Cpy_u8Port)
     ^
../src/GPIO.c:364:6: warning: unused variable 'CurrentPinNumber' [-Wunused-variable]
  u16 CurrentPinNumber = 0;
      ^
../src/GPIO.c:363:6: warning: unused variable 'LocalMode' [-Wunused-variable]
  u32 LocalMode;
      ^
../src/GPIO.c: In function 'GPIO_enuSetPortValue':
../src/GPIO.c:411:6: warning: unused variable 'LocalTemp' [-Wunused-variable]
  u32 LocalTemp;
      ^
../src/GPIO.c: In function 'GPIO_enuSetAlternateFunctionLow':
../src/GPIO.c:529:17: warning: comparison is always true due to limited range of data type [-Wtype-limits]
  if (Cpy_u8Port >= GPIO_enuPort_A && Cpy_u8Port < GPIO_enuNumberOfPorts) {
                 ^
../src/GPIO.c:531:17: warning: comparison is always true due to limited range of data type [-Wtype-limits]
    if (Cpy_u8AF >= GPIO_enu_AF_LOW_0
                 ^
../src/GPIO.c:535:39: warning: suggest parentheses around comparison in operand of '&' [-Wparentheses]
      if ((Cpy_u8Pin >> LocalIterator) & 1 == GPIO_enuPin_HIGH) {
                                       ^
../src/GPIO.c:536:7: warning: enumeration value 'GPIO_enuNumberOfPorts' not handled in switch [-Wswitch]
       switch (Cpy_u8Port) {
       ^
../src/GPIO.c:527:6: warning: unused variable 'LocalAFLow' [-Wunused-variable]
  u32 LocalAFLow;
      ^
../src/GPIO.c: In function 'GPIO_enuSetAlternateFunctionHigh':
../src/GPIO.c:590:17: warning: comparison is always true due to limited range of data type [-Wtype-limits]
  if (Cpy_u8Port >= GPIO_enuPort_A && Cpy_u8Port < GPIO_enuNumberOfPorts) {
                 ^
../src/GPIO.c:592:17: warning: comparison is always true due to limited range of data type [-Wtype-limits]
    if (Cpy_u8AF >= GPIO_enu_AF_HIGH_0
                 ^
../src/GPIO.c:596:39: warning: suggest parentheses around comparison in operand of '&' [-Wparentheses]
      if ((Cpy_u8Pin >> LocalIterator) & 1 == GPIO_enuPin_HIGH) {
                                       ^
../src/GPIO.c:597:7: warning: enumeration value 'GPIO_enuNumberOfPorts' not handled in switch [-Wswitch]
       switch (Cpy_u8Port) {
       ^
../src/GPIO.c:588:6: warning: unused variable 'LocalAFHigh' [-Wunused-variable]
  u32 LocalAFHigh;
      ^
../src/GPIO.c: In function 'GPIO_enuSetMultiplePins':
../src/GPIO.c:652:17: warning: comparison is always true due to limited range of data type [-Wtype-limits]
  if (Cpy_u8Port >= GPIO_enuPort_A && Cpy_u8Port <= GPIO_enuNumberOfPorts) {
                 ^
../src/GPIO.c:654:4: warning: enumeration value 'GPIO_enuNumberOfPorts' not handled in switch [-Wswitch]
    switch (Cpy_u8Port) {
    ^
../src/GPIO.c:650:6: warning: unused variable 'CurrentLocation' [-Wunused-variable]
  u16 CurrentLocation = 0;
      ^
../src/GPIO.c:649:5: warning: unused variable 'LocalIterator2' [-Wunused-variable]
  u8 LocalIterator2;
     ^
../src/GPIO.c:648:5: warning: unused variable 'LocalIterator' [-Wunused-variable]
  u8 LocalIterator;
     ^
../src/GPIO.c:646:6: warning: unused variable 'LocalBuffer' [-Wunused-variable]
  u32 LocalBuffer = 0;
      ^
../src/GPIO.c: In function 'GPIO_enuSetPinValue_':
../src/GPIO.c:356:1: warning: control reaches end of non-void function [-Wreturn-type]
 }
 ^
Finished building: ../src/GPIO.c
 
Building file: ../src/USART.c
Invoking: GNU Arm Cross C Compiler
arm-none-eabi-gcc -mcpu=cortex-m4 -mthumb -mfloat-abi=soft -Og -fmessage-length=0 -fsigned-char -ffunction-sections -fdata-sections -ffreestanding -fno-move-loop-invariants -Wall -Wextra  -g3 -DDEBUG -DUSE_FULL_ASSERT -DTRACE -DOS_USE_TRACE_SEMIHOSTING_DEBUG -DSTM32F401xC -DUSE_HAL_DRIVER -DHSE_VALUE=25000000 -I"../include" -I"../system/include" -I"../system/include/cmsis" -I"../system/include/stm32f4-hal" -std=gnu11 -MMD -MP -MF"src/USART.d" -MT"src/USART.o" -c -o "src/USART.o" "../src/USART.c"
In file included from ../src/USART.c:8:0:
../src/USART_Interface.h:223:9: error: macro names must be identifiers
 #define "GPIO.h"
         ^
In file included from ../src/USART.c:8:0:
../src/USART_Interface.h:580:2: error: unknown type name 'GPIO_tsrt_PortConfig_t'
  GPIO_tsrt_PortConfig_t USART_TX;
  ^
../src/USART_Interface.h:581:2: error: unknown type name 'GPIO_tsrt_PortConfig_t'
  GPIO_tsrt_PortConfig_t USART_RX;
  ^
In file included from ../src/USART_Interface.h:225:0,
                 from ../src/USART.c:8:
../src/USART_Private.h:15:23: error: array index in initializer not of integer type
 #define    USART_1    ((volatile u32*)0x40011000)
                       ^
../src/USART.c:35:17: note: in expansion of macro 'USART_1'
   /* USART1 */ [USART_1] = {0x40011400},
                 ^
../src/USART_Private.h:15:23: note: (near initialization for 'USART')
 #define    USART_1    ((volatile u32*)0x40011000)
                       ^
../src/USART.c:35:17: note: in expansion of macro 'USART_1'
   /* USART1 */ [USART_1] = {0x40011400},
                 ^
../src/USART.c:35:16: warning: braces around scalar initializer
   /* USART1 */ [USART_1] = {0x40011400},
                ^
../src/USART.c:35:16: note: (near initialization for 'USART[0]')
../src/USART.c:35:29: warning: initialization makes pointer from integer without a cast [-Wint-conversion]
   /* USART1 */ [USART_1] = {0x40011400},
                             ^
../src/USART.c:35:29: note: (near initialization for 'USART[0]')
In file included from ../src/USART_Interface.h:225:0,
                 from ../src/USART.c:8:
../src/USART_Private.h:16:23: error: array index in initializer not of integer type
 #define    USART_2    ((volatile u32*)0x40004400)
                       ^
../src/USART.c:36:17: note: in expansion of macro 'USART_2'
   /* USART2 */ [USART_2] = {0x40011000},
                 ^
../src/USART_Private.h:16:23: note: (near initialization for 'USART')
 #define    USART_2    ((volatile u32*)0x40004400)
                       ^
../src/USART.c:36:17: note: in expansion of macro 'USART_2'
   /* USART2 */ [USART_2] = {0x40011000},
                 ^
../src/USART.c:36:16: warning: braces around scalar initializer
   /* USART2 */ [USART_2] = {0x40011000},
                ^
../src/USART.c:36:16: note: (near initialization for 'USART[1]')
../src/USART.c:36:29: warning: initialization makes pointer from integer without a cast [-Wint-conversion]
   /* USART2 */ [USART_2] = {0x40011000},
                             ^
../src/USART.c:36:29: note: (near initialization for 'USART[1]')
In file included from ../src/USART_Interface.h:225:0,
                 from ../src/USART.c:8:
../src/USART_Private.h:14:23: error: array index in initializer not of integer type
 #define    USART_6    ((volatile u32*)0x40011400)
                       ^
../src/USART.c:37:17: note: in expansion of macro 'USART_6'
   /* USART6 */ [USART_6] = {0x40004400},
                 ^
../src/USART_Private.h:14:23: note: (near initialization for 'USART')
 #define    USART_6    ((volatile u32*)0x40011400)
                       ^
../src/USART.c:37:17: note: in expansion of macro 'USART_6'
   /* USART6 */ [USART_6] = {0x40004400},
                 ^
../src/USART.c:37:16: warning: braces around scalar initializer
   /* USART6 */ [USART_6] = {0x40004400},
                ^
../src/USART.c:37:16: note: (near initialization for 'USART[2]')
../src/USART.c:37:29: warning: initialization makes pointer from integer without a cast [-Wint-conversion]
   /* USART6 */ [USART_6] = {0x40004400},
                             ^
../src/USART.c:37:29: note: (near initialization for 'USART[2]')
../src/USART.c:48:11: warning: 'TX_State' defined but not used [-Wunused-variable]
 static u8 TX_State[3] = {NOT_INIT,NOT_INIT,NOT_INIT};
           ^
make: *** [src/subdir.mk:35: src/USART.o] Error 1
05:26:32 **** Incremental Build of configuration Debug for project 08-USART ****
make all 
Building file: ../src/USART.c
Invoking: GNU Arm Cross C Compiler
arm-none-eabi-gcc -mcpu=cortex-m4 -mthumb -mfloat-abi=soft -Og -fmessage-length=0 -fsigned-char -ffunction-sections -fdata-sections -ffreestanding -fno-move-loop-invariants -Wall -Wextra  -g3 -DDEBUG -DUSE_FULL_ASSERT -DTRACE -DOS_USE_TRACE_SEMIHOSTING_DEBUG -DSTM32F401xC -DUSE_HAL_DRIVER -DHSE_VALUE=25000000 -I"../include" -I"../system/include" -I"../system/include/cmsis" -I"../system/include/stm32f4-hal" -std=gnu11 -MMD -MP -MF"src/USART.d" -MT"src/USART.o" -c -o "src/USART.o" "../src/USART.c"
In file included from ../src/USART_Interface.h:225:0,
                 from ../src/USART.c:8:
../src/USART_Private.h:15:23: error: array index in initializer not of integer type
 #define    USART_1    ((volatile u32*)0x40011000)
                       ^
../src/USART.c:35:17: note: in expansion of macro 'USART_1'
   /* USART1 */ [USART_1] = {0x40011400},
                 ^
../src/USART_Private.h:15:23: note: (near initialization for 'USART')
 #define    USART_1    ((volatile u32*)0x40011000)
                       ^
../src/USART.c:35:17: note: in expansion of macro 'USART_1'
   /* USART1 */ [USART_1] = {0x40011400},
                 ^
../src/USART.c:35:16: warning: braces around scalar initializer
   /* USART1 */ [USART_1] = {0x40011400},
                ^
../src/USART.c:35:16: note: (near initialization for 'USART[0]')
../src/USART.c:35:29: warning: initialization makes pointer from integer without a cast [-Wint-conversion]
   /* USART1 */ [USART_1] = {0x40011400},
                             ^
../src/USART.c:35:29: note: (near initialization for 'USART[0]')
In file included from ../src/USART_Interface.h:225:0,
                 from ../src/USART.c:8:
../src/USART_Private.h:16:23: error: array index in initializer not of integer type
 #define    USART_2    ((volatile u32*)0x40004400)
                       ^
../src/USART.c:36:17: note: in expansion of macro 'USART_2'
   /* USART2 */ [USART_2] = {0x40011000},
                 ^
../src/USART_Private.h:16:23: note: (near initialization for 'USART')
 #define    USART_2    ((volatile u32*)0x40004400)
                       ^
../src/USART.c:36:17: note: in expansion of macro 'USART_2'
   /* USART2 */ [USART_2] = {0x40011000},
                 ^
../src/USART.c:36:16: warning: braces around scalar initializer
   /* USART2 */ [USART_2] = {0x40011000},
                ^
../src/USART.c:36:16: note: (near initialization for 'USART[1]')
../src/USART.c:36:29: warning: initialization makes pointer from integer without a cast [-Wint-conversion]
   /* USART2 */ [USART_2] = {0x40011000},
                             ^
../src/USART.c:36:29: note: (near initialization for 'USART[1]')
In file included from ../src/USART_Interface.h:225:0,
                 from ../src/USART.c:8:
../src/USART_Private.h:14:23: error: array index in initializer not of integer type
 #define    USART_6    ((volatile u32*)0x40011400)
                       ^
../src/USART.c:37:17: note: in expansion of macro 'USART_6'
   /* USART6 */ [USART_6] = {0x40004400},
                 ^
../src/USART_Private.h:14:23: note: (near initialization for 'USART')
 #define    USART_6    ((volatile u32*)0x40011400)
                       ^
../src/USART.c:37:17: note: in expansion of macro 'USART_6'
   /* USART6 */ [USART_6] = {0x40004400},
                 ^
../src/USART.c:37:16: warning: braces around scalar initializer
   /* USART6 */ [USART_6] = {0x40004400},
                ^
../src/USART.c:37:16: note: (near initialization for 'USART[2]')
../src/USART.c:37:29: warning: initialization makes pointer from integer without a cast [-Wint-conversion]
   /* USART6 */ [USART_6] = {0x40004400},
                             ^
../src/USART.c:37:29: note: (near initialization for 'USART[2]')
../src/USART.c:48:11: warning: 'TX_State' defined but not used [-Wunused-variable]
 static u8 TX_State[3] = {NOT_INIT,NOT_INIT,NOT_INIT};
           ^
make: *** [src/subdir.mk:35: src/USART.o] Error 1
05:37:18 **** Incremental Build of configuration Debug for project 08-USART ****
make all 
Building file: ../src/USART.c
Invoking: GNU Arm Cross C Compiler
arm-none-eabi-gcc -mcpu=cortex-m4 -mthumb -mfloat-abi=soft -Og -fmessage-length=0 -fsigned-char -ffunction-sections -fdata-sections -ffreestanding -fno-move-loop-invariants -Wall -Wextra  -g3 -DDEBUG -DUSE_FULL_ASSERT -DTRACE -DOS_USE_TRACE_SEMIHOSTING_DEBUG -DSTM32F401xC -DUSE_HAL_DRIVER -DHSE_VALUE=25000000 -I"../include" -I"../system/include" -I"../system/include/cmsis" -I"../system/include/stm32f4-hal" -std=gnu11 -MMD -MP -MF"src/USART.d" -MT"src/USART.o" -c -o "src/USART.o" "../src/USART.c"
In file included from ../src/USART_Interface.h:225:0,
                 from ../src/USART.c:8:
../src/USART_Private.h:15:23: error: array index in initializer not of integer type
 #define    USART_1    ((volatile u32*)0x40011000)
                       ^
../src/USART.c:35:17: note: in expansion of macro 'USART_1'
   /* USART1 */ [USART_1] = {0x40011400},
                 ^
../src/USART_Private.h:15:23: note: (near initialization for 'USART')
 #define    USART_1    ((volatile u32*)0x40011000)
                       ^
../src/USART.c:35:17: note: in expansion of macro 'USART_1'
   /* USART1 */ [USART_1] = {0x40011400},
                 ^
../src/USART.c:35:16: warning: braces around scalar initializer
   /* USART1 */ [USART_1] = {0x40011400},
                ^
../src/USART.c:35:16: note: (near initialization for 'USART[0]')
../src/USART.c:35:29: warning: initialization makes pointer from integer without a cast [-Wint-conversion]
   /* USART1 */ [USART_1] = {0x40011400},
                             ^
../src/USART.c:35:29: note: (near initialization for 'USART[0]')
In file included from ../src/USART_Interface.h:225:0,
                 from ../src/USART.c:8:
../src/USART_Private.h:16:23: error: array index in initializer not of integer type
 #define    USART_2    ((volatile u32*)0x40004400)
                       ^
../src/USART.c:36:17: note: in expansion of macro 'USART_2'
   /* USART2 */ [USART_2] = {0x40011000},
                 ^
../src/USART_Private.h:16:23: note: (near initialization for 'USART')
 #define    USART_2    ((volatile u32*)0x40004400)
                       ^
../src/USART.c:36:17: note: in expansion of macro 'USART_2'
   /* USART2 */ [USART_2] = {0x40011000},
                 ^
../src/USART.c:36:16: warning: braces around scalar initializer
   /* USART2 */ [USART_2] = {0x40011000},
                ^
../src/USART.c:36:16: note: (near initialization for 'USART[1]')
../src/USART.c:36:29: warning: initialization makes pointer from integer without a cast [-Wint-conversion]
   /* USART2 */ [USART_2] = {0x40011000},
                             ^
../src/USART.c:36:29: note: (near initialization for 'USART[1]')
In file included from ../src/USART_Interface.h:225:0,
                 from ../src/USART.c:8:
../src/USART_Private.h:14:23: error: array index in initializer not of integer type
 #define    USART_6    ((volatile u32*)0x40011400)
                       ^
../src/USART.c:37:17: note: in expansion of macro 'USART_6'
   /* USART6 */ [USART_6] = {0x40004400},
                 ^
../src/USART_Private.h:14:23: note: (near initialization for 'USART')
 #define    USART_6    ((volatile u32*)0x40011400)
                       ^
../src/USART.c:37:17: note: in expansion of macro 'USART_6'
   /* USART6 */ [USART_6] = {0x40004400},
                 ^
../src/USART.c:37:16: warning: braces around scalar initializer
   /* USART6 */ [USART_6] = {0x40004400},
                ^
../src/USART.c:37:16: note: (near initialization for 'USART[2]')
../src/USART.c:37:29: warning: initialization makes pointer from integer without a cast [-Wint-conversion]
   /* USART6 */ [USART_6] = {0x40004400},
                             ^
../src/USART.c:37:29: note: (near initialization for 'USART[2]')
../src/USART.c:48:11: warning: 'TX_State' defined but not used [-Wunused-variable]
 static u8 TX_State[3] = {NOT_INIT,NOT_INIT,NOT_INIT};
           ^
make: *** [src/subdir.mk:35: src/USART.o] Error 1
05:37:45 **** Incremental Build of configuration Debug for project 08-USART ****
make all 
Building file: ../src/USART.c
Invoking: GNU Arm Cross C Compiler
arm-none-eabi-gcc -mcpu=cortex-m4 -mthumb -mfloat-abi=soft -Og -fmessage-length=0 -fsigned-char -ffunction-sections -fdata-sections -ffreestanding -fno-move-loop-invariants -Wall -Wextra  -g3 -DDEBUG -DUSE_FULL_ASSERT -DTRACE -DOS_USE_TRACE_SEMIHOSTING_DEBUG -DSTM32F401xC -DUSE_HAL_DRIVER -DHSE_VALUE=25000000 -I"../include" -I"../system/include" -I"../system/include/cmsis" -I"../system/include/stm32f4-hal" -std=gnu11 -MMD -MP -MF"src/USART.d" -MT"src/USART.o" -c -o "src/USART.o" "../src/USART.c"
In file included from ../src/USART_Interface.h:225:0,
                 from ../src/USART.c:8:
../src/USART_Private.h:15:23: error: array index in initializer not of integer type
 #define    USART_1    ((volatile u32*)0x40011000)
                       ^
../src/USART.c:35:17: note: in expansion of macro 'USART_1'
   /* USART1 */ [USART_1] = {0x40011400},
                 ^
../src/USART_Private.h:15:23: note: (near initialization for 'USART')
 #define    USART_1    ((volatile u32*)0x40011000)
                       ^
../src/USART.c:35:17: note: in expansion of macro 'USART_1'
   /* USART1 */ [USART_1] = {0x40011400},
                 ^
../src/USART.c:35:16: warning: braces around scalar initializer
   /* USART1 */ [USART_1] = {0x40011400},
                ^
../src/USART.c:35:16: note: (near initialization for 'USART[0]')
../src/USART.c:35:29: warning: initialization makes pointer from integer without a cast [-Wint-conversion]
   /* USART1 */ [USART_1] = {0x40011400},
                             ^
../src/USART.c:35:29: note: (near initialization for 'USART[0]')
In file included from ../src/USART_Interface.h:225:0,
                 from ../src/USART.c:8:
../src/USART_Private.h:16:23: error: array index in initializer not of integer type
 #define    USART_2    ((volatile u32*)0x40004400)
                       ^
../src/USART.c:36:17: note: in expansion of macro 'USART_2'
   /* USART2 */ [USART_2] = {0x40011000},
                 ^
../src/USART_Private.h:16:23: note: (near initialization for 'USART')
 #define    USART_2    ((volatile u32*)0x40004400)
                       ^
../src/USART.c:36:17: note: in expansion of macro 'USART_2'
   /* USART2 */ [USART_2] = {0x40011000},
                 ^
../src/USART.c:36:16: warning: braces around scalar initializer
   /* USART2 */ [USART_2] = {0x40011000},
                ^
../src/USART.c:36:16: note: (near initialization for 'USART[1]')
../src/USART.c:36:29: warning: initialization makes pointer from integer without a cast [-Wint-conversion]
   /* USART2 */ [USART_2] = {0x40011000},
                             ^
../src/USART.c:36:29: note: (near initialization for 'USART[1]')
In file included from ../src/USART_Interface.h:225:0,
                 from ../src/USART.c:8:
../src/USART_Private.h:14:23: error: array index in initializer not of integer type
 #define    USART_6    ((volatile u32*)0x40011400)
                       ^
../src/USART.c:37:17: note: in expansion of macro 'USART_6'
   /* USART6 */ [USART_6] = {0x40004400},
                 ^
../src/USART_Private.h:14:23: note: (near initialization for 'USART')
 #define    USART_6    ((volatile u32*)0x40011400)
                       ^
../src/USART.c:37:17: note: in expansion of macro 'USART_6'
   /* USART6 */ [USART_6] = {0x40004400},
                 ^
../src/USART.c:37:16: warning: braces around scalar initializer
   /* USART6 */ [USART_6] = {0x40004400},
                ^
../src/USART.c:37:16: note: (near initialization for 'USART[2]')
../src/USART.c:37:29: warning: initialization makes pointer from integer without a cast [-Wint-conversion]
   /* USART6 */ [USART_6] = {0x40004400},
                             ^
../src/USART.c:37:29: note: (near initialization for 'USART[2]')
../src/USART.c:48:11: warning: 'TX_State' defined but not used [-Wunused-variable]
 static u8 TX_State[3] = {NOT_INIT,NOT_INIT,NOT_INIT};
           ^
../src/USART.c:50:12: warning: 'TX_Buffer' defined but not used [-Wunused-variable]
 static u8 *TX_Buffer[3] = {NULL_PTR,NULL_PTR,NULL_PTR};
            ^
make: *** [src/subdir.mk:35: src/USART.o] Error 1
05:38:26 **** Incremental Build of configuration Debug for project 08-USART ****
make all 
Building file: ../src/USART.c
Invoking: GNU Arm Cross C Compiler
arm-none-eabi-gcc -mcpu=cortex-m4 -mthumb -mfloat-abi=soft -Og -fmessage-length=0 -fsigned-char -ffunction-sections -fdata-sections -ffreestanding -fno-move-loop-invariants -Wall -Wextra  -g3 -DDEBUG -DUSE_FULL_ASSERT -DTRACE -DOS_USE_TRACE_SEMIHOSTING_DEBUG -DSTM32F401xC -DUSE_HAL_DRIVER -DHSE_VALUE=25000000 -I"../include" -I"../system/include" -I"../system/include/cmsis" -I"../system/include/stm32f4-hal" -std=gnu11 -MMD -MP -MF"src/USART.d" -MT"src/USART.o" -c -o "src/USART.o" "../src/USART.c"
../src/USART.c:35:17: error: 'USART_1' undeclared here (not in a function)
   /* USART1 */ [USART_1] = {0x40011400},
                 ^
../src/USART.c:35:17: error: array index in initializer not of integer type
../src/USART.c:35:17: note: (near initialization for 'USART')
../src/USART.c:35:16: warning: braces around scalar initializer
   /* USART1 */ [USART_1] = {0x40011400},
                ^
../src/USART.c:35:16: note: (near initialization for 'USART[0]')
../src/USART.c:35:29: warning: initialization makes pointer from integer without a cast [-Wint-conversion]
   /* USART1 */ [USART_1] = {0x40011400},
                             ^
../src/USART.c:35:29: note: (near initialization for 'USART[0]')
../src/USART.c:36:17: error: 'USART_2' undeclared here (not in a function)
   /* USART2 */ [USART_2] = {0x40011000},
                 ^
../src/USART.c:36:17: error: array index in initializer not of integer type
../src/USART.c:36:17: note: (near initialization for 'USART')
../src/USART.c:36:16: warning: braces around scalar initializer
   /* USART2 */ [USART_2] = {0x40011000},
                ^
../src/USART.c:36:16: note: (near initialization for 'USART[1]')
../src/USART.c:36:29: warning: initialization makes pointer from integer without a cast [-Wint-conversion]
   /* USART2 */ [USART_2] = {0x40011000},
                             ^
../src/USART.c:36:29: note: (near initialization for 'USART[1]')
../src/USART.c:37:17: error: 'USART_6' undeclared here (not in a function)
   /* USART6 */ [USART_6] = {0x40004400},
                 ^
../src/USART.c:37:17: error: array index in initializer not of integer type
../src/USART.c:37:17: note: (near initialization for 'USART')
../src/USART.c:37:16: warning: braces around scalar initializer
   /* USART6 */ [USART_6] = {0x40004400},
                ^
../src/USART.c:37:16: note: (near initialization for 'USART[2]')
../src/USART.c:37:29: warning: initialization makes pointer from integer without a cast [-Wint-conversion]
   /* USART6 */ [USART_6] = {0x40004400},
                             ^
../src/USART.c:37:29: note: (near initialization for 'USART[2]')
../src/USART.c:48:11: warning: 'TX_State' defined but not used [-Wunused-variable]
 static u8 TX_State[3] = {NOT_INIT,NOT_INIT,NOT_INIT};
           ^
../src/USART.c:50:12: warning: 'TX_Buffer' defined but not used [-Wunused-variable]
 static u8 *TX_Buffer[3] = {NULL_PTR,NULL_PTR,NULL_PTR};
            ^
make: *** [src/subdir.mk:35: src/USART.o] Error 1
05:40:06 **** Incremental Build of configuration Debug for project 08-USART ****
make all 
Building file: ../src/USART.c
Invoking: GNU Arm Cross C Compiler
arm-none-eabi-gcc -mcpu=cortex-m4 -mthumb -mfloat-abi=soft -Og -fmessage-length=0 -fsigned-char -ffunction-sections -fdata-sections -ffreestanding -fno-move-loop-invariants -Wall -Wextra  -g3 -DDEBUG -DUSE_FULL_ASSERT -DTRACE -DOS_USE_TRACE_SEMIHOSTING_DEBUG -DSTM32F401xC -DUSE_HAL_DRIVER -DHSE_VALUE=25000000 -I"../include" -I"../system/include" -I"../system/include/cmsis" -I"../system/include/stm32f4-hal" -std=gnu11 -MMD -MP -MF"src/USART.d" -MT"src/USART.o" -c -o "src/USART.o" "../src/USART.c"
../src/USART.c:35:16: warning: braces around scalar initializer
   /* USART1 */ [USART_enuUSART1] = {0x40011400},
                ^
../src/USART.c:35:16: note: (near initialization for 'USART[0]')
../src/USART.c:35:37: warning: initialization makes pointer from integer without a cast [-Wint-conversion]
   /* USART1 */ [USART_enuUSART1] = {0x40011400},
                                     ^
../src/USART.c:35:37: note: (near initialization for 'USART[0]')
../src/USART.c:36:16: warning: braces around scalar initializer
   /* USART2 */ [USART_enuUSART2] = {0x40011000},
                ^
../src/USART.c:36:16: note: (near initialization for 'USART[1]')
../src/USART.c:36:37: warning: initialization makes pointer from integer without a cast [-Wint-conversion]
   /* USART2 */ [USART_enuUSART2] = {0x40011000},
                                     ^
../src/USART.c:36:37: note: (near initialization for 'USART[1]')
../src/USART.c:37:16: warning: braces around scalar initializer
   /* USART6 */ [USART_enuUSART6] = {0x40004400},
                ^
../src/USART.c:37:16: note: (near initialization for 'USART[2]')
../src/USART.c:37:37: warning: initialization makes pointer from integer without a cast [-Wint-conversion]
   /* USART6 */ [USART_enuUSART6] = {0x40004400},
                                     ^
../src/USART.c:37:37: note: (near initialization for 'USART[2]')
../src/USART.c:48:11: warning: 'TX_State' defined but not used [-Wunused-variable]
 static u8 TX_State[3] = {NOT_INIT,NOT_INIT,NOT_INIT};
           ^
../src/USART.c:50:12: warning: 'TX_Buffer' defined but not used [-Wunused-variable]
 static u8 *TX_Buffer[3] = {NULL_PTR,NULL_PTR,NULL_PTR};
            ^
Finished building: ../src/USART.c
 
Building file: ../src/USART_Config.c
Invoking: GNU Arm Cross C Compiler
arm-none-eabi-gcc -mcpu=cortex-m4 -mthumb -mfloat-abi=soft -Og -fmessage-length=0 -fsigned-char -ffunction-sections -fdata-sections -ffreestanding -fno-move-loop-invariants -Wall -Wextra  -g3 -DDEBUG -DUSE_FULL_ASSERT -DTRACE -DOS_USE_TRACE_SEMIHOSTING_DEBUG -DSTM32F401xC -DUSE_HAL_DRIVER -DHSE_VALUE=25000000 -I"../include" -I"../system/include" -I"../system/include/cmsis" -I"../system/include/stm32f4-hal" -std=gnu11 -MMD -MP -MF"src/USART_Config.d" -MT"src/USART_Config.o" -c -o "src/USART_Config.o" "../src/USART_Config.c"
Finished building: ../src/USART_Config.c
 
Building target: 08-USART.elf
Invoking: GNU Arm Cross C++ Linker
arm-none-eabi-g++ -mcpu=cortex-m4 -mthumb -mfloat-abi=soft -Og -fmessage-length=0 -fsigned-char -ffunction-sections -fdata-sections -ffreestanding -fno-move-loop-invariants -Wall -Wextra  -g3 -T mem.ld -T libs.ld -T sections.ld -nostartfiles -Xlinker --gc-sections -L"../ldscripts" -Wl,-Map,"08-USART.map" --specs=nano.specs -o "08-USART.elf"  ./system/src/newlib/_cxx.o ./system/src/newlib/_exit.o ./system/src/newlib/_sbrk.o ./system/src/newlib/_startup.o ./system/src/newlib/_syscalls.o ./system/src/newlib/assert.o  ./system/src/diag/Trace.o ./system/src/diag/trace_impl.o  ./system/src/cortexm/_initialize_hardware.o ./system/src/cortexm/_reset_hardware.o ./system/src/cortexm/exception_handlers.o  ./system/src/cmsis/system_stm32f4xx.o ./system/src/cmsis/vectors_stm32f401xc.o  ./src/GPIO.o ./src/NVIC.o ./src/RCC_Driv.o ./src/USART.o ./src/USART_Config.o ./src/main.o   
Finished building target: 08-USART.elf
 
Invoking: GNU Arm Cross Create Flash Image
arm-none-eabi-objcopy -O ihex "08-USART.elf"  "08-USART.hex"
Finished building: 08-USART.hex
 
Invoking: GNU Arm Cross Print Size
arm-none-eabi-size --format=berkeley "08-USART.elf"
   text	   data	    bss	    dec	    hex	filename
   4523	    160	    412	   5095	   13e7	08-USART.elf
Finished building: 08-USART.siz
 
05:40:44 **** Incremental Build of configuration Debug for project 08-USART ****
make all 
Building file: ../src/USART.c
Invoking: GNU Arm Cross C Compiler
arm-none-eabi-gcc -mcpu=cortex-m4 -mthumb -mfloat-abi=soft -Og -fmessage-length=0 -fsigned-char -ffunction-sections -fdata-sections -ffreestanding -fno-move-loop-invariants -Wall -Wextra  -g3 -DDEBUG -DUSE_FULL_ASSERT -DTRACE -DOS_USE_TRACE_SEMIHOSTING_DEBUG -DSTM32F401xC -DUSE_HAL_DRIVER -DHSE_VALUE=25000000 -I"../include" -I"../system/include" -I"../system/include/cmsis" -I"../system/include/stm32f4-hal" -std=gnu11 -MMD -MP -MF"src/USART.d" -MT"src/USART.o" -c -o "src/USART.o" "../src/USART.c"
../src/USART.c:26:16: warning: braces around scalar initializer
   /* USART1 */ [USART_enuUSART1] = {0x40011400},
                ^
../src/USART.c:26:16: note: (near initialization for 'USART[0]')
../src/USART.c:26:37: warning: initialization makes pointer from integer without a cast [-Wint-conversion]
   /* USART1 */ [USART_enuUSART1] = {0x40011400},
                                     ^
../src/USART.c:26:37: note: (near initialization for 'USART[0]')
../src/USART.c:27:16: warning: braces around scalar initializer
   /* USART2 */ [USART_enuUSART2] = {0x40011000},
                ^
../src/USART.c:27:16: note: (near initialization for 'USART[1]')
../src/USART.c:27:37: warning: initialization makes pointer from integer without a cast [-Wint-conversion]
   /* USART2 */ [USART_enuUSART2] = {0x40011000},
                                     ^
../src/USART.c:27:37: note: (near initialization for 'USART[1]')
../src/USART.c:28:16: warning: braces around scalar initializer
   /* USART6 */ [USART_enuUSART6] = {0x40004400},
                ^
../src/USART.c:28:16: note: (near initialization for 'USART[2]')
../src/USART.c:28:37: warning: initialization makes pointer from integer without a cast [-Wint-conversion]
   /* USART6 */ [USART_enuUSART6] = {0x40004400},
                                     ^
../src/USART.c:28:37: note: (near initialization for 'USART[2]')
../src/USART.c:39:11: warning: 'TX_State' defined but not used [-Wunused-variable]
 static u8 TX_State[3] = {NOT_INIT,NOT_INIT,NOT_INIT};
           ^
../src/USART.c:41:12: warning: 'TX_Buffer' defined but not used [-Wunused-variable]
 static u8 *TX_Buffer[3] = {NULL_PTR,NULL_PTR,NULL_PTR};
            ^
Finished building: ../src/USART.c
 
Building file: ../src/USART_Config.c
Invoking: GNU Arm Cross C Compiler
arm-none-eabi-gcc -mcpu=cortex-m4 -mthumb -mfloat-abi=soft -Og -fmessage-length=0 -fsigned-char -ffunction-sections -fdata-sections -ffreestanding -fno-move-loop-invariants -Wall -Wextra  -g3 -DDEBUG -DUSE_FULL_ASSERT -DTRACE -DOS_USE_TRACE_SEMIHOSTING_DEBUG -DSTM32F401xC -DUSE_HAL_DRIVER -DHSE_VALUE=25000000 -I"../include" -I"../system/include" -I"../system/include/cmsis" -I"../system/include/stm32f4-hal" -std=gnu11 -MMD -MP -MF"src/USART_Config.d" -MT"src/USART_Config.o" -c -o "src/USART_Config.o" "../src/USART_Config.c"
Finished building: ../src/USART_Config.c
 
Building target: 08-USART.elf
Invoking: GNU Arm Cross C++ Linker
arm-none-eabi-g++ -mcpu=cortex-m4 -mthumb -mfloat-abi=soft -Og -fmessage-length=0 -fsigned-char -ffunction-sections -fdata-sections -ffreestanding -fno-move-loop-invariants -Wall -Wextra  -g3 -T mem.ld -T libs.ld -T sections.ld -nostartfiles -Xlinker --gc-sections -L"../ldscripts" -Wl,-Map,"08-USART.map" --specs=nano.specs -o "08-USART.elf"  ./system/src/newlib/_cxx.o ./system/src/newlib/_exit.o ./system/src/newlib/_sbrk.o ./system/src/newlib/_startup.o ./system/src/newlib/_syscalls.o ./system/src/newlib/assert.o  ./system/src/diag/Trace.o ./system/src/diag/trace_impl.o  ./system/src/cortexm/_initialize_hardware.o ./system/src/cortexm/_reset_hardware.o ./system/src/cortexm/exception_handlers.o  ./system/src/cmsis/system_stm32f4xx.o ./system/src/cmsis/vectors_stm32f401xc.o  ./src/GPIO.o ./src/NVIC.o ./src/RCC_Driv.o ./src/USART.o ./src/USART_Config.o ./src/main.o   
Finished building target: 08-USART.elf
 
Invoking: GNU Arm Cross Create Flash Image
arm-none-eabi-objcopy -O ihex "08-USART.elf"  "08-USART.hex"
Finished building: 08-USART.hex
 
Invoking: GNU Arm Cross Print Size
arm-none-eabi-size --format=berkeley "08-USART.elf"
   text	   data	    bss	    dec	    hex	filename
   4523	    160	    412	   5095	   13e7	08-USART.elf
Finished building: 08-USART.siz
 
08:50:49 **** Incremental Build of configuration Debug for project 08-USART ****
make all 
Building file: ../src/USART.c
Invoking: GNU Arm Cross C Compiler
arm-none-eabi-gcc -mcpu=cortex-m4 -mthumb -mfloat-abi=soft -Og -fmessage-length=0 -fsigned-char -ffunction-sections -fdata-sections -ffreestanding -fno-move-loop-invariants -Wall -Wextra  -g3 -DDEBUG -DUSE_FULL_ASSERT -DTRACE -DOS_USE_TRACE_SEMIHOSTING_DEBUG -DSTM32F401xC -DUSE_HAL_DRIVER -DHSE_VALUE=25000000 -I"../include" -I"../system/include" -I"../system/include/cmsis" -I"../system/include/stm32f4-hal" -std=gnu11 -MMD -MP -MF"src/USART.d" -MT"src/USART.o" -c -o "src/USART.o" "../src/USART.c"
../src/USART.c:36:16: warning: braces around scalar initializer
   /* USART1 */ [USART_enuUSART1] = {0x40011400},
                ^
../src/USART.c:36:16: note: (near initialization for 'USART[0]')
../src/USART.c:36:37: warning: initialization makes pointer from integer without a cast [-Wint-conversion]
   /* USART1 */ [USART_enuUSART1] = {0x40011400},
                                     ^
../src/USART.c:36:37: note: (near initialization for 'USART[0]')
../src/USART.c:37:16: warning: braces around scalar initializer
   /* USART2 */ [USART_enuUSART2] = {0x40011000},
                ^
../src/USART.c:37:16: note: (near initialization for 'USART[1]')
../src/USART.c:37:37: warning: initialization makes pointer from integer without a cast [-Wint-conversion]
   /* USART2 */ [USART_enuUSART2] = {0x40011000},
                                     ^
../src/USART.c:37:37: note: (near initialization for 'USART[1]')
../src/USART.c:38:16: warning: braces around scalar initializer
   /* USART6 */ [USART_enuUSART6] = {0x40004400},
                ^
../src/USART.c:38:16: note: (near initialization for 'USART[2]')
../src/USART.c:38:37: warning: initialization makes pointer from integer without a cast [-Wint-conversion]
   /* USART6 */ [USART_enuUSART6] = {0x40004400},
                                     ^
../src/USART.c:38:37: note: (near initialization for 'USART[2]')
../src/USART.c: In function 'USART_voidHandler':
../src/USART.c:139:50: warning: unused parameter 'USART_Channel' [-Wunused-parameter]
 static void USART_voidHandler (USART_enuChannels USART_Channel)
                                                  ^
../src/USART.c: In function 'USART_enuInit':
../src/USART.c:146:63: warning: unused parameter 'USART_Configurations' [-Wunused-parameter]
 USART_tenuErrorStatus USART_enuInit(const USART_tstrConfig_t *USART_Configurations)
                                                               ^
../src/USART.c: In function 'USART_enuSendAsynchZeroCpy':
../src/USART.c:155:69: warning: unused parameter 'USART_Channel' [-Wunused-parameter]
 USART_tenuErrorStatus USART_enuSendAsynchZeroCpy (USART_enuChannels USART_Channel, u8 * Data_Buffer, u32 Data_Size , Callback_t Cpy_Cbf)
                                                                     ^
../src/USART.c:155:89: warning: unused parameter 'Data_Buffer' [-Wunused-parameter]
 USART_tenuErrorStatus USART_enuSendAsynchZeroCpy (USART_enuChannels USART_Channel, u8 * Data_Buffer, u32 Data_Size , Callback_t Cpy_Cbf)
                                                                                         ^
../src/USART.c:155:106: warning: unused parameter 'Data_Size' [-Wunused-parameter]
 USART_tenuErrorStatus USART_enuSendAsynchZeroCpy (USART_enuChannels USART_Channel, u8 * Data_Buffer, u32 Data_Size , Callback_t Cpy_Cbf)
                                                                                                          ^
../src/USART.c:155:129: warning: unused parameter 'Cpy_Cbf' [-Wunused-parameter]
 USART_tenuErrorStatus USART_enuSendAsynchZeroCpy (USART_enuChannels USART_Channel, u8 * Data_Buffer, u32 Data_Size , Callback_t Cpy_Cbf)
                                                                                                                                 ^
../src/USART.c: In function 'USART_enuReceiveAsynchZeroCpy':
../src/USART.c:164:72: warning: unused parameter 'USART_Channel' [-Wunused-parameter]
 USART_tenuErrorStatus USART_enuReceiveAsynchZeroCpy (USART_enuChannels USART_Channel, u8 * Received_Buffer, u32 Data_Size , Callback_t Cpy_Cbf)
                                                                        ^
../src/USART.c:164:92: warning: unused parameter 'Received_Buffer' [-Wunused-parameter]
 USART_tenuErrorStatus USART_enuReceiveAsynchZeroCpy (USART_enuChannels USART_Channel, u8 * Received_Buffer, u32 Data_Size , Callback_t Cpy_Cbf)
                                                                                            ^
../src/USART.c:164:113: warning: unused parameter 'Data_Size' [-Wunused-parameter]
 USART_tenuErrorStatus USART_enuReceiveAsynchZeroCpy (USART_enuChannels USART_Channel, u8 * Received_Buffer, u32 Data_Size , Callback_t Cpy_Cbf)
                                                                                                                 ^
../src/USART.c:164:136: warning: unused parameter 'Cpy_Cbf' [-Wunused-parameter]
 USART_tenuErrorStatus USART_enuReceiveAsynchZeroCpy (USART_enuChannels USART_Channel, u8 * Received_Buffer, u32 Data_Size , Callback_t Cpy_Cbf)
                                                                                                                                        ^
../src/USART.c: At top level:
../src/USART.c:43:11: warning: 'TX_State' defined but not used [-Wunused-variable]
 static u8 TX_State[3] = {NOT_INIT,NOT_INIT,NOT_INIT};
           ^
../src/USART.c:45:12: warning: 'TX_Buffer' defined but not used [-Wunused-variable]
 static u8 *TX_Buffer[3] = {NULL_PTR,NULL_PTR,NULL_PTR};
            ^
../src/USART.c:47:12: warning: 'TX_Size' defined but not used [-Wunused-variable]
 static u32 TX_Size[3] = {0,0,0};
            ^
../src/USART.c:49:12: warning: 'TX_Index' defined but not used [-Wunused-variable]
 static u32 TX_Index[3] = {0,0,0};
            ^
../src/USART.c:52:19: warning: 'TX_Cbf' defined but not used [-Wunused-variable]
 static Callback_t TX_Cbf[3] = {NULL_PTR,NULL_PTR,NULL_PTR};
                   ^
../src/USART.c:56:11: warning: 'RX_State' defined but not used [-Wunused-variable]
 static u8 RX_State[3] = {NOT_INIT,NOT_INIT,NOT_INIT};
           ^
../src/USART.c:58:12: warning: 'RX_Buffer' defined but not used [-Wunused-variable]
 static u8 *RX_Buffer[3] = {NULL_PTR,NULL_PTR,NULL_PTR};
            ^
../src/USART.c:60:12: warning: 'RX_Size' defined but not used [-Wunused-variable]
 static u32 RX_Size[3] = {0,0,0};
            ^
../src/USART.c:62:12: warning: 'RX_Index' defined but not used [-Wunused-variable]
 static u32 RX_Index[3] = {0,0,0};
            ^
../src/USART.c:65:19: warning: 'RX_Cbf' defined but not used [-Wunused-variable]
 static Callback_t RX_Cbf[3] = {NULL_PTR,NULL_PTR,NULL_PTR};
                   ^
../src/USART.c:75:13: warning: 'USART_voidBaudRate_USART_Calculation' defined but not used [-Wunused-function]
 static void USART_voidBaudRate_USART_Calculation (void)
             ^
../src/USART.c:139:13: warning: 'USART_voidHandler' defined but not used [-Wunused-function]
 static void USART_voidHandler (USART_enuChannels USART_Channel)
             ^
../src/USART.c: In function 'USART_u8GetCurrentStatus':
../src/USART.c:176:1: warning: control reaches end of non-void function [-Wreturn-type]
 }
 ^
Finished building: ../src/USART.c
 
Building file: ../src/USART_Config.c
Invoking: GNU Arm Cross C Compiler
arm-none-eabi-gcc -mcpu=cortex-m4 -mthumb -mfloat-abi=soft -Og -fmessage-length=0 -fsigned-char -ffunction-sections -fdata-sections -ffreestanding -fno-move-loop-invariants -Wall -Wextra  -g3 -DDEBUG -DUSE_FULL_ASSERT -DTRACE -DOS_USE_TRACE_SEMIHOSTING_DEBUG -DSTM32F401xC -DUSE_HAL_DRIVER -DHSE_VALUE=25000000 -I"../include" -I"../system/include" -I"../system/include/cmsis" -I"../system/include/stm32f4-hal" -std=gnu11 -MMD -MP -MF"src/USART_Config.d" -MT"src/USART_Config.o" -c -o "src/USART_Config.o" "../src/USART_Config.c"
Finished building: ../src/USART_Config.c
 
Building target: 08-USART.elf
Invoking: GNU Arm Cross C++ Linker
arm-none-eabi-g++ -mcpu=cortex-m4 -mthumb -mfloat-abi=soft -Og -fmessage-length=0 -fsigned-char -ffunction-sections -fdata-sections -ffreestanding -fno-move-loop-invariants -Wall -Wextra  -g3 -T mem.ld -T libs.ld -T sections.ld -nostartfiles -Xlinker --gc-sections -L"../ldscripts" -Wl,-Map,"08-USART.map" --specs=nano.specs -o "08-USART.elf"  ./system/src/newlib/_cxx.o ./system/src/newlib/_exit.o ./system/src/newlib/_sbrk.o ./system/src/newlib/_startup.o ./system/src/newlib/_syscalls.o ./system/src/newlib/assert.o  ./system/src/diag/Trace.o ./system/src/diag/trace_impl.o  ./system/src/cortexm/_initialize_hardware.o ./system/src/cortexm/_reset_hardware.o ./system/src/cortexm/exception_handlers.o  ./system/src/cmsis/system_stm32f4xx.o ./system/src/cmsis/vectors_stm32f401xc.o  ./src/GPIO.o ./src/NVIC.o ./src/RCC_Driv.o ./src/USART.o ./src/USART_Config.o ./src/main.o   
Finished building target: 08-USART.elf
 
Invoking: GNU Arm Cross Create Flash Image
arm-none-eabi-objcopy -O ihex "08-USART.elf"  "08-USART.hex"
Finished building: 08-USART.hex
 
Invoking: GNU Arm Cross Print Size
arm-none-eabi-size --format=berkeley "08-USART.elf"
   text	   data	    bss	    dec	    hex	filename
   4523	    160	    412	   5095	   13e7	08-USART.elf
Finished building: 08-USART.siz
 
08:53:09 **** Incremental Build of configuration Debug for project 08-USART ****
make all 
Building file: ../src/USART.c
Invoking: GNU Arm Cross C Compiler
arm-none-eabi-gcc -mcpu=cortex-m4 -mthumb -mfloat-abi=soft -Og -fmessage-length=0 -fsigned-char -ffunction-sections -fdata-sections -ffreestanding -fno-move-loop-invariants -Wall -Wextra  -g3 -DDEBUG -DUSE_FULL_ASSERT -DTRACE -DOS_USE_TRACE_SEMIHOSTING_DEBUG -DSTM32F401xC -DUSE_HAL_DRIVER -DHSE_VALUE=25000000 -I"../include" -I"../system/include" -I"../system/include/cmsis" -I"../system/include/stm32f4-hal" -std=gnu11 -MMD -MP -MF"src/USART.d" -MT"src/USART.o" -c -o "src/USART.o" "../src/USART.c"
../src/USART.c:36:16: warning: braces around scalar initializer
   /* USART1 */ [USART_enuUSART1] = {0x40011400},
                ^
../src/USART.c:36:16: note: (near initialization for 'USART[0]')
../src/USART.c:36:37: warning: initialization makes pointer from integer without a cast [-Wint-conversion]
   /* USART1 */ [USART_enuUSART1] = {0x40011400},
                                     ^
../src/USART.c:36:37: note: (near initialization for 'USART[0]')
../src/USART.c:37:16: warning: braces around scalar initializer
   /* USART2 */ [USART_enuUSART2] = {0x40011000},
                ^
../src/USART.c:37:16: note: (near initialization for 'USART[1]')
../src/USART.c:37:37: warning: initialization makes pointer from integer without a cast [-Wint-conversion]
   /* USART2 */ [USART_enuUSART2] = {0x40011000},
                                     ^
../src/USART.c:37:37: note: (near initialization for 'USART[1]')
../src/USART.c:38:16: warning: braces around scalar initializer
   /* USART6 */ [USART_enuUSART6] = {0x40004400},
                ^
../src/USART.c:38:16: note: (near initialization for 'USART[2]')
../src/USART.c:38:37: warning: initialization makes pointer from integer without a cast [-Wint-conversion]
   /* USART6 */ [USART_enuUSART6] = {0x40004400},
                                     ^
../src/USART.c:38:37: note: (near initialization for 'USART[2]')
In file included from ../src/USART.c:10:0:
../src/USART.c: In function 'USART_voidHandler':
../src/USART_Interface.h:254:34: error: 'USART_SR' undeclared (first use in this function)
 #define     USART_SR_TC_GET    ((USART_SR >> USART_enuTC) &1)
                                  ^
../src/USART.c:143:6: note: in expansion of macro 'USART_SR_TC_GET'
  if (USART_SR_TC_GET)
      ^
../src/USART_Interface.h:254:34: note: each undeclared identifier is reported only once for each function it appears in
 #define     USART_SR_TC_GET    ((USART_SR >> USART_enuTC) &1)
                                  ^
../src/USART.c:143:6: note: in expansion of macro 'USART_SR_TC_GET'
  if (USART_SR_TC_GET)
      ^
../src/USART.c:140:50: warning: unused parameter 'USART_Channel' [-Wunused-parameter]
 static void USART_voidHandler (USART_enuChannels USART_Channel)
                                                  ^
../src/USART.c: In function 'USART_enuInit':
../src/USART.c:152:63: warning: unused parameter 'USART_Configurations' [-Wunused-parameter]
 USART_tenuErrorStatus USART_enuInit(const USART_tstrConfig_t *USART_Configurations)
                                                               ^
../src/USART.c: In function 'USART_enuSendAsynchZeroCpy':
../src/USART.c:163:69: warning: unused parameter 'USART_Channel' [-Wunused-parameter]
 USART_tenuErrorStatus USART_enuSendAsynchZeroCpy (USART_enuChannels USART_Channel, u8 * Data_Buffer, u32 Data_Size , Callback_t Cpy_Cbf)
                                                                     ^
../src/USART.c:163:89: warning: unused parameter 'Data_Buffer' [-Wunused-parameter]
 USART_tenuErrorStatus USART_enuSendAsynchZeroCpy (USART_enuChannels USART_Channel, u8 * Data_Buffer, u32 Data_Size , Callback_t Cpy_Cbf)
                                                                                         ^
../src/USART.c:163:106: warning: unused parameter 'Data_Size' [-Wunused-parameter]
 USART_tenuErrorStatus USART_enuSendAsynchZeroCpy (USART_enuChannels USART_Channel, u8 * Data_Buffer, u32 Data_Size , Callback_t Cpy_Cbf)
                                                                                                          ^
../src/USART.c:163:129: warning: unused parameter 'Cpy_Cbf' [-Wunused-parameter]
 USART_tenuErrorStatus USART_enuSendAsynchZeroCpy (USART_enuChannels USART_Channel, u8 * Data_Buffer, u32 Data_Size , Callback_t Cpy_Cbf)
                                                                                                                                 ^
../src/USART.c: In function 'USART_enuReceiveAsynchZeroCpy':
../src/USART.c:172:72: warning: unused parameter 'USART_Channel' [-Wunused-parameter]
 USART_tenuErrorStatus USART_enuReceiveAsynchZeroCpy (USART_enuChannels USART_Channel, u8 * Received_Buffer, u32 Data_Size , Callback_t Cpy_Cbf)
                                                                        ^
../src/USART.c:172:92: warning: unused parameter 'Received_Buffer' [-Wunused-parameter]
 USART_tenuErrorStatus USART_enuReceiveAsynchZeroCpy (USART_enuChannels USART_Channel, u8 * Received_Buffer, u32 Data_Size , Callback_t Cpy_Cbf)
                                                                                            ^
../src/USART.c:172:113: warning: unused parameter 'Data_Size' [-Wunused-parameter]
 USART_tenuErrorStatus USART_enuReceiveAsynchZeroCpy (USART_enuChannels USART_Channel, u8 * Received_Buffer, u32 Data_Size , Callback_t Cpy_Cbf)
                                                                                                                 ^
../src/USART.c:172:136: warning: unused parameter 'Cpy_Cbf' [-Wunused-parameter]
 USART_tenuErrorStatus USART_enuReceiveAsynchZeroCpy (USART_enuChannels USART_Channel, u8 * Received_Buffer, u32 Data_Size , Callback_t Cpy_Cbf)
                                                                                                                                        ^
../src/USART.c: At top level:
../src/USART.c:43:11: warning: 'TX_State' defined but not used [-Wunused-variable]
 static u8 TX_State[3] = {NOT_INIT,NOT_INIT,NOT_INIT};
           ^
../src/USART.c:45:12: warning: 'TX_Buffer' defined but not used [-Wunused-variable]
 static u8 *TX_Buffer[3] = {NULL_PTR,NULL_PTR,NULL_PTR};
            ^
../src/USART.c:47:12: warning: 'TX_Size' defined but not used [-Wunused-variable]
 static u32 TX_Size[3] = {0,0,0};
            ^
../src/USART.c:49:12: warning: 'TX_Index' defined but not used [-Wunused-variable]
 static u32 TX_Index[3] = {0,0,0};
            ^
../src/USART.c:52:19: warning: 'TX_Cbf' defined but not used [-Wunused-variable]
 static Callback_t TX_Cbf[3] = {NULL_PTR,NULL_PTR,NULL_PTR};
                   ^
../src/USART.c:56:11: warning: 'RX_State' defined but not used [-Wunused-variable]
 static u8 RX_State[3] = {NOT_INIT,NOT_INIT,NOT_INIT};
           ^
../src/USART.c:58:12: warning: 'RX_Buffer' defined but not used [-Wunused-variable]
 static u8 *RX_Buffer[3] = {NULL_PTR,NULL_PTR,NULL_PTR};
            ^
../src/USART.c:60:12: warning: 'RX_Size' defined but not used [-Wunused-variable]
 static u32 RX_Size[3] = {0,0,0};
            ^
../src/USART.c:62:12: warning: 'RX_Index' defined but not used [-Wunused-variable]
 static u32 RX_Index[3] = {0,0,0};
            ^
../src/USART.c:65:19: warning: 'RX_Cbf' defined but not used [-Wunused-variable]
 static Callback_t RX_Cbf[3] = {NULL_PTR,NULL_PTR,NULL_PTR};
                   ^
../src/USART.c:75:13: warning: 'USART_voidBaudRate_USART_Calculation' defined but not used [-Wunused-function]
 static void USART_voidBaudRate_USART_Calculation (void)
             ^
../src/USART.c:140:13: warning: 'USART_voidHandler' defined but not used [-Wunused-function]
 static void USART_voidHandler (USART_enuChannels USART_Channel)
             ^
../src/USART.c: In function 'USART_u8GetCurrentStatus':
../src/USART.c:184:1: warning: control reaches end of non-void function [-Wreturn-type]
 }
 ^
make: *** [src/subdir.mk:35: src/USART.o] Error 1
08:55:10 **** Incremental Build of configuration Debug for project 08-USART ****
make all 
Building file: ../src/USART.c
Invoking: GNU Arm Cross C Compiler
arm-none-eabi-gcc -mcpu=cortex-m4 -mthumb -mfloat-abi=soft -Og -fmessage-length=0 -fsigned-char -ffunction-sections -fdata-sections -ffreestanding -fno-move-loop-invariants -Wall -Wextra  -g3 -DDEBUG -DUSE_FULL_ASSERT -DTRACE -DOS_USE_TRACE_SEMIHOSTING_DEBUG -DSTM32F401xC -DUSE_HAL_DRIVER -DHSE_VALUE=25000000 -I"../include" -I"../system/include" -I"../system/include/cmsis" -I"../system/include/stm32f4-hal" -std=gnu11 -MMD -MP -MF"src/USART.d" -MT"src/USART.o" -c -o "src/USART.o" "../src/USART.c"
../src/USART.c:26:16: warning: braces around scalar initializer
   /* USART1 */ [USART_enuUSART1] = {0x40011400},
                ^
../src/USART.c:26:16: note: (near initialization for 'USART[0]')
../src/USART.c:26:37: warning: initialization makes pointer from integer without a cast [-Wint-conversion]
   /* USART1 */ [USART_enuUSART1] = {0x40011400},
                                     ^
../src/USART.c:26:37: note: (near initialization for 'USART[0]')
../src/USART.c:27:16: warning: braces around scalar initializer
   /* USART2 */ [USART_enuUSART2] = {0x40011000},
                ^
[...]
Invoking: GNU Arm Cross Print Size
arm-none-eabi-size --format=berkeley "UART_Karim.elf"
   text	   data	    bss	    dec	    hex	filename
   8127	    216	    520	   8863	   229f	UART_Karim.elf
Finished building: UART_Karim.siz
 
00:44:47 **** Incremental Build of configuration Debug for project 08-USART ****
make all 
Building file: ../src/USART.c
Invoking: GNU Arm Cross C Compiler
arm-none-eabi-gcc -mcpu=cortex-m4 -mthumb -mfloat-abi=soft -Og -fmessage-length=0 -fsigned-char -ffunction-sections -fdata-sections -ffreestanding -fno-move-loop-invariants -Wall -Wextra  -g3 -DDEBUG -DUSE_FULL_ASSERT -DTRACE -DOS_USE_TRACE_SEMIHOSTING_DEBUG -DSTM32F401xC -DUSE_HAL_DRIVER -DHSE_VALUE=25000000 -I"../include" -I"../system/include" -I"../system/include/cmsis" -I"../system/include/stm32f4-hal" -std=gnu11 -MMD -MP -MF"src/USART.d" -MT"src/USART.o" -c -o "src/USART.o" "../src/USART.c"
../src/USART.c:29:27: warning: initialization discards 'volatile' qualifier from pointer target type [-Wdiscarded-qualifiers]
   /* USART1 */ [USART1] = ((volatile USART_tstr_Registers_t* ) 0x40011000),
                           ^
../src/USART.c:30:27: warning: initialization discards 'volatile' qualifier from pointer target type [-Wdiscarded-qualifiers]
   /* USART2 */ [USART2] = ((volatile USART_tstr_Registers_t* ) 0x40004400),
                           ^
../src/USART.c:31:27: warning: initialization discards 'volatile' qualifier from pointer target type [-Wdiscarded-qualifiers]
   /* USART6 */ [USART6] = ((volatile USART_tstr_Registers_t* ) 0x40114000),
                           ^
../src/USART.c: In function 'USART_enuInit':
../src/USART.c:267:17: error: request for member 'USART_Channel' in something not a structure or union
  USART[USART_Cfg.USART_Channel]->USART_CR1 = LocalBuffer;
                 ^
../src/USART.c:270:31: error: request for member 'USART_Channel' in something not a structure or union
  LocalBuffer = USART[USART_Cfg.USART_Channel]->USART_CR2;
                               ^
../src/USART.c:272:15: error: request for member 'USART_StopBits' in something not a structure or union
  if (USART_Cfg.USART_StopBits == USART_enuStopBits_1)
               ^
../src/USART.c:276:20: error: request for member 'USART_StopBits' in something not a structure or union
  else if (USART_Cfg.USART_StopBits == USART_enuStopBits_2)
                    ^
../src/USART.c:280:20: error: request for member 'USART_StopBits' in something not a structure or union
  else if (USART_Cfg.USART_StopBits == USART_enuStopBits_1_5)
                    ^
../src/USART.c:284:20: error: request for member 'USART_StopBits' in something not a structure or union
  else if (USART_Cfg.USART_StopBits == USART_enuStopBits_0_5)
                    ^
../src/USART.c:288:17: error: request for member 'USART_Channel' in something not a structure or union
  USART[USART_Cfg.USART_Channel]->USART_CR2 = LocalBuffer;
                 ^
../src/USART.c:294:17: error: request for member 'USART_Channel' in something not a structure or union
  USART[USART_Cfg.USART_Channel]->USART_CR1 |= USART_CR1_EN;
                 ^
../src/USART.c:297:17: error: request for member 'USART_Channel' in something not a structure or union
  USART[USART_Cfg.USART_Channel]->USART_CR1 |= USART_CR1_TXEIE_EN;
                 ^
../src/USART.c:298:17: error: request for member 'USART_Channel' in something not a structure or union
  USART[USART_Cfg.USART_Channel]->USART_CR1 |= USART_CR1_RXNEIE_EN;
                 ^
../src/USART.c:305:20: error: request for member 'USART_Channel' in something not a structure or union
  TX_State[USART_Cfg.USART_Channel] = IDLE;
                    ^
../src/USART.c:306:20: error: request for member 'USART_Channel' in something not a structure or union
  RX_State[USART_Cfg.USART_Channel] = IDLE;
                    ^
../src/USART.c:309:17: error: request for member 'USART_Channel' in something not a structure or union
  USART[USART_Cfg.USART_Channel]->USART_SR =0;
                 ^
../src/USART.c:201:58: warning: unused parameter 'USART_Config' [-Wunused-parameter]
 USART_tenuErrorStatus USART_enuInit(USART_tstrConfig_t * USART_Config)
                                                          ^
make: *** [src/subdir.mk:53: src/USART.o] Error 1
00:44:49 **** Incremental Build of configuration Debug for project UART_Karim ****
make all 
Invoking: GNU Arm Cross Print Size
arm-none-eabi-size --format=berkeley "UART_Karim.elf"
   text	   data	    bss	    dec	    hex	filename
   8127	    216	    520	   8863	   229f	UART_Karim.elf
Finished building: UART_Karim.siz
 
00:45:25 **** Incremental Build of configuration Debug for project 08-USART ****
make all 
Building file: ../src/USART.c
Invoking: GNU Arm Cross C Compiler
arm-none-eabi-gcc -mcpu=cortex-m4 -mthumb -mfloat-abi=soft -Og -fmessage-length=0 -fsigned-char -ffunction-sections -fdata-sections -ffreestanding -fno-move-loop-invariants -Wall -Wextra  -g3 -DDEBUG -DUSE_FULL_ASSERT -DTRACE -DOS_USE_TRACE_SEMIHOSTING_DEBUG -DSTM32F401xC -DUSE_HAL_DRIVER -DHSE_VALUE=25000000 -I"../include" -I"../system/include" -I"../system/include/cmsis" -I"../system/include/stm32f4-hal" -std=gnu11 -MMD -MP -MF"src/USART.d" -MT"src/USART.o" -c -o "src/USART.o" "../src/USART.c"
../src/USART.c:29:27: warning: initialization discards 'volatile' qualifier from pointer target type [-Wdiscarded-qualifiers]
   /* USART1 */ [USART1] = ((volatile USART_tstr_Registers_t* ) 0x40011000),
                           ^
../src/USART.c:30:27: warning: initialization discards 'volatile' qualifier from pointer target type [-Wdiscarded-qualifiers]
   /* USART2 */ [USART2] = ((volatile USART_tstr_Registers_t* ) 0x40004400),
                           ^
../src/USART.c:31:27: warning: initialization discards 'volatile' qualifier from pointer target type [-Wdiscarded-qualifiers]
   /* USART6 */ [USART6] = ((volatile USART_tstr_Registers_t* ) 0x40114000),
                           ^
../src/USART.c: In function 'USART_enuInit':
../src/USART.c:267:17: error: request for member 'USART_Channel' in something not a structure or union
  USART[USART_Cfg.USART_Channel]->USART_CR1 = LocalBuffer;
                 ^
../src/USART.c:294:17: error: request for member 'USART_Channel' in something not a structure or union
  USART[USART_Cfg.USART_Channel]->USART_CR1 |= USART_CR1_EN;
                 ^
../src/USART.c:297:17: error: request for member 'USART_Channel' in something not a structure or union
  USART[USART_Cfg.USART_Channel]->USART_CR1 |= USART_CR1_TXEIE_EN;
                 ^
../src/USART.c:298:17: error: request for member 'USART_Channel' in something not a structure or union
  USART[USART_Cfg.USART_Channel]->USART_CR1 |= USART_CR1_RXNEIE_EN;
                 ^
../src/USART.c:305:20: error: request for member 'USART_Channel' in something not a structure or union
  TX_State[USART_Cfg.USART_Channel] = IDLE;
                    ^
../src/USART.c:306:20: error: request for member 'USART_Channel' in something not a structure or union
  RX_State[USART_Cfg.USART_Channel] = IDLE;
                    ^
../src/USART.c:309:17: error: request for member 'USART_Channel' in something not a structure or union
  USART[USART_Cfg.USART_Channel]->USART_SR =0;
                 ^
../src/USART.c:201:58: warning: unused parameter 'USART_Config' [-Wunused-parameter]
 USART_tenuErrorStatus USART_enuInit(USART_tstrConfig_t * USART_Config)
                                                          ^
make: *** [src/subdir.mk:53: src/USART.o] Error 1
00:45:26 **** Incremental Build of configuration Debug for project UART_Karim ****
make all 
Invoking: GNU Arm Cross Print Size
arm-none-eabi-size --format=berkeley "UART_Karim.elf"
   text	   data	    bss	    dec	    hex	filename
   8127	    216	    520	   8863	   229f	UART_Karim.elf
Finished building: UART_Karim.siz
 
00:45:53 **** Incremental Build of configuration Debug for project 08-USART ****
make all 
Building file: ../src/USART.c
Invoking: GNU Arm Cross C Compiler
arm-none-eabi-gcc -mcpu=cortex-m4 -mthumb -mfloat-abi=soft -Og -fmessage-length=0 -fsigned-char -ffunction-sections -fdata-sections -ffreestanding -fno-move-loop-invariants -Wall -Wextra  -g3 -DDEBUG -DUSE_FULL_ASSERT -DTRACE -DOS_USE_TRACE_SEMIHOSTING_DEBUG -DSTM32F401xC -DUSE_HAL_DRIVER -DHSE_VALUE=25000000 -I"../include" -I"../system/include" -I"../system/include/cmsis" -I"../system/include/stm32f4-hal" -std=gnu11 -MMD -MP -MF"src/USART.d" -MT"src/USART.o" -c -o "src/USART.o" "../src/USART.c"
../src/USART.c:29:27: warning: initialization discards 'volatile' qualifier from pointer target type [-Wdiscarded-qualifiers]
   /* USART1 */ [USART1] = ((volatile USART_tstr_Registers_t* ) 0x40011000),
                           ^
../src/USART.c:30:27: warning: initialization discards 'volatile' qualifier from pointer target type [-Wdiscarded-qualifiers]
   /* USART2 */ [USART2] = ((volatile USART_tstr_Registers_t* ) 0x40004400),
                           ^
../src/USART.c:31:27: warning: initialization discards 'volatile' qualifier from pointer target type [-Wdiscarded-qualifiers]
   /* USART6 */ [USART6] = ((volatile USART_tstr_Registers_t* ) 0x40114000),
                           ^
../src/USART.c: In function 'USART_enuInit':
../src/USART.c:201:58: warning: unused parameter 'USART_Config' [-Wunused-parameter]
 USART_tenuErrorStatus USART_enuInit(USART_tstrConfig_t * USART_Config)
                                                          ^
Finished building: ../src/USART.c
 
Building file: ../src/USART_Config.c
Invoking: GNU Arm Cross C Compiler
arm-none-eabi-gcc -mcpu=cortex-m4 -mthumb -mfloat-abi=soft -Og -fmessage-length=0 -fsigned-char -ffunction-sections -fdata-sections -ffreestanding -fno-move-loop-invariants -Wall -Wextra  -g3 -DDEBUG -DUSE_FULL_ASSERT -DTRACE -DOS_USE_TRACE_SEMIHOSTING_DEBUG -DSTM32F401xC -DUSE_HAL_DRIVER -DHSE_VALUE=25000000 -I"../include" -I"../system/include" -I"../system/include/cmsis" -I"../system/include/stm32f4-hal" -std=gnu11 -MMD -MP -MF"src/USART_Config.d" -MT"src/USART_Config.o" -c -o "src/USART_Config.o" "../src/USART_Config.c"
Finished building: ../src/USART_Config.c
 
Building file: ../src/USART_Task.c
Invoking: GNU Arm Cross C Compiler
arm-none-eabi-gcc -mcpu=cortex-m4 -mthumb -mfloat-abi=soft -Og -fmessage-length=0 -fsigned-char -ffunction-sections -fdata-sections -ffreestanding -fno-move-loop-invariants -Wall -Wextra  -g3 -DDEBUG -DUSE_FULL_ASSERT -DTRACE -DOS_USE_TRACE_SEMIHOSTING_DEBUG -DSTM32F401xC -DUSE_HAL_DRIVER -DHSE_VALUE=25000000 -I"../include" -I"../system/include" -I"../system/include/cmsis" -I"../system/include/stm32f4-hal" -std=gnu11 -MMD -MP -MF"src/USART_Task.d" -MT"src/USART_Task.o" -c -o "src/USART_Task.o" "../src/USART_Task.c"
Finished building: ../src/USART_Task.c
 
Building file: ../src/main.c
Invoking: GNU Arm Cross C Compiler
arm-none-eabi-gcc -mcpu=cortex-m4 -mthumb -mfloat-abi=soft -Og -fmessage-length=0 -fsigned-char -ffunction-sections -fdata-sections -ffreestanding -fno-move-loop-invariants -Wall -Wextra  -g3 -DDEBUG -DUSE_FULL_ASSERT -DTRACE -DOS_USE_TRACE_SEMIHOSTING_DEBUG -DSTM32F401xC -DUSE_HAL_DRIVER -DHSE_VALUE=25000000 -I"../include" -I"../system/include" -I"../system/include/cmsis" -I"../system/include/stm32f4-hal" -std=gnu11 -MMD -MP -MF"src/main.d" -MT"src/main.o" -c -o "src/main.o" "../src/main.c"
../src/main.c: In function 'main':
../src/main.c:42:2: error: too few arguments to function 'USART_enuInit'
  USART_enuInit();
  ^
In file included from ../src/main.c:6:0:
../src/USART_Interface.h:665:23: note: declared here
 USART_tenuErrorStatus USART_enuInit(USART_tstrConfig_t * USART_Config);
                       ^
../src/main.c:44:2: warning: implicit declaration of function 'Sched_enuInit' [-Wimplicit-function-declaration]
  Sched_enuInit();
  ^
../src/main.c:45:2: warning: implicit declaration of function 'Sched_enuStart' [-Wimplicit-function-declaration]
  Sched_enuStart();
  ^
make: *** [src/subdir.mk:53: src/main.o] Error 1
00:45:57 **** Incremental Build of configuration Debug for project UART_Karim ****
make all 
Invoking: GNU Arm Cross Print Size
arm-none-eabi-size --format=berkeley "UART_Karim.elf"
   text	   data	    bss	    dec	    hex	filename
   8127	    216	    520	   8863	   229f	UART_Karim.elf
Finished building: UART_Karim.siz
 
00:47:13 **** Incremental Build of configuration Debug for project 08-USART ****
make all 
Building file: ../src/USART.c
Invoking: GNU Arm Cross C Compiler
arm-none-eabi-gcc -mcpu=cortex-m4 -mthumb -mfloat-abi=soft -Og -fmessage-length=0 -fsigned-char -ffunction-sections -fdata-sections -ffreestanding -fno-move-loop-invariants -Wall -Wextra  -g3 -DDEBUG -DUSE_FULL_ASSERT -DTRACE -DOS_USE_TRACE_SEMIHOSTING_DEBUG -DSTM32F401xC -DUSE_HAL_DRIVER -DHSE_VALUE=25000000 -I"../include" -I"../system/include" -I"../system/include/cmsis" -I"../system/include/stm32f4-hal" -std=gnu11 -MMD -MP -MF"src/USART.d" -MT"src/USART.o" -c -o "src/USART.o" "../src/USART.c"
../src/USART.c:29:27: warning: initialization discards 'volatile' qualifier from pointer target type [-Wdiscarded-qualifiers]
   /* USART1 */ [USART1] = ((volatile USART_tstr_Registers_t* ) 0x40011000),
                           ^
../src/USART.c:30:27: warning: initialization discards 'volatile' qualifier from pointer target type [-Wdiscarded-qualifiers]
   /* USART2 */ [USART2] = ((volatile USART_tstr_Registers_t* ) 0x40004400),
                           ^
../src/USART.c:31:27: warning: initialization discards 'volatile' qualifier from pointer target type [-Wdiscarded-qualifiers]
   /* USART6 */ [USART6] = ((volatile USART_tstr_Registers_t* ) 0x40114000),
                           ^
Finished building: ../src/USART.c
 
Building file: ../src/USART_Config.c
Invoking: GNU Arm Cross C Compiler
arm-none-eabi-gcc -mcpu=cortex-m4 -mthumb -mfloat-abi=soft -Og -fmessage-length=0 -fsigned-char -ffunction-sections -fdata-sections -ffreestanding -fno-move-loop-invariants -Wall -Wextra  -g3 -DDEBUG -DUSE_FULL_ASSERT -DTRACE -DOS_USE_TRACE_SEMIHOSTING_DEBUG -DSTM32F401xC -DUSE_HAL_DRIVER -DHSE_VALUE=25000000 -I"../include" -I"../system/include" -I"../system/include/cmsis" -I"../system/include/stm32f4-hal" -std=gnu11 -MMD -MP -MF"src/USART_Config.d" -MT"src/USART_Config.o" -c -o "src/USART_Config.o" "../src/USART_Config.c"
../src/USART_Config.c:52:1: error: expected identifier or '(' before '}' token
 };
 ^
make: *** [src/subdir.mk:53: src/USART_Config.o] Error 1
00:47:14 **** Incremental Build of configuration Debug for project UART_Karim ****
make all 
Invoking: GNU Arm Cross Print Size
arm-none-eabi-size --format=berkeley "UART_Karim.elf"
   text	   data	    bss	    dec	    hex	filename
   8127	    216	    520	   8863	   229f	UART_Karim.elf
Finished building: UART_Karim.siz
 
00:48:27 **** Incremental Build of configuration Debug for project 08-USART ****
make all 
Building file: ../src/USART_Config.c
Invoking: GNU Arm Cross C Compiler
arm-none-eabi-gcc -mcpu=cortex-m4 -mthumb -mfloat-abi=soft -Og -fmessage-length=0 -fsigned-char -ffunction-sections -fdata-sections -ffreestanding -fno-move-loop-invariants -Wall -Wextra  -g3 -DDEBUG -DUSE_FULL_ASSERT -DTRACE -DOS_USE_TRACE_SEMIHOSTING_DEBUG -DSTM32F401xC -DUSE_HAL_DRIVER -DHSE_VALUE=25000000 -I"../include" -I"../system/include" -I"../system/include/cmsis" -I"../system/include/stm32f4-hal" -std=gnu11 -MMD -MP -MF"src/USART_Config.d" -MT"src/USART_Config.o" -c -o "src/USART_Config.o" "../src/USART_Config.c"
../src/USART_Config.c:52:1: error: expected identifier or '(' before '}' token
 };
 ^
make: *** [src/subdir.mk:53: src/USART_Config.o] Error 1
00:48:28 **** Incremental Build of configuration Debug for project UART_Karim ****
make all 
Building file: ../src/UART.c
Invoking: GNU Arm Cross C Compiler
arm-none-eabi-gcc -mcpu=cortex-m4 -mthumb -mfloat-abi=soft -Og -fmessage-length=0 -fsigned-char -ffunction-sections -fdata-sections -ffreestanding -fno-move-loop-invariants -Wall -Wextra  -g3 -DDEBUG -DUSE_FULL_ASSERT -DTRACE -DOS_USE_TRACE_SEMIHOSTING_DEBUG -DSTM32F401xC -DUSE_HAL_DRIVER -DHSE_VALUE=25000000 -I"../include" -I"../system/include" -I"../system/include/cmsis" -I"../system/include/stm32f4-hal" -std=gnu11 -MMD -MP -MF"src/UART.d" -MT"src/UART.o" -c -o "src/UART.o" "../src/UART.c"
Finished building: ../src/UART.c
 
Building target: UART_Karim.elf
Invoking: GNU Arm Cross C++ Linker
arm-none-eabi-g++ -mcpu=cortex-m4 -mthumb -mfloat-abi=soft -Og -fmessage-length=0 -fsigned-char -ffunction-sections -fdata-sections -ffreestanding -fno-move-loop-invariants -Wall -Wextra  -g3 -T mem.ld -T libs.ld -T sections.ld -nostartfiles -Xlinker --gc-sections -L"../ldscripts" -Wl,-Map,"UART_Karim.map" --specs=nano.specs -o "UART_Karim.elf"  ./system/src/newlib/_cxx.o ./system/src/newlib/_exit.o ./system/src/newlib/_sbrk.o ./system/src/newlib/_startup.o ./system/src/newlib/_syscalls.o ./system/src/newlib/assert.o  ./system/src/diag/Trace.o ./system/src/diag/trace_impl.o  ./system/src/cortexm/_initialize_hardware.o ./system/src/cortexm/_reset_hardware.o ./system/src/cortexm/exception_handlers.o  ./system/src/cmsis/system_stm32f4xx.o ./system/src/cmsis/vectors_stm32f401xc.o  ./src/APP1.o ./src/APP2.o ./src/APP3.o ./src/GPIO.o ./src/LED.o ./src/LED_Cfg.o ./src/NVIC.o ./src/RCC.o ./src/SYSTICK.o ./src/UART.o ./src/UART_Cfg.o ./src/main.o ./src/scheduler.o ./src/scheduler_Cfg.o   
Finished building target: UART_Karim.elf
 
Invoking: GNU Arm Cross Create Flash Image
arm-none-eabi-objcopy -O ihex "UART_Karim.elf"  "UART_Karim.hex"
Finished building: UART_Karim.hex
 
Invoking: GNU Arm Cross Print Size
arm-none-eabi-size --format=berkeley "UART_Karim.elf"
   text	   data	    bss	    dec	    hex	filename
   8127	    216	    520	   8863	   229f	UART_Karim.elf
Finished building: UART_Karim.siz
 
01:33:14 **** Incremental Build of configuration Debug for project 08-USART ****
make all 
Building file: ../src/USART_Config.c
Invoking: GNU Arm Cross C Compiler
arm-none-eabi-gcc -mcpu=cortex-m4 -mthumb -mfloat-abi=soft -Og -fmessage-length=0 -fsigned-char -ffunction-sections -fdata-sections -ffreestanding -fno-move-loop-invariants -Wall -Wextra  -g3 -DDEBUG -DUSE_FULL_ASSERT -DTRACE -DOS_USE_TRACE_SEMIHOSTING_DEBUG -DSTM32F401xC -DUSE_HAL_DRIVER -DHSE_VALUE=25000000 -I"../include" -I"../system/include" -I"../system/include/cmsis" -I"../system/include/stm32f4-hal" -std=gnu11 -MMD -MP -MF"src/USART_Config.d" -MT"src/USART_Config.o" -c -o "src/USART_Config.o" "../src/USART_Config.c"
Finished building: ../src/USART_Config.c
 
Building file: ../src/main.c
Invoking: GNU Arm Cross C Compiler
arm-none-eabi-gcc -mcpu=cortex-m4 -mthumb -mfloat-abi=soft -Og -fmessage-length=0 -fsigned-char -ffunction-sections -fdata-sections -ffreestanding -fno-move-loop-invariants -Wall -Wextra  -g3 -DDEBUG -DUSE_FULL_ASSERT -DTRACE -DOS_USE_TRACE_SEMIHOSTING_DEBUG -DSTM32F401xC -DUSE_HAL_DRIVER -DHSE_VALUE=25000000 -I"../include" -I"../system/include" -I"../system/include/cmsis" -I"../system/include/stm32f4-hal" -std=gnu11 -MMD -MP -MF"src/main.d" -MT"src/main.o" -c -o "src/main.o" "../src/main.c"
../src/main.c: In function 'main':
../src/main.c:42:2: error: too few arguments to function 'USART_enuInit'
  USART_enuInit();
  ^
In file included from ../src/main.c:6:0:
../src/USART_Interface.h:665:23: note: declared here
 USART_tenuErrorStatus USART_enuInit(USART_tstrConfig_t * USART_Config);
                       ^
../src/main.c:44:2: warning: implicit declaration of function 'Sched_enuInit' [-Wimplicit-function-declaration]
  Sched_enuInit();
  ^
../src/main.c:45:2: warning: implicit declaration of function 'Sched_enuStart' [-Wimplicit-function-declaration]
  Sched_enuStart();
  ^
make: *** [src/subdir.mk:53: src/main.o] Error 1
01:33:16 **** Incremental Build of configuration Debug for project UART_Karim ****
make all 
Invoking: GNU Arm Cross Print Size
arm-none-eabi-size --format=berkeley "UART_Karim.elf"
   text	   data	    bss	    dec	    hex	filename
   8127	    216	    520	   8863	   229f	UART_Karim.elf
Finished building: UART_Karim.siz
 
